
> ar-carpet-game@28.0.0 test
> cross-env NODE_OPTIONS=--experimental-vm-modules jest

node.exe : (node:22168) ExperimentalWarning: VM Modules is an experimental feature and might change at any time
At line:1 char:1
+ & "C:\Program Files\nodejs/node.exe" "C:\Program Files\nodejs/node_mo ...
+ ~~~~~~~~~~~~~~~~~~~~~~~~~~~~~~~~~~~~~~~~~~~~~~~~~~~~~~~~~~~~~~~~~~~~~
    + CategoryInfo          : NotSpecified: ((node:22168) Ex...nge at any time:String) [], RemoteException
    + FullyQualifiedErrorId : NativeCommandError
 
(Use `node --trace-warnings ...` to show where the warning was created)
(node:1824) ExperimentalWarning: VM Modules is an experimental feature and might change at any time
(Use `node --trace-warnings ...` to show where the warning was created)
PASS tests/unit/roads/roadNetwork.test.js
(node:24840) ExperimentalWarning: VM Modules is an experimental feature and might change at any time
(Use `node --trace-warnings ...` to show where the warning was created)
(node:43736) ExperimentalWarning: VM Modules is an experimental feature and might change at any time
(Use `node --trace-warnings ...` to show where the warning was created)
PASS tests/unit/cars/Car.test.js
PASS tests/unit/cars/CarModels.test.js
  ΓùÅ Console

    console.log
      ≡ƒôª ╨ù╨░╨│╤Ç╤â╨╖╨║╨░ ╨╝╨╛╨┤╨╡╨╗╨╡╨╣ ╨╝╨░╤ê╨╕╨╜...

      at CarModels.loadAll (src/cars/CarModels.js:28:13)

    console.log
      Γ£à ╨£╨╛╨┤╨╡╨╗╤î ╨╖╨░╨│╤Ç╤â╨╢╨╡╨╜╨░: Buggy.glb

      at src/cars/CarModels.js:50:19

    console.log
      Γ£à ╨£╨╛╨┤╨╡╨╗╤î ╨╖╨░╨│╤Ç╤â╨╢╨╡╨╜╨░: CesiumMilkTruck.glb

      at src/cars/CarModels.js:50:19

    console.log
      Γ£à ╨£╨╛╨┤╨╡╨╗╤î ╨╖╨░╨│╤Ç╤â╨╢╨╡╨╜╨░: Duck.glb

      at src/cars/CarModels.js:50:19

    console.log
      Γ£à ╨ù╨░╨│╤Ç╤â╨╢╨╡╨╜╨╛ 3 ╨╝╨╛╨┤╨╡╨╗╨╡╨╣ ╨╝╨░╤ê╨╕╨╜

      at CarModels.loadAll (src/cars/CarModels.js:38:15)

    console.log
      ≡ƒôª ╨ù╨░╨│╤Ç╤â╨╖╨║╨░ ╨╝╨╛╨┤╨╡╨╗╨╡╨╣ ╨╝╨░╤ê╨╕╨╜...

      at CarModels.loadAll (src/cars/CarModels.js:28:13)

    console.log
      Γ£à ╨£╨╛╨┤╨╡╨╗╤î ╨╖╨░╨│╤Ç╤â╨╢╨╡╨╜╨░: Buggy.glb

      at src/cars/CarModels.js:50:19

    console.log
      Γ£à ╨£╨╛╨┤╨╡╨╗╤î ╨╖╨░╨│╤Ç╤â╨╢╨╡╨╜╨░: CesiumMilkTruck.glb

      at src/cars/CarModels.js:50:19

    console.log
      Γ£à ╨£╨╛╨┤╨╡╨╗╤î ╨╖╨░╨│╤Ç╤â╨╢╨╡╨╜╨░: Duck.glb

      at src/cars/CarModels.js:50:19

    console.log
      Γ£à ╨ù╨░╨│╤Ç╤â╨╢╨╡╨╜╨╛ 3 ╨╝╨╛╨┤╨╡╨╗╨╡╨╣ ╨╝╨░╤ê╨╕╨╜

      at CarModels.loadAll (src/cars/CarModels.js:38:15)

    console.log
      ΓÜá∩╕Å ╨£╨╛╨┤╨╡╨╗╨╕ ╤â╨╢╨╡ ╨╖╨░╨│╤Ç╤â╨╢╨╡╨╜╤ï

      at CarModels.loadAll (src/cars/CarModels.js:24:15)

    console.log
      ≡ƒôª ╨ù╨░╨│╤Ç╤â╨╖╨║╨░ ╨╝╨╛╨┤╨╡╨╗╨╡╨╣ ╨╝╨░╤ê╨╕╨╜...

      at CarModels.loadAll (src/cars/CarModels.js:28:13)

    console.log
      Γ£à ╨£╨╛╨┤╨╡╨╗╤î ╨╖╨░╨│╤Ç╤â╨╢╨╡╨╜╨░: Buggy.glb

      at src/cars/CarModels.js:50:19

    console.log
      Γ£à ╨£╨╛╨┤╨╡╨╗╤î ╨╖╨░╨│╤Ç╤â╨╢╨╡╨╜╨░: CesiumMilkTruck.glb

      at src/cars/CarModels.js:50:19

    console.log
      Γ£à ╨£╨╛╨┤╨╡╨╗╤î ╨╖╨░╨│╤Ç╤â╨╢╨╡╨╜╨░: Duck.glb

      at src/cars/CarModels.js:50:19

    console.log
      Γ£à ╨ù╨░╨│╤Ç╤â╨╢╨╡╨╜╨╛ 3 ╨╝╨╛╨┤╨╡╨╗╨╡╨╣ ╨╝╨░╤ê╨╕╨╜

      at CarModels.loadAll (src/cars/CarModels.js:38:15)

    console.log
      ≡ƒôª ╨ù╨░╨│╤Ç╤â╨╖╨║╨░ ╨╝╨╛╨┤╨╡╨╗╨╡╨╣ ╨╝╨░╤ê╨╕╨╜...

      at CarModels.loadAll (src/cars/CarModels.js:28:13)

    console.log
      Γ£à ╨£╨╛╨┤╨╡╨╗╤î ╨╖╨░╨│╤Ç╤â╨╢╨╡╨╜╨░: Buggy.glb

      at src/cars/CarModels.js:50:19

    console.log
      Γ£à ╨£╨╛╨┤╨╡╨╗╤î ╨╖╨░╨│╤Ç╤â╨╢╨╡╨╜╨░: CesiumMilkTruck.glb

      at src/cars/CarModels.js:50:19

    console.log
      Γ£à ╨ù╨░╨│╤Ç╤â╨╢╨╡╨╜╨╛ 2 ╨╝╨╛╨┤╨╡╨╗╨╡╨╣ ╨╝╨░╤ê╨╕╨╜

      at CarModels.loadAll (src/cars/CarModels.js:38:15)

    console.log
      Γ£à ╨£╨╛╨┤╨╡╨╗╤î ╨╖╨░╨│╤Ç╤â╨╢╨╡╨╜╨░: Buggy.glb

      at src/cars/CarModels.js:50:19

    console.log
      Γ£à ╨£╨╛╨┤╨╡╨╗╤î ╨╖╨░╨│╤Ç╤â╨╢╨╡╨╜╨░: Buggy.glb

      at src/cars/CarModels.js:50:19

    console.log
      ≡ƒôª ╨ù╨░╨│╤Ç╤â╨╖╨║╨░ ╨╝╨╛╨┤╨╡╨╗╨╡╨╣ ╨╝╨░╤ê╨╕╨╜...

      at CarModels.loadAll (src/cars/CarModels.js:28:13)

    console.log
      Γ£à ╨£╨╛╨┤╨╡╨╗╤î ╨╖╨░╨│╤Ç╤â╨╢╨╡╨╜╨░: Buggy.glb

      at src/cars/CarModels.js:50:19

    console.log
      Γ£à ╨£╨╛╨┤╨╡╨╗╤î ╨╖╨░╨│╤Ç╤â╨╢╨╡╨╜╨░: CesiumMilkTruck.glb

      at src/cars/CarModels.js:50:19

    console.log
      Γ£à ╨£╨╛╨┤╨╡╨╗╤î ╨╖╨░╨│╤Ç╤â╨╢╨╡╨╜╨░: Duck.glb

      at src/cars/CarModels.js:50:19

    console.log
      Γ£à ╨ù╨░╨│╤Ç╤â╨╢╨╡╨╜╨╛ 3 ╨╝╨╛╨┤╨╡╨╗╨╡╨╣ ╨╝╨░╤ê╨╕╨╜

      at CarModels.loadAll (src/cars/CarModels.js:38:15)

    console.log
      ≡ƒôª ╨ù╨░╨│╤Ç╤â╨╖╨║╨░ ╨╝╨╛╨┤╨╡╨╗╨╡╨╣ ╨╝╨░╤ê╨╕╨╜...

      at CarModels.loadAll (src/cars/CarModels.js:28:13)

    console.log
      Γ£à ╨£╨╛╨┤╨╡╨╗╤î ╨╖╨░╨│╤Ç╤â╨╢╨╡╨╜╨░: Buggy.glb

      at src/cars/CarModels.js:50:19

    console.log
      Γ£à ╨£╨╛╨┤╨╡╨╗╤î ╨╖╨░╨│╤Ç╤â╨╢╨╡╨╜╨░: CesiumMilkTruck.glb

      at src/cars/CarModels.js:50:19

    console.log
      Γ£à ╨£╨╛╨┤╨╡╨╗╤î ╨╖╨░╨│╤Ç╤â╨╢╨╡╨╜╨░: Duck.glb

      at src/cars/CarModels.js:50:19

    console.log
      Γ£à ╨ù╨░╨│╤Ç╤â╨╢╨╡╨╜╨╛ 3 ╨╝╨╛╨┤╨╡╨╗╨╡╨╣ ╨╝╨░╤ê╨╕╨╜

      at CarModels.loadAll (src/cars/CarModels.js:38:15)

    console.log
      ≡ƒôª ╨ù╨░╨│╤Ç╤â╨╖╨║╨░ ╨╝╨╛╨┤╨╡╨╗╨╡╨╣ ╨╝╨░╤ê╨╕╨╜...

      at CarModels.loadAll (src/cars/CarModels.js:28:13)

    console.log
      Γ£à ╨£╨╛╨┤╨╡╨╗╤î ╨╖╨░╨│╤Ç╤â╨╢╨╡╨╜╨░: Buggy.glb

      at src/cars/CarModels.js:50:19

    console.log
      Γ£à ╨£╨╛╨┤╨╡╨╗╤î ╨╖╨░╨│╤Ç╤â╨╢╨╡╨╜╨░: CesiumMilkTruck.glb

      at src/cars/CarModels.js:50:19

    console.log
      Γ£à ╨£╨╛╨┤╨╡╨╗╤î ╨╖╨░╨│╤Ç╤â╨╢╨╡╨╜╨░: Duck.glb

      at src/cars/CarModels.js:50:19

    console.log
      Γ£à ╨ù╨░╨│╤Ç╤â╨╢╨╡╨╜╨╛ 3 ╨╝╨╛╨┤╨╡╨╗╨╡╨╣ ╨╝╨░╤ê╨╕╨╜

      at CarModels.loadAll (src/cars/CarModels.js:38:15)

    console.log
      ≡ƒôª ╨ù╨░╨│╤Ç╤â╨╖╨║╨░ ╨╝╨╛╨┤╨╡╨╗╨╡╨╣ ╨╝╨░╤ê╨╕╨╜...

      at CarModels.loadAll (src/cars/CarModels.js:28:13)

    console.log
      Γ£à ╨£╨╛╨┤╨╡╨╗╤î ╨╖╨░╨│╤Ç╤â╨╢╨╡╨╜╨░: Buggy.glb

      at src/cars/CarModels.js:50:19

    console.log
      Γ£à ╨£╨╛╨┤╨╡╨╗╤î ╨╖╨░╨│╤Ç╤â╨╢╨╡╨╜╨░: CesiumMilkTruck.glb

      at src/cars/CarModels.js:50:19

    console.log
      Γ£à ╨£╨╛╨┤╨╡╨╗╤î ╨╖╨░╨│╤Ç╤â╨╢╨╡╨╜╨░: Duck.glb

      at src/cars/CarModels.js:50:19

    console.log
      Γ£à ╨ù╨░╨│╤Ç╤â╨╢╨╡╨╜╨╛ 3 ╨╝╨╛╨┤╨╡╨╗╨╡╨╣ ╨╝╨░╤ê╨╕╨╜

      at CarModels.loadAll (src/cars/CarModels.js:38:15)

    console.log
      ≡ƒôª ╨ù╨░╨│╤Ç╤â╨╖╨║╨░ ╨╝╨╛╨┤╨╡╨╗╨╡╨╣ ╨╝╨░╤ê╨╕╨╜...

      at CarModels.loadAll (src/cars/CarModels.js:28:13)

    console.log
      Γ£à ╨£╨╛╨┤╨╡╨╗╤î ╨╖╨░╨│╤Ç╤â╨╢╨╡╨╜╨░: Buggy.glb

      at src/cars/CarModels.js:50:19

    console.log
      Γ£à ╨£╨╛╨┤╨╡╨╗╤î ╨╖╨░╨│╤Ç╤â╨╢╨╡╨╜╨░: CesiumMilkTruck.glb

      at src/cars/CarModels.js:50:19

    console.log
      Γ£à ╨£╨╛╨┤╨╡╨╗╤î ╨╖╨░╨│╤Ç╤â╨╢╨╡╨╜╨░: Duck.glb

      at src/cars/CarModels.js:50:19

    console.log
      Γ£à ╨ù╨░╨│╤Ç╤â╨╢╨╡╨╜╨╛ 3 ╨╝╨╛╨┤╨╡╨╗╨╡╨╣ ╨╝╨░╤ê╨╕╨╜

      at CarModels.loadAll (src/cars/CarModels.js:38:15)

    console.log
      ≡ƒôª ╨ù╨░╨│╤Ç╤â╨╖╨║╨░ ╨╝╨╛╨┤╨╡╨╗╨╡╨╣ ╨╝╨░╤ê╨╕╨╜...

      at CarModels.loadAll (src/cars/CarModels.js:28:13)

    console.log
      Γ£à ╨£╨╛╨┤╨╡╨╗╤î ╨╖╨░╨│╤Ç╤â╨╢╨╡╨╜╨░: Buggy.glb

      at src/cars/CarModels.js:50:19

    console.log
      Γ£à ╨£╨╛╨┤╨╡╨╗╤î ╨╖╨░╨│╤Ç╤â╨╢╨╡╨╜╨░: CesiumMilkTruck.glb

      at src/cars/CarModels.js:50:19

    console.log
      Γ£à ╨£╨╛╨┤╨╡╨╗╤î ╨╖╨░╨│╤Ç╤â╨╢╨╡╨╜╨░: Duck.glb

      at src/cars/CarModels.js:50:19

    console.log
      Γ£à ╨ù╨░╨│╤Ç╤â╨╢╨╡╨╜╨╛ 3 ╨╝╨╛╨┤╨╡╨╗╨╡╨╣ ╨╝╨░╤ê╨╕╨╜

      at CarModels.loadAll (src/cars/CarModels.js:38:15)

    console.log
      ≡ƒöì ╨ƒ╨╛╨╕╤ü╨║ ╨╝╨╛╨┤╨╡╨╗╨╕: Buggy.glb

      at CarModels.getModelByName (src/cars/CarModels.js:88:13)

    console.log
      ≡ƒôª ╨ö╨╛╤ü╤é╤â╨┐╨╜╤ï╨╡ ╨╝╨╛╨┤╨╡╨╗╨╕: [ 'Buggy.glb', 'CesiumMilkTruck.glb', 'Duck.glb' ]

      at CarModels.getModelByName (src/cars/CarModels.js:89:13)

    console.log
      Γ£à ╨£╨╛╨┤╨╡╨╗╤î Buggy.glb ╨╜╨░╨╣╨┤╨╡╨╜╨░

      at CarModels.getModelByName (src/cars/CarModels.js:108:13)

    console.log
      ≡ƒôª ╨ù╨░╨│╤Ç╤â╨╖╨║╨░ ╨╝╨╛╨┤╨╡╨╗╨╡╨╣ ╨╝╨░╤ê╨╕╨╜...

      at CarModels.loadAll (src/cars/CarModels.js:28:13)

    console.log
      Γ£à ╨£╨╛╨┤╨╡╨╗╤î ╨╖╨░╨│╤Ç╤â╨╢╨╡╨╜╨░: Buggy.glb

      at src/cars/CarModels.js:50:19

    console.log
      Γ£à ╨£╨╛╨┤╨╡╨╗╤î ╨╖╨░╨│╤Ç╤â╨╢╨╡╨╜╨░: CesiumMilkTruck.glb

      at src/cars/CarModels.js:50:19

    console.log
      Γ£à ╨£╨╛╨┤╨╡╨╗╤î ╨╖╨░╨│╤Ç╤â╨╢╨╡╨╜╨░: Duck.glb

      at src/cars/CarModels.js:50:19

    console.log
      Γ£à ╨ù╨░╨│╤Ç╤â╨╢╨╡╨╜╨╛ 3 ╨╝╨╛╨┤╨╡╨╗╨╡╨╣ ╨╝╨░╤ê╨╕╨╜

      at CarModels.loadAll (src/cars/CarModels.js:38:15)

    console.log
      ≡ƒöì ╨ƒ╨╛╨╕╤ü╨║ ╨╝╨╛╨┤╨╡╨╗╨╕: Buggy.glb

      at CarModels.getModelByName (src/cars/CarModels.js:88:13)

    console.log
      ≡ƒôª ╨ö╨╛╤ü╤é╤â╨┐╨╜╤ï╨╡ ╨╝╨╛╨┤╨╡╨╗╨╕: [ 'Buggy.glb', 'CesiumMilkTruck.glb', 'Duck.glb' ]

      at CarModels.getModelByName (src/cars/CarModels.js:89:13)

    console.log
      Γ£à ╨£╨╛╨┤╨╡╨╗╤î Buggy.glb ╨╜╨░╨╣╨┤╨╡╨╜╨░

      at CarModels.getModelByName (src/cars/CarModels.js:108:13)

    console.log
      ≡ƒöì ╨ƒ╨╛╨╕╤ü╨║ ╨╝╨╛╨┤╨╡╨╗╨╕: Buggy.glb

      at CarModels.getModelByName (src/cars/CarModels.js:88:13)

    console.log
      ≡ƒôª ╨ö╨╛╤ü╤é╤â╨┐╨╜╤ï╨╡ ╨╝╨╛╨┤╨╡╨╗╨╕: [ 'Buggy.glb', 'CesiumMilkTruck.glb', 'Duck.glb' ]

      at CarModels.getModelByName (src/cars/CarModels.js:89:13)

    console.log
      Γ£à ╨£╨╛╨┤╨╡╨╗╤î Buggy.glb ╨╜╨░╨╣╨┤╨╡╨╜╨░

      at CarModels.getModelByName (src/cars/CarModels.js:108:13)

    console.log
      ≡ƒôª ╨ù╨░╨│╤Ç╤â╨╖╨║╨░ ╨╝╨╛╨┤╨╡╨╗╨╡╨╣ ╨╝╨░╤ê╨╕╨╜...

      at CarModels.loadAll (src/cars/CarModels.js:28:13)

    console.log
      Γ£à ╨£╨╛╨┤╨╡╨╗╤î ╨╖╨░╨│╤Ç╤â╨╢╨╡╨╜╨░: Buggy.glb

      at src/cars/CarModels.js:50:19

    console.log
      Γ£à ╨£╨╛╨┤╨╡╨╗╤î ╨╖╨░╨│╤Ç╤â╨╢╨╡╨╜╨░: CesiumMilkTruck.glb

      at src/cars/CarModels.js:50:19

    console.log
      Γ£à ╨£╨╛╨┤╨╡╨╗╤î ╨╖╨░╨│╤Ç╤â╨╢╨╡╨╜╨░: Duck.glb

      at src/cars/CarModels.js:50:19

    console.log
      Γ£à ╨ù╨░╨│╤Ç╤â╨╢╨╡╨╜╨╛ 3 ╨╝╨╛╨┤╨╡╨╗╨╡╨╣ ╨╝╨░╤ê╨╕╨╜

      at CarModels.loadAll (src/cars/CarModels.js:38:15)

    console.log
      ≡ƒöì ╨ƒ╨╛╨╕╤ü╨║ ╨╝╨╛╨┤╨╡╨╗╨╕: NonExistent.glb

      at CarModels.getModelByName (src/cars/CarModels.js:88:13)

    console.log
      ≡ƒôª ╨ö╨╛╤ü╤é╤â╨┐╨╜╤ï╨╡ ╨╝╨╛╨┤╨╡╨╗╨╕: [ 'Buggy.glb', 'CesiumMilkTruck.glb', 'Duck.glb' ]

      at CarModels.getModelByName (src/cars/CarModels.js:89:13)

    console.log
      ≡ƒôª ╨ù╨░╨│╤Ç╤â╨╖╨║╨░ ╨╝╨╛╨┤╨╡╨╗╨╡╨╣ ╨╝╨░╤ê╨╕╨╜...

      at CarModels.loadAll (src/cars/CarModels.js:28:13)

    console.log
      Γ£à ╨£╨╛╨┤╨╡╨╗╤î ╨╖╨░╨│╤Ç╤â╨╢╨╡╨╜╨░: Buggy.glb

      at src/cars/CarModels.js:50:19

    console.log
      Γ£à ╨£╨╛╨┤╨╡╨╗╤î ╨╖╨░╨│╤Ç╤â╨╢╨╡╨╜╨░: CesiumMilkTruck.glb

      at src/cars/CarModels.js:50:19

    console.log
      Γ£à ╨£╨╛╨┤╨╡╨╗╤î ╨╖╨░╨│╤Ç╤â╨╢╨╡╨╜╨░: Duck.glb

      at src/cars/CarModels.js:50:19

    console.log
      Γ£à ╨ù╨░╨│╤Ç╤â╨╢╨╡╨╜╨╛ 3 ╨╝╨╛╨┤╨╡╨╗╨╡╨╣ ╨╝╨░╤ê╨╕╨╜

      at CarModels.loadAll (src/cars/CarModels.js:38:15)

    console.log
      ≡ƒöì ╨ƒ╨╛╨╕╤ü╨║ ╨╝╨╛╨┤╨╡╨╗╨╕: Buggy.glb

      at CarModels.getModelByName (src/cars/CarModels.js:88:13)

    console.log
      ≡ƒôª ╨ö╨╛╤ü╤é╤â╨┐╨╜╤ï╨╡ ╨╝╨╛╨┤╨╡╨╗╨╕: [ 'Buggy.glb', 'CesiumMilkTruck.glb', 'Duck.glb' ]

      at CarModels.getModelByName (src/cars/CarModels.js:89:13)

    console.log
      Γ£à ╨£╨╛╨┤╨╡╨╗╤î Buggy.glb ╨╜╨░╨╣╨┤╨╡╨╜╨░

      at CarModels.getModelByName (src/cars/CarModels.js:108:13)

    console.log
      ≡ƒöì ╨ƒ╨╛╨╕╤ü╨║ ╨╝╨╛╨┤╨╡╨╗╨╕: CesiumMilkTruck.glb

      at CarModels.getModelByName (src/cars/CarModels.js:88:13)

    console.log
      ≡ƒôª ╨ö╨╛╤ü╤é╤â╨┐╨╜╤ï╨╡ ╨╝╨╛╨┤╨╡╨╗╨╕: [ 'Buggy.glb', 'CesiumMilkTruck.glb', 'Duck.glb' ]

      at CarModels.getModelByName (src/cars/CarModels.js:89:13)

    console.log
      Γ£à ╨£╨╛╨┤╨╡╨╗╤î CesiumMilkTruck.glb ╨╜╨░╨╣╨┤╨╡╨╜╨░

      at CarModels.getModelByName (src/cars/CarModels.js:108:13)

    console.log
      ≡ƒöì ╨ƒ╨╛╨╕╤ü╨║ ╨╝╨╛╨┤╨╡╨╗╨╕: Duck.glb

      at CarModels.getModelByName (src/cars/CarModels.js:88:13)

    console.log
      ≡ƒôª ╨ö╨╛╤ü╤é╤â╨┐╨╜╤ï╨╡ ╨╝╨╛╨┤╨╡╨╗╨╕: [ 'Buggy.glb', 'CesiumMilkTruck.glb', 'Duck.glb' ]

      at CarModels.getModelByName (src/cars/CarModels.js:89:13)

    console.log
      Γ£à ╨£╨╛╨┤╨╡╨╗╤î Duck.glb ╨╜╨░╨╣╨┤╨╡╨╜╨░

      at CarModels.getModelByName (src/cars/CarModels.js:108:13)

    console.log
      ≡ƒôª ╨ù╨░╨│╤Ç╤â╨╖╨║╨░ ╨╝╨╛╨┤╨╡╨╗╨╡╨╣ ╨╝╨░╤ê╨╕╨╜...

      at CarModels.loadAll (src/cars/CarModels.js:28:13)

    console.log
      Γ£à ╨£╨╛╨┤╨╡╨╗╤î ╨╖╨░╨│╤Ç╤â╨╢╨╡╨╜╨░: Buggy.glb

      at src/cars/CarModels.js:50:19

    console.log
      Γ£à ╨£╨╛╨┤╨╡╨╗╤î ╨╖╨░╨│╤Ç╤â╨╢╨╡╨╜╨░: CesiumMilkTruck.glb

      at src/cars/CarModels.js:50:19

    console.log
      Γ£à ╨£╨╛╨┤╨╡╨╗╤î ╨╖╨░╨│╤Ç╤â╨╢╨╡╨╜╨░: Duck.glb

      at src/cars/CarModels.js:50:19

    console.log
      Γ£à ╨ù╨░╨│╤Ç╤â╨╢╨╡╨╜╨╛ 3 ╨╝╨╛╨┤╨╡╨╗╨╡╨╣ ╨╝╨░╤ê╨╕╨╜

      at CarModels.loadAll (src/cars/CarModels.js:38:15)

    console.log
      ≡ƒôª ╨ù╨░╨│╤Ç╤â╨╖╨║╨░ ╨╝╨╛╨┤╨╡╨╗╨╡╨╣ ╨╝╨░╤ê╨╕╨╜...

      at CarModels.loadAll (src/cars/CarModels.js:28:13)

    console.log
      Γ£à ╨£╨╛╨┤╨╡╨╗╤î ╨╖╨░╨│╤Ç╤â╨╢╨╡╨╜╨░: Buggy.glb

      at src/cars/CarModels.js:50:19

    console.log
      Γ£à ╨£╨╛╨┤╨╡╨╗╤î ╨╖╨░╨│╤Ç╤â╨╢╨╡╨╜╨░: CesiumMilkTruck.glb

      at src/cars/CarModels.js:50:19

    console.log
      Γ£à ╨£╨╛╨┤╨╡╨╗╤î ╨╖╨░╨│╤Ç╤â╨╢╨╡╨╜╨░: Duck.glb

      at src/cars/CarModels.js:50:19

    console.log
      Γ£à ╨ù╨░╨│╤Ç╤â╨╢╨╡╨╜╨╛ 3 ╨╝╨╛╨┤╨╡╨╗╨╡╨╣ ╨╝╨░╤ê╨╕╨╜

      at CarModels.loadAll (src/cars/CarModels.js:38:15)

    console.log
      ≡ƒöì ╨ƒ╨╛╨╕╤ü╨║ ╨╝╨╛╨┤╨╡╨╗╨╕: NonExistent.glb

      at CarModels.getModelByName (src/cars/CarModels.js:88:13)

    console.log
      ≡ƒôª ╨ö╨╛╤ü╤é╤â╨┐╨╜╤ï╨╡ ╨╝╨╛╨┤╨╡╨╗╨╕: [ 'Buggy.glb', 'CesiumMilkTruck.glb', 'Duck.glb' ]

      at CarModels.getModelByName (src/cars/CarModels.js:89:13)

    console.log
      ≡ƒôª ╨ù╨░╨│╤Ç╤â╨╖╨║╨░ ╨╝╨╛╨┤╨╡╨╗╨╡╨╣ ╨╝╨░╤ê╨╕╨╜...

      at CarModels.loadAll (src/cars/CarModels.js:28:13)

    console.log
      Γ£à ╨£╨╛╨┤╨╡╨╗╤î ╨╖╨░╨│╤Ç╤â╨╢╨╡╨╜╨░: Buggy.glb

      at src/cars/CarModels.js:50:19

    console.log
      Γ£à ╨£╨╛╨┤╨╡╨╗╤î ╨╖╨░╨│╤Ç╤â╨╢╨╡╨╜╨░: CesiumMilkTruck.glb

      at src/cars/CarModels.js:50:19

    console.log
      Γ£à ╨£╨╛╨┤╨╡╨╗╤î ╨╖╨░╨│╤Ç╤â╨╢╨╡╨╜╨░: Duck.glb

      at src/cars/CarModels.js:50:19

    console.log
      Γ£à ╨ù╨░╨│╤Ç╤â╨╢╨╡╨╜╨╛ 3 ╨╝╨╛╨┤╨╡╨╗╨╡╨╣ ╨╝╨░╤ê╨╕╨╜

      at CarModels.loadAll (src/cars/CarModels.js:38:15)

    console.log
      ≡ƒùæ∩╕Å ╨₧╤ç╨╕╤ü╤é╨║╨░ CarModels...

      at CarModels.dispose (src/cars/CarModels.js:116:13)

    console.log
      ≡ƒôª ╨ù╨░╨│╤Ç╤â╨╖╨║╨░ ╨╝╨╛╨┤╨╡╨╗╨╡╨╣ ╨╝╨░╤ê╨╕╨╜...

      at CarModels.loadAll (src/cars/CarModels.js:28:13)

    console.log
      Γ£à ╨£╨╛╨┤╨╡╨╗╤î ╨╖╨░╨│╤Ç╤â╨╢╨╡╨╜╨░: Buggy.glb

      at src/cars/CarModels.js:50:19

    console.log
      Γ£à ╨£╨╛╨┤╨╡╨╗╤î ╨╖╨░╨│╤Ç╤â╨╢╨╡╨╜╨░: CesiumMilkTruck.glb

      at src/cars/CarModels.js:50:19

    console.log
      Γ£à ╨£╨╛╨┤╨╡╨╗╤î ╨╖╨░╨│╤Ç╤â╨╢╨╡╨╜╨░: Duck.glb

      at src/cars/CarModels.js:50:19

    console.log
      Γ£à ╨ù╨░╨│╤Ç╤â╨╢╨╡╨╜╨╛ 3 ╨╝╨╛╨┤╨╡╨╗╨╡╨╣ ╨╝╨░╤ê╨╕╨╜

      at CarModels.loadAll (src/cars/CarModels.js:38:15)

    console.log
      ≡ƒùæ∩╕Å ╨₧╤ç╨╕╤ü╤é╨║╨░ CarModels...

      at CarModels.dispose (src/cars/CarModels.js:116:13)

    console.log
      ≡ƒôª ╨ù╨░╨│╤Ç╤â╨╖╨║╨░ ╨╝╨╛╨┤╨╡╨╗╨╡╨╣ ╨╝╨░╤ê╨╕╨╜...

      at CarModels.loadAll (src/cars/CarModels.js:28:13)

    console.log
      Γ£à ╨£╨╛╨┤╨╡╨╗╤î ╨╖╨░╨│╤Ç╤â╨╢╨╡╨╜╨░: Buggy.glb

      at src/cars/CarModels.js:50:19

    console.log
      Γ£à ╨£╨╛╨┤╨╡╨╗╤î ╨╖╨░╨│╤Ç╤â╨╢╨╡╨╜╨░: CesiumMilkTruck.glb

      at src/cars/CarModels.js:50:19

    console.log
      Γ£à ╨£╨╛╨┤╨╡╨╗╤î ╨╖╨░╨│╤Ç╤â╨╢╨╡╨╜╨░: Duck.glb

      at src/cars/CarModels.js:50:19

    console.log
      Γ£à ╨ù╨░╨│╤Ç╤â╨╢╨╡╨╜╨╛ 3 ╨╝╨╛╨┤╨╡╨╗╨╡╨╣ ╨╝╨░╤ê╨╕╨╜

      at CarModels.loadAll (src/cars/CarModels.js:38:15)

    console.log
      ≡ƒùæ∩╕Å ╨₧╤ç╨╕╤ü╤é╨║╨░ CarModels...

      at CarModels.dispose (src/cars/CarModels.js:116:13)

    console.log
      ≡ƒôª ╨ù╨░╨│╤Ç╤â╨╖╨║╨░ ╨╝╨╛╨┤╨╡╨╗╨╡╨╣ ╨╝╨░╤ê╨╕╨╜...

      at CarModels.loadAll (src/cars/CarModels.js:28:13)

    console.log
      Γ£à ╨£╨╛╨┤╨╡╨╗╤î ╨╖╨░╨│╤Ç╤â╨╢╨╡╨╜╨░: Buggy.glb

      at src/cars/CarModels.js:50:19

    console.log
      Γ£à ╨£╨╛╨┤╨╡╨╗╤î ╨╖╨░╨│╤Ç╤â╨╢╨╡╨╜╨░: CesiumMilkTruck.glb

      at src/cars/CarModels.js:50:19

    console.log
      Γ£à ╨£╨╛╨┤╨╡╨╗╤î ╨╖╨░╨│╤Ç╤â╨╢╨╡╨╜╨░: Duck.glb

      at src/cars/CarModels.js:50:19

    console.log
      Γ£à ╨ù╨░╨│╤Ç╤â╨╢╨╡╨╜╨╛ 3 ╨╝╨╛╨┤╨╡╨╗╨╡╨╣ ╨╝╨░╤ê╨╕╨╜

      at CarModels.loadAll (src/cars/CarModels.js:38:15)

    console.log
      ≡ƒôª ╨ù╨░╨│╤Ç╤â╨╖╨║╨░ ╨╝╨╛╨┤╨╡╨╗╨╡╨╣ ╨╝╨░╤ê╨╕╨╜...

      at CarModels.loadAll (src/cars/CarModels.js:28:13)

    console.log
      Γ£à ╨£╨╛╨┤╨╡╨╗╤î ╨╖╨░╨│╤Ç╤â╨╢╨╡╨╜╨░: Buggy.glb

      at src/cars/CarModels.js:50:19

    console.log
      Γ£à ╨£╨╛╨┤╨╡╨╗╤î ╨╖╨░╨│╤Ç╤â╨╢╨╡╨╜╨░: CesiumMilkTruck.glb

      at src/cars/CarModels.js:50:19

    console.log
      Γ£à ╨£╨╛╨┤╨╡╨╗╤î ╨╖╨░╨│╤Ç╤â╨╢╨╡╨╜╨░: Duck.glb

      at src/cars/CarModels.js:50:19

    console.log
      Γ£à ╨ù╨░╨│╤Ç╤â╨╢╨╡╨╜╨╛ 3 ╨╝╨╛╨┤╨╡╨╗╨╡╨╣ ╨╝╨░╤ê╨╕╨╜

      at CarModels.loadAll (src/cars/CarModels.js:38:15)

    console.log
      ≡ƒôª ╨ù╨░╨│╤Ç╤â╨╖╨║╨░ ╨╝╨╛╨┤╨╡╨╗╨╡╨╣ ╨╝╨░╤ê╨╕╨╜...

      at CarModels.loadAll (src/cars/CarModels.js:28:13)

    console.log
      Γ£à ╨ù╨░╨│╤Ç╤â╨╢╨╡╨╜╨╛ 0 ╨╝╨╛╨┤╨╡╨╗╨╡╨╣ ╨╝╨░╤ê╨╕╨╜

      at CarModels.loadAll (src/cars/CarModels.js:38:15)

    console.log
      ≡ƒôª ╨ù╨░╨│╤Ç╤â╨╖╨║╨░ ╨╝╨╛╨┤╨╡╨╗╨╡╨╣ ╨╝╨░╤ê╨╕╨╜...

      at CarModels.loadAll (src/cars/CarModels.js:28:13)

    console.log
      Γ£à ╨£╨╛╨┤╨╡╨╗╤î ╨╖╨░╨│╤Ç╤â╨╢╨╡╨╜╨░: Single.glb

      at src/cars/CarModels.js:50:19

    console.log
      Γ£à ╨ù╨░╨│╤Ç╤â╨╢╨╡╨╜╨╛ 1 ╨╝╨╛╨┤╨╡╨╗╨╡╨╣ ╨╝╨░╤ê╨╕╨╜

      at CarModels.loadAll (src/cars/CarModels.js:38:15)

    console.log
      ≡ƒôª ╨ù╨░╨│╤Ç╤â╨╖╨║╨░ ╨╝╨╛╨┤╨╡╨╗╨╡╨╣ ╨╝╨░╤ê╨╕╨╜...

      at CarModels.loadAll (src/cars/CarModels.js:28:13)

    console.log
      Γ£à ╨£╨╛╨┤╨╡╨╗╤î ╨╖╨░╨│╤Ç╤â╨╢╨╡╨╜╨░: Buggy.glb

      at src/cars/CarModels.js:50:19

    console.log
      Γ£à ╨£╨╛╨┤╨╡╨╗╤î ╨╖╨░╨│╤Ç╤â╨╢╨╡╨╜╨░: CesiumMilkTruck.glb

      at src/cars/CarModels.js:50:19

    console.log
      Γ£à ╨£╨╛╨┤╨╡╨╗╤î ╨╖╨░╨│╤Ç╤â╨╢╨╡╨╜╨░: Duck.glb

      at src/cars/CarModels.js:50:19

    console.log
      Γ£à ╨ù╨░╨│╤Ç╤â╨╢╨╡╨╜╨╛ 3 ╨╝╨╛╨┤╨╡╨╗╨╡╨╣ ╨╝╨░╤ê╨╕╨╜

      at CarModels.loadAll (src/cars/CarModels.js:38:15)

    console.log
      ≡ƒöì ╨ƒ╨╛╨╕╤ü╨║ ╨╝╨╛╨┤╨╡╨╗╨╕:

      at CarModels.getModelByName (src/cars/CarModels.js:88:13)

    console.log
      ≡ƒôª ╨ö╨╛╤ü╤é╤â╨┐╨╜╤ï╨╡ ╨╝╨╛╨┤╨╡╨╗╨╕: [ 'Buggy.glb', 'CesiumMilkTruck.glb', 'Duck.glb' ]

      at CarModels.getModelByName (src/cars/CarModels.js:89:13)

    console.log
      ≡ƒôª ╨ù╨░╨│╤Ç╤â╨╖╨║╨░ ╨╝╨╛╨┤╨╡╨╗╨╡╨╣ ╨╝╨░╤ê╨╕╨╜...

      at CarModels.loadAll (src/cars/CarModels.js:28:13)

    console.log
      Γ£à ╨£╨╛╨┤╨╡╨╗╤î ╨╖╨░╨│╤Ç╤â╨╢╨╡╨╜╨░: Buggy.glb

      at src/cars/CarModels.js:50:19

    console.log
      Γ£à ╨£╨╛╨┤╨╡╨╗╤î ╨╖╨░╨│╤Ç╤â╨╢╨╡╨╜╨░: CesiumMilkTruck.glb

      at src/cars/CarModels.js:50:19

    console.log
      Γ£à ╨£╨╛╨┤╨╡╨╗╤î ╨╖╨░╨│╤Ç╤â╨╢╨╡╨╜╨░: Duck.glb

      at src/cars/CarModels.js:50:19

    console.log
      Γ£à ╨ù╨░╨│╤Ç╤â╨╢╨╡╨╜╨╛ 3 ╨╝╨╛╨┤╨╡╨╗╨╡╨╣ ╨╝╨░╤ê╨╕╨╜

      at CarModels.loadAll (src/cars/CarModels.js:38:15)

    console.log
      ≡ƒöì ╨ƒ╨╛╨╕╤ü╨║ ╨╝╨╛╨┤╨╡╨╗╨╕: null

      at CarModels.getModelByName (src/cars/CarModels.js:88:13)

    console.log
      ≡ƒôª ╨ö╨╛╤ü╤é╤â╨┐╨╜╤ï╨╡ ╨╝╨╛╨┤╨╡╨╗╨╕: [ 'Buggy.glb', 'CesiumMilkTruck.glb', 'Duck.glb' ]

      at CarModels.getModelByName (src/cars/CarModels.js:89:13)

(node:43940) ExperimentalWarning: VM Modules is an experimental feature and might change at any time
(Use `node --trace-warnings ...` to show where the warning was created)
PASS tests/unit/combined.test.js
  ΓùÅ Console

    console.log
      ΓÜÖ∩╕Å Config updated: cars.count = 10

      at updateConfig (src/config.js:95:11)

    console.log
      ΓÜÖ∩╕Å Config updated: camera.fov = 60

      at updateConfig (src/config.js:95:11)

    console.log
      ΓÜÖ∩╕Å Config updated: cars.count = 5

      at Object.<anonymous> (node_modules/jest-mock/build/index.js:794:25)

    console.log
      ≡ƒ¢ú∩╕Å ╨¥╨░╤ç╨░╨╗╨╛ ╤ü╨╛╨╖╨┤╨░╨╜╨╕╤Å ╨┤╨╛╤Ç╨╛╨╢╨╜╨╛╨╣ ╤ü╨╡╤é╨╕...

      at createRoadNetwork (src/roads/road_system.js:13:11)

    console.log
      ≡ƒôì ╨ö╨╛╨▒╨░╨▓╨╗╨╡╨╜╨╕╨╡ 228 ╤â╨╖╨╗╨╛╨▓...

      at createRoadNetwork (src/roads/road_system.js:82:13)

    console.log
      Γ£à ╨ö╨╛╨▒╨░╨▓╨╗╨╡╨╜╨╛ 228 ╨▓╨░╨╗╨╕╨┤╨╜╤ï╤à ╤â╨╖╨╗╨╛╨▓

      at createRoadNetwork (src/roads/road_system.js:106:13)

    console.log
      ≡ƒ¢ú∩╕Å ╨í╨╛╨╖╨┤╨░╨╜╨╕╨╡ ╨┤╨╛╤Ç╨╛╨│...

      at createRoadNetwork (src/roads/road_system.js:116:13)

    console.log
      Γ£à ╨í╨╛╨╖╨┤╨░╨╜╨╛ 256 ╨▓╨░╨╗╨╕╨┤╨╜╤ï╤à ╨┤╨╛╤Ç╨╛╨│

      at createRoadNetwork (src/roads/road_system.js:174:13)

    console.log
      ≡ƒôè ╨ÿ╤é╨╛╨│╨╛╨▓╨░╤Å ╤ü╨╡╤é╤î: { nodes: 227, roads: 255, lanes: 510, avgConnections: '2.25' }

      at createRoadNetwork (src/roads/road_system.js:180:13)

    console.log
      Γ£à ╨ö╨╛╤Ç╨╛╨╢╨╜╨░╤Å ╤ü╨╡╤é╤î ╤ü╨╛╨╖╨┤╨░╨╜╨░ ╤â╤ü╨┐╨╡╤ê╨╜╨╛

      at createRoadNetwork (src/roads/road_system.js:286:13)

    console.log
      ≡ƒ¢ú∩╕Å ╨¥╨░╤ç╨░╨╗╨╛ ╤ü╨╛╨╖╨┤╨░╨╜╨╕╤Å ╨┤╨╛╤Ç╨╛╨╢╨╜╨╛╨╣ ╤ü╨╡╤é╨╕...

      at createRoadNetwork (src/roads/road_system.js:13:11)

    console.log
      ≡ƒôì ╨ö╨╛╨▒╨░╨▓╨╗╨╡╨╜╨╕╨╡ 228 ╤â╨╖╨╗╨╛╨▓...

      at createRoadNetwork (src/roads/road_system.js:82:13)

    console.log
      Γ£à ╨ö╨╛╨▒╨░╨▓╨╗╨╡╨╜╨╛ 228 ╨▓╨░╨╗╨╕╨┤╨╜╤ï╤à ╤â╨╖╨╗╨╛╨▓

      at createRoadNetwork (src/roads/road_system.js:106:13)

    console.log
      ≡ƒ¢ú∩╕Å ╨í╨╛╨╖╨┤╨░╨╜╨╕╨╡ ╨┤╨╛╤Ç╨╛╨│...

      at createRoadNetwork (src/roads/road_system.js:116:13)

    console.log
      Γ£à ╨í╨╛╨╖╨┤╨░╨╜╨╛ 256 ╨▓╨░╨╗╨╕╨┤╨╜╤ï╤à ╨┤╨╛╤Ç╨╛╨│

      at createRoadNetwork (src/roads/road_system.js:174:13)

    console.log
      ≡ƒôè ╨ÿ╤é╨╛╨│╨╛╨▓╨░╤Å ╤ü╨╡╤é╤î: { nodes: 227, roads: 255, lanes: 510, avgConnections: '2.25' }

      at createRoadNetwork (src/roads/road_system.js:180:13)

    console.log
      Γ£à ╨ö╨╛╤Ç╨╛╨╢╨╜╨░╤Å ╤ü╨╡╤é╤î ╤ü╨╛╨╖╨┤╨░╨╜╨░ ╤â╤ü╨┐╨╡╤ê╨╜╨╛

      at createRoadNetwork (src/roads/road_system.js:286:13)

    console.log
      ≡ƒ¢ú∩╕Å ╨¥╨░╤ç╨░╨╗╨╛ ╤ü╨╛╨╖╨┤╨░╨╜╨╕╤Å ╨┤╨╛╤Ç╨╛╨╢╨╜╨╛╨╣ ╤ü╨╡╤é╨╕...

      at createRoadNetwork (src/roads/road_system.js:13:11)

    console.log
      ≡ƒôì ╨ö╨╛╨▒╨░╨▓╨╗╨╡╨╜╨╕╨╡ 228 ╤â╨╖╨╗╨╛╨▓...

      at createRoadNetwork (src/roads/road_system.js:82:13)

    console.log
      Γ£à ╨ö╨╛╨▒╨░╨▓╨╗╨╡╨╜╨╛ 228 ╨▓╨░╨╗╨╕╨┤╨╜╤ï╤à ╤â╨╖╨╗╨╛╨▓

      at createRoadNetwork (src/roads/road_system.js:106:13)

    console.log
      ≡ƒ¢ú∩╕Å ╨í╨╛╨╖╨┤╨░╨╜╨╕╨╡ ╨┤╨╛╤Ç╨╛╨│...

      at createRoadNetwork (src/roads/road_system.js:116:13)

    console.log
      Γ£à ╨í╨╛╨╖╨┤╨░╨╜╨╛ 256 ╨▓╨░╨╗╨╕╨┤╨╜╤ï╤à ╨┤╨╛╤Ç╨╛╨│

      at createRoadNetwork (src/roads/road_system.js:174:13)

    console.log
      ≡ƒôè ╨ÿ╤é╨╛╨│╨╛╨▓╨░╤Å ╤ü╨╡╤é╤î: { nodes: 227, roads: 255, lanes: 510, avgConnections: '2.25' }

      at createRoadNetwork (src/roads/road_system.js:180:13)

    console.log
      Γ£à ╨ö╨╛╤Ç╨╛╨╢╨╜╨░╤Å ╤ü╨╡╤é╤î ╤ü╨╛╨╖╨┤╨░╨╜╨░ ╤â╤ü╨┐╨╡╤ê╨╜╨╛

      at createRoadNetwork (src/roads/road_system.js:286:13)

    console.log
      ≡ƒ¢ú∩╕Å ╨¥╨░╤ç╨░╨╗╨╛ ╤ü╨╛╨╖╨┤╨░╨╜╨╕╤Å ╨┤╨╛╤Ç╨╛╨╢╨╜╨╛╨╣ ╤ü╨╡╤é╨╕...

      at createRoadNetwork (src/roads/road_system.js:13:11)

    console.log
      ≡ƒôì ╨ö╨╛╨▒╨░╨▓╨╗╨╡╨╜╨╕╨╡ 228 ╤â╨╖╨╗╨╛╨▓...

      at createRoadNetwork (src/roads/road_system.js:82:13)

    console.log
      Γ£à ╨ö╨╛╨▒╨░╨▓╨╗╨╡╨╜╨╛ 228 ╨▓╨░╨╗╨╕╨┤╨╜╤ï╤à ╤â╨╖╨╗╨╛╨▓

      at createRoadNetwork (src/roads/road_system.js:106:13)

    console.log
      ≡ƒ¢ú∩╕Å ╨í╨╛╨╖╨┤╨░╨╜╨╕╨╡ ╨┤╨╛╤Ç╨╛╨│...

      at createRoadNetwork (src/roads/road_system.js:116:13)

    console.log
      Γ£à ╨í╨╛╨╖╨┤╨░╨╜╨╛ 256 ╨▓╨░╨╗╨╕╨┤╨╜╤ï╤à ╨┤╨╛╤Ç╨╛╨│

      at createRoadNetwork (src/roads/road_system.js:174:13)

    console.log
      ≡ƒôè ╨ÿ╤é╨╛╨│╨╛╨▓╨░╤Å ╤ü╨╡╤é╤î: { nodes: 227, roads: 255, lanes: 510, avgConnections: '2.25' }

      at createRoadNetwork (src/roads/road_system.js:180:13)

    console.log
      Γ£à ╨ö╨╛╤Ç╨╛╨╢╨╜╨░╤Å ╤ü╨╡╤é╤î ╤ü╨╛╨╖╨┤╨░╨╜╨░ ╤â╤ü╨┐╨╡╤ê╨╜╨╛

      at createRoadNetwork (src/roads/road_system.js:286:13)

    console.log
      ≡ƒ¢ú∩╕Å ╨¥╨░╤ç╨░╨╗╨╛ ╤ü╨╛╨╖╨┤╨░╨╜╨╕╤Å ╨┤╨╛╤Ç╨╛╨╢╨╜╨╛╨╣ ╤ü╨╡╤é╨╕...

      at createRoadNetwork (src/roads/road_system.js:13:11)

    console.log
      ≡ƒôì ╨ö╨╛╨▒╨░╨▓╨╗╨╡╨╜╨╕╨╡ 228 ╤â╨╖╨╗╨╛╨▓...

      at createRoadNetwork (src/roads/road_system.js:82:13)

    console.log
      Γ£à ╨ö╨╛╨▒╨░╨▓╨╗╨╡╨╜╨╛ 228 ╨▓╨░╨╗╨╕╨┤╨╜╤ï╤à ╤â╨╖╨╗╨╛╨▓

      at createRoadNetwork (src/roads/road_system.js:106:13)

    console.log
      ≡ƒ¢ú∩╕Å ╨í╨╛╨╖╨┤╨░╨╜╨╕╨╡ ╨┤╨╛╤Ç╨╛╨│...

      at createRoadNetwork (src/roads/road_system.js:116:13)

    console.log
      Γ£à ╨í╨╛╨╖╨┤╨░╨╜╨╛ 256 ╨▓╨░╨╗╨╕╨┤╨╜╤ï╤à ╨┤╨╛╤Ç╨╛╨│

      at createRoadNetwork (src/roads/road_system.js:174:13)

    console.log
      ≡ƒôè ╨ÿ╤é╨╛╨│╨╛╨▓╨░╤Å ╤ü╨╡╤é╤î: { nodes: 227, roads: 255, lanes: 510, avgConnections: '2.25' }

      at createRoadNetwork (src/roads/road_system.js:180:13)

    console.log
      ≡ƒÄ¿ ╨í╨╛╨╖╨┤╨░╨╜╨╕╨╡ ╨▓╨╕╨╖╤â╨░╨╗╨╕╨╖╨░╤å╨╕╨╕ ╨┤╨╛╤Ç╨╛╨│...

      at createRoadNetwork (src/roads/road_system.js:191:15)

    console.log
      Γ£à ╨Æ╨╕╨╖╤â╨░╨╗╨╕╨╖╨░╤å╨╕╤Å ╤ü╨╛╨╖╨┤╨░╨╜╨░

      at createRoadNetwork (src/roads/road_system.js:279:17)

    console.log
      Γ£à ╨ö╨╛╤Ç╨╛╨╢╨╜╨░╤Å ╤ü╨╡╤é╤î ╤ü╨╛╨╖╨┤╨░╨╜╨░ ╤â╤ü╨┐╨╡╤ê╨╜╨╛

      at createRoadNetwork (src/roads/road_system.js:286:13)

    console.log
      ≡ƒ¢ú∩╕Å ╨¥╨░╤ç╨░╨╗╨╛ ╤ü╨╛╨╖╨┤╨░╨╜╨╕╤Å ╨┤╨╛╤Ç╨╛╨╢╨╜╨╛╨╣ ╤ü╨╡╤é╨╕...

      at createRoadNetwork (src/roads/road_system.js:13:11)

    console.log
      ≡ƒôì ╨ö╨╛╨▒╨░╨▓╨╗╨╡╨╜╨╕╨╡ 228 ╤â╨╖╨╗╨╛╨▓...

      at createRoadNetwork (src/roads/road_system.js:82:13)

    console.log
      Γ£à ╨ö╨╛╨▒╨░╨▓╨╗╨╡╨╜╨╛ 228 ╨▓╨░╨╗╨╕╨┤╨╜╤ï╤à ╤â╨╖╨╗╨╛╨▓

      at createRoadNetwork (src/roads/road_system.js:106:13)

    console.log
      ≡ƒ¢ú∩╕Å ╨í╨╛╨╖╨┤╨░╨╜╨╕╨╡ ╨┤╨╛╤Ç╨╛╨│...

      at createRoadNetwork (src/roads/road_system.js:116:13)

    console.log
      Γ£à ╨í╨╛╨╖╨┤╨░╨╜╨╛ 256 ╨▓╨░╨╗╨╕╨┤╨╜╤ï╤à ╨┤╨╛╤Ç╨╛╨│

      at createRoadNetwork (src/roads/road_system.js:174:13)

    console.log
      ≡ƒôè ╨ÿ╤é╨╛╨│╨╛╨▓╨░╤Å ╤ü╨╡╤é╤î: { nodes: 227, roads: 255, lanes: 510, avgConnections: '2.25' }

      at createRoadNetwork (src/roads/road_system.js:180:13)

    console.log
      Γ£à ╨ö╨╛╤Ç╨╛╨╢╨╜╨░╤Å ╤ü╨╡╤é╤î ╤ü╨╛╨╖╨┤╨░╨╜╨░ ╤â╤ü╨┐╨╡╤ê╨╜╨╛

      at createRoadNetwork (src/roads/road_system.js:286:13)

    console.log
      ≡ƒ¢ú∩╕Å ╨¥╨░╤ç╨░╨╗╨╛ ╤ü╨╛╨╖╨┤╨░╨╜╨╕╤Å ╨┤╨╛╤Ç╨╛╨╢╨╜╨╛╨╣ ╤ü╨╡╤é╨╕...

      at createRoadNetwork (src/roads/road_system.js:13:11)

    console.log
      ≡ƒôì ╨ö╨╛╨▒╨░╨▓╨╗╨╡╨╜╨╕╨╡ 228 ╤â╨╖╨╗╨╛╨▓...

      at createRoadNetwork (src/roads/road_system.js:82:13)

    console.log
      Γ£à ╨ö╨╛╨▒╨░╨▓╨╗╨╡╨╜╨╛ 228 ╨▓╨░╨╗╨╕╨┤╨╜╤ï╤à ╤â╨╖╨╗╨╛╨▓

      at createRoadNetwork (src/roads/road_system.js:106:13)

    console.log
      ≡ƒ¢ú∩╕Å ╨í╨╛╨╖╨┤╨░╨╜╨╕╨╡ ╨┤╨╛╤Ç╨╛╨│...

      at createRoadNetwork (src/roads/road_system.js:116:13)

    console.log
      Γ£à ╨í╨╛╨╖╨┤╨░╨╜╨╛ 256 ╨▓╨░╨╗╨╕╨┤╨╜╤ï╤à ╨┤╨╛╤Ç╨╛╨│

      at createRoadNetwork (src/roads/road_system.js:174:13)

    console.log
      ≡ƒôè ╨ÿ╤é╨╛╨│╨╛╨▓╨░╤Å ╤ü╨╡╤é╤î: { nodes: 227, roads: 255, lanes: 510, avgConnections: '2.25' }

      at createRoadNetwork (src/roads/road_system.js:180:13)

    console.log
      Γ£à ╨ö╨╛╤Ç╨╛╨╢╨╜╨░╤Å ╤ü╨╡╤é╤î ╤ü╨╛╨╖╨┤╨░╨╜╨░ ╤â╤ü╨┐╨╡╤ê╨╜╨╛

      at createRoadNetwork (src/roads/road_system.js:286:13)

    console.log
      ≡ƒ¢ú∩╕Å ╨¥╨░╤ç╨░╨╗╨╛ ╤ü╨╛╨╖╨┤╨░╨╜╨╕╤Å ╨┤╨╛╤Ç╨╛╨╢╨╜╨╛╨╣ ╤ü╨╡╤é╨╕...

      at Object.<anonymous> (node_modules/jest-mock/build/index.js:794:25)

    console.log
      ≡ƒôì ╨ö╨╛╨▒╨░╨▓╨╗╨╡╨╜╨╕╨╡ 228 ╤â╨╖╨╗╨╛╨▓...

      at Object.<anonymous> (node_modules/jest-mock/build/index.js:794:25)

    console.log
      Γ£à ╨ö╨╛╨▒╨░╨▓╨╗╨╡╨╜╨╛ 228 ╨▓╨░╨╗╨╕╨┤╨╜╤ï╤à ╤â╨╖╨╗╨╛╨▓

      at Object.<anonymous> (node_modules/jest-mock/build/index.js:794:25)

    console.log
      ≡ƒ¢ú∩╕Å ╨í╨╛╨╖╨┤╨░╨╜╨╕╨╡ ╨┤╨╛╤Ç╨╛╨│...

      at Object.<anonymous> (node_modules/jest-mock/build/index.js:794:25)

    console.log
      Γ£à ╨í╨╛╨╖╨┤╨░╨╜╨╛ 256 ╨▓╨░╨╗╨╕╨┤╨╜╤ï╤à ╨┤╨╛╤Ç╨╛╨│

      at Object.<anonymous> (node_modules/jest-mock/build/index.js:794:25)

    console.log
      ≡ƒôè ╨ÿ╤é╨╛╨│╨╛╨▓╨░╤Å ╤ü╨╡╤é╤î: { nodes: 227, roads: 255, lanes: 510, avgConnections: '2.25' }

      at Object.<anonymous> (node_modules/jest-mock/build/index.js:794:25)

    console.log
      Γ£à ╨ö╨╛╤Ç╨╛╨╢╨╜╨░╤Å ╤ü╨╡╤é╤î ╤ü╨╛╨╖╨┤╨░╨╜╨░ ╤â╤ü╨┐╨╡╤ê╨╜╨╛

      at Object.<anonymous> (node_modules/jest-mock/build/index.js:794:25)

    console.log
      ≡ƒ¢ú∩╕Å ╨¥╨░╤ç╨░╨╗╨╛ ╤ü╨╛╨╖╨┤╨░╨╜╨╕╤Å ╨┤╨╛╤Ç╨╛╨╢╨╜╨╛╨╣ ╤ü╨╡╤é╨╕...

      at createRoadNetwork (src/roads/road_system.js:13:11)

    console.log
      ≡ƒôì ╨ö╨╛╨▒╨░╨▓╨╗╨╡╨╜╨╕╨╡ 228 ╤â╨╖╨╗╨╛╨▓...

      at createRoadNetwork (src/roads/road_system.js:82:13)

    console.log
      Γ£à ╨ö╨╛╨▒╨░╨▓╨╗╨╡╨╜╨╛ 228 ╨▓╨░╨╗╨╕╨┤╨╜╤ï╤à ╤â╨╖╨╗╨╛╨▓

      at createRoadNetwork (src/roads/road_system.js:106:13)

    console.log
      ≡ƒ¢ú∩╕Å ╨í╨╛╨╖╨┤╨░╨╜╨╕╨╡ ╨┤╨╛╤Ç╨╛╨│...

      at createRoadNetwork (src/roads/road_system.js:116:13)

    console.log
      Γ£à ╨í╨╛╨╖╨┤╨░╨╜╨╛ 256 ╨▓╨░╨╗╨╕╨┤╨╜╤ï╤à ╨┤╨╛╤Ç╨╛╨│

      at createRoadNetwork (src/roads/road_system.js:174:13)

    console.log
      ≡ƒôè ╨ÿ╤é╨╛╨│╨╛╨▓╨░╤Å ╤ü╨╡╤é╤î: { nodes: 227, roads: 255, lanes: 510, avgConnections: '2.25' }

      at createRoadNetwork (src/roads/road_system.js:180:13)

    console.log
      Γ£à ╨ö╨╛╤Ç╨╛╨╢╨╜╨░╤Å ╤ü╨╡╤é╤î ╤ü╨╛╨╖╨┤╨░╨╜╨░ ╤â╤ü╨┐╨╡╤ê╨╜╨╛

      at createRoadNetwork (src/roads/road_system.js:286:13)

    console.log
      ≡ƒ¢ú∩╕Å ╨¥╨░╤ç╨░╨╗╨╛ ╤ü╨╛╨╖╨┤╨░╨╜╨╕╤Å ╨┤╨╛╤Ç╨╛╨╢╨╜╨╛╨╣ ╤ü╨╡╤é╨╕...

      at createRoadNetwork (src/roads/road_system.js:13:11)

    console.log
      ≡ƒôì ╨ö╨╛╨▒╨░╨▓╨╗╨╡╨╜╨╕╨╡ 228 ╤â╨╖╨╗╨╛╨▓...

      at createRoadNetwork (src/roads/road_system.js:82:13)

    console.log
      Γ£à ╨ö╨╛╨▒╨░╨▓╨╗╨╡╨╜╨╛ 228 ╨▓╨░╨╗╨╕╨┤╨╜╤ï╤à ╤â╨╖╨╗╨╛╨▓

      at createRoadNetwork (src/roads/road_system.js:106:13)

    console.log
      ≡ƒ¢ú∩╕Å ╨í╨╛╨╖╨┤╨░╨╜╨╕╨╡ ╨┤╨╛╤Ç╨╛╨│...

      at createRoadNetwork (src/roads/road_system.js:116:13)

    console.log
      Γ£à ╨í╨╛╨╖╨┤╨░╨╜╨╛ 256 ╨▓╨░╨╗╨╕╨┤╨╜╤ï╤à ╨┤╨╛╤Ç╨╛╨│

      at createRoadNetwork (src/roads/road_system.js:174:13)

    console.log
      ≡ƒôè ╨ÿ╤é╨╛╨│╨╛╨▓╨░╤Å ╤ü╨╡╤é╤î: { nodes: 227, roads: 255, lanes: 510, avgConnections: '2.25' }

      at createRoadNetwork (src/roads/road_system.js:180:13)

    console.log
      Γ£à ╨ö╨╛╤Ç╨╛╨╢╨╜╨░╤Å ╤ü╨╡╤é╤î ╤ü╨╛╨╖╨┤╨░╨╜╨░ ╤â╤ü╨┐╨╡╤ê╨╜╨╛

      at createRoadNetwork (src/roads/road_system.js:286:13)

    console.log
      ≡ƒ¢ú∩╕Å ╨¥╨░╤ç╨░╨╗╨╛ ╤ü╨╛╨╖╨┤╨░╨╜╨╕╤Å ╨┤╨╛╤Ç╨╛╨╢╨╜╨╛╨╣ ╤ü╨╡╤é╨╕...

      at createRoadNetwork (src/roads/road_system.js:13:11)

    console.log
      ≡ƒôì ╨ö╨╛╨▒╨░╨▓╨╗╨╡╨╜╨╕╨╡ 228 ╤â╨╖╨╗╨╛╨▓...

      at createRoadNetwork (src/roads/road_system.js:82:13)

    console.log
      Γ£à ╨ö╨╛╨▒╨░╨▓╨╗╨╡╨╜╨╛ 228 ╨▓╨░╨╗╨╕╨┤╨╜╤ï╤à ╤â╨╖╨╗╨╛╨▓

      at createRoadNetwork (src/roads/road_system.js:106:13)

    console.log
      ≡ƒ¢ú∩╕Å ╨í╨╛╨╖╨┤╨░╨╜╨╕╨╡ ╨┤╨╛╤Ç╨╛╨│...

      at createRoadNetwork (src/roads/road_system.js:116:13)

    console.log
      Γ£à ╨í╨╛╨╖╨┤╨░╨╜╨╛ 256 ╨▓╨░╨╗╨╕╨┤╨╜╤ï╤à ╨┤╨╛╤Ç╨╛╨│

      at createRoadNetwork (src/roads/road_system.js:174:13)

    console.log
      ≡ƒôè ╨ÿ╤é╨╛╨│╨╛╨▓╨░╤Å ╤ü╨╡╤é╤î: { nodes: 227, roads: 255, lanes: 510, avgConnections: '2.25' }

      at createRoadNetwork (src/roads/road_system.js:180:13)

    console.log
      Γ£à ╨ö╨╛╤Ç╨╛╨╢╨╜╨░╤Å ╤ü╨╡╤é╤î ╤ü╨╛╨╖╨┤╨░╨╜╨░ ╤â╤ü╨┐╨╡╤ê╨╜╨╛

      at createRoadNetwork (src/roads/road_system.js:286:13)

    console.log
      ≡ƒ¢ú∩╕Å ╨¥╨░╤ç╨░╨╗╨╛ ╤ü╨╛╨╖╨┤╨░╨╜╨╕╤Å ╨┤╨╛╤Ç╨╛╨╢╨╜╨╛╨╣ ╤ü╨╡╤é╨╕...

      at createRoadNetwork (src/roads/road_system.js:13:11)

    console.log
      ≡ƒôì ╨ö╨╛╨▒╨░╨▓╨╗╨╡╨╜╨╕╨╡ 228 ╤â╨╖╨╗╨╛╨▓...

      at createRoadNetwork (src/roads/road_system.js:82:13)

    console.log
      Γ£à ╨ö╨╛╨▒╨░╨▓╨╗╨╡╨╜╨╛ 228 ╨▓╨░╨╗╨╕╨┤╨╜╤ï╤à ╤â╨╖╨╗╨╛╨▓

      at createRoadNetwork (src/roads/road_system.js:106:13)

    console.log
      ≡ƒ¢ú∩╕Å ╨í╨╛╨╖╨┤╨░╨╜╨╕╨╡ ╨┤╨╛╤Ç╨╛╨│...

      at createRoadNetwork (src/roads/road_system.js:116:13)

    console.log
      Γ£à ╨í╨╛╨╖╨┤╨░╨╜╨╛ 256 ╨▓╨░╨╗╨╕╨┤╨╜╤ï╤à ╨┤╨╛╤Ç╨╛╨│

      at createRoadNetwork (src/roads/road_system.js:174:13)

    console.log
      ≡ƒôè ╨ÿ╤é╨╛╨│╨╛╨▓╨░╤Å ╤ü╨╡╤é╤î: { nodes: 227, roads: 255, lanes: 510, avgConnections: '2.25' }

      at createRoadNetwork (src/roads/road_system.js:180:13)

    console.log
      Γ£à ╨ö╨╛╤Ç╨╛╨╢╨╜╨░╤Å ╤ü╨╡╤é╤î ╤ü╨╛╨╖╨┤╨░╨╜╨░ ╤â╤ü╨┐╨╡╤ê╨╜╨╛

      at createRoadNetwork (src/roads/road_system.js:286:13)

FAIL tests/integration/traffic_flow.test.js (6.772 s)
  ΓùÅ Console

    console.log
      ≡ƒ¢ú∩╕Å ╨¥╨░╤ç╨░╨╗╨╛ ╤ü╨╛╨╖╨┤╨░╨╜╨╕╤Å ╨┤╨╛╤Ç╨╛╨╢╨╜╨╛╨╣ ╤ü╨╡╤é╨╕...

      at createRoadNetwork (src/roads/road_system.js:13:11)

    console.log
      ≡ƒôì ╨ö╨╛╨▒╨░╨▓╨╗╨╡╨╜╨╕╨╡ 228 ╤â╨╖╨╗╨╛╨▓...

      at createRoadNetwork (src/roads/road_system.js:82:13)

    console.log
      Γ£à ╨ö╨╛╨▒╨░╨▓╨╗╨╡╨╜╨╛ 228 ╨▓╨░╨╗╨╕╨┤╨╜╤ï╤à ╤â╨╖╨╗╨╛╨▓

      at createRoadNetwork (src/roads/road_system.js:106:13)

    console.log
      ≡ƒ¢ú∩╕Å ╨í╨╛╨╖╨┤╨░╨╜╨╕╨╡ ╨┤╨╛╤Ç╨╛╨│...

      at createRoadNetwork (src/roads/road_system.js:116:13)

    console.log
      Γ£à ╨í╨╛╨╖╨┤╨░╨╜╨╛ 256 ╨▓╨░╨╗╨╕╨┤╨╜╤ï╤à ╨┤╨╛╤Ç╨╛╨│

      at createRoadNetwork (src/roads/road_system.js:174:13)

    console.log
      ≡ƒôè ╨ÿ╤é╨╛╨│╨╛╨▓╨░╤Å ╤ü╨╡╤é╤î: { nodes: 227, roads: 255, lanes: 510, avgConnections: '2.25' }

      at createRoadNetwork (src/roads/road_system.js:180:13)

    console.log
      Γ£à ╨ö╨╛╤Ç╨╛╨╢╨╜╨░╤Å ╤ü╨╡╤é╤î ╤ü╨╛╨╖╨┤╨░╨╜╨░ ╤â╤ü╨┐╨╡╤ê╨╜╨╛

      at createRoadNetwork (src/roads/road_system.js:286:13)

    console.log
      ≡ƒÜù TrafficManager ╤ü╨╛╨╖╨┤╨░╨╜

      at new TrafficManager (src/traffic/traffic_manager.js:22:13)

    console.log
      ≡ƒÜù ╨ÿ╨╜╨╕╤å╨╕╨░╨╗╨╕╨╖╨░╤å╨╕╤Å TrafficManager...

      at TrafficManager.init (src/traffic/traffic_manager.js:28:13)

    console.log
      ≡ƒôè ╨ö╨╛╤Ç╨╛╨╢╨╜╨░╤Å ╤ü╨╡╤é╤î: { nodes: 227, roads: 255, lanes: 510, avgConnections: '2.25' }

      at TrafficManager.init (src/traffic/traffic_manager.js:36:13)

    console.log
      ≡ƒôª ╨ù╨░╨│╤Ç╤â╨╖╨║╨░ ╨╝╨╛╨┤╨╡╨╗╨╡╨╣ ╨╝╨░╤ê╨╕╨╜...

      at CarModels.loadAll (src/cars/CarModels.js:28:13)

    console.log
      Γ£à ╨£╨╛╨┤╨╡╨╗╤î ╨╖╨░╨│╤Ç╤â╨╢╨╡╨╜╨░: Buggy.glb

      at src/cars/CarModels.js:50:19

    console.log
      Γ£à ╨£╨╛╨┤╨╡╨╗╤î ╨╖╨░╨│╤Ç╤â╨╢╨╡╨╜╨░: CesiumMilkTruck.glb

      at src/cars/CarModels.js:50:19

    console.log
      Γ£à ╨£╨╛╨┤╨╡╨╗╤î ╨╖╨░╨│╤Ç╤â╨╢╨╡╨╜╨░: Duck.glb

      at src/cars/CarModels.js:50:19

    console.log
      Γ£à ╨ù╨░╨│╤Ç╤â╨╢╨╡╨╜╨╛ 3 ╨╝╨╛╨┤╨╡╨╗╨╡╨╣ ╨╝╨░╤ê╨╕╨╜

      at CarModels.loadAll (src/cars/CarModels.js:38:15)

    console.log
      Γ£à TrafficManager ╨╕╨╜╨╕╤å╨╕╨░╨╗╨╕╨╖╨╕╤Ç╨╛╨▓╨░╨╜

      at TrafficManager.init (src/traffic/traffic_manager.js:42:13)

    console.log
      ≡ƒÜù ╨í╨┐╨░╨▓╨╜ 1 ╨╝╨░╤ê╨╕╨╜...

      at TrafficManager.spawnCars (src/traffic/traffic_manager.js:50:13)

    console.log
      ≡ƒöì ╨ƒ╨╛╨╕╤ü╨║ ╨╝╨╛╨┤╨╡╨╗╨╕: Buggy.glb

      at CarModels.getModelByName (src/cars/CarModels.js:88:13)

    console.log
      ≡ƒôª ╨ö╨╛╤ü╤é╤â╨┐╨╜╤ï╨╡ ╨╝╨╛╨┤╨╡╨╗╨╕: [ 'Buggy.glb', 'CesiumMilkTruck.glb', 'Duck.glb' ]

      at CarModels.getModelByName (src/cars/CarModels.js:89:13)

    console.log
      Γ£à ╨£╨╛╨┤╨╡╨╗╤î Buggy.glb ╨╜╨░╨╣╨┤╨╡╨╜╨░

      at CarModels.getModelByName (src/cars/CarModels.js:108:13)

    console.log
      ≡ƒöä ╨ƒ╨╛╨┐╤ï╤é╨║╨░ ╤ü╨┐╨░╨▓╨╜╨░: Buggy.glb

      at TrafficManager.spawnCarWithModel (src/traffic/traffic_manager.js:90:13)

    console.log
      ≡ƒåò ╨í╨╛╨╖╨┤╨░╨╜╨░ ╨╝╨░╤ê╨╕╨╜╨░: Buggy.glb

      at TrafficManager.spawnCarWithModel (src/traffic/traffic_manager.js:128:13)

    console.log
      Γ£à ╨£╨░╤ê╨╕╨╜╨░ Buggy.glb ╤â╤ü╨┐╨╡╤ê╨╜╨╛ ╨╖╨░╤ü╨┐╨░╨▓╨╜╨╡╨╜╨░ ╨╕ ╨░╨║╤é╨╕╨▓╨╜╨░

      at TrafficManager.spawnCarWithModel (src/traffic/traffic_manager.js:151:13)

    console.log
      Γ£à ╨ú╤ü╨┐╨╡╤ê╨╜╨╛ ╨╖╨░╤ü╨┐╨░╨▓╨╜╨╡╨╜╨░ ╨╝╨░╤ê╨╕╨╜╨░ 1/1: Buggy.glb

      at TrafficManager.spawnCars (src/traffic/traffic_manager.js:66:21)

    console.log
      Γ£à ╨ÿ╤é╨╛╨│╨╛ ╨╖╨░╤ü╨┐╨░╨▓╨╜╨╡╨╜╨╛ 1/1 ╨╝╨░╤ê╨╕╨╜

      at TrafficManager.spawnCars (src/traffic/traffic_manager.js:75:13)

    console.log
      ≡ƒôè ╨É╨║╤é╨╕╨▓╨╜╤ï╤à ╨╝╨░╤ê╨╕╨╜: 1

      at TrafficManager.spawnCars (src/traffic/traffic_manager.js:76:13)

    console.log
      ≡ƒ¢ú∩╕Å ╨¥╨░╤ç╨░╨╗╨╛ ╤ü╨╛╨╖╨┤╨░╨╜╨╕╤Å ╨┤╨╛╤Ç╨╛╨╢╨╜╨╛╨╣ ╤ü╨╡╤é╨╕...

      at createRoadNetwork (src/roads/road_system.js:13:11)

    console.log
      ≡ƒôì ╨ö╨╛╨▒╨░╨▓╨╗╨╡╨╜╨╕╨╡ 228 ╤â╨╖╨╗╨╛╨▓...

      at createRoadNetwork (src/roads/road_system.js:82:13)

    console.log
      Γ£à ╨ö╨╛╨▒╨░╨▓╨╗╨╡╨╜╨╛ 228 ╨▓╨░╨╗╨╕╨┤╨╜╤ï╤à ╤â╨╖╨╗╨╛╨▓

      at createRoadNetwork (src/roads/road_system.js:106:13)

    console.log
      ≡ƒ¢ú∩╕Å ╨í╨╛╨╖╨┤╨░╨╜╨╕╨╡ ╨┤╨╛╤Ç╨╛╨│...

      at createRoadNetwork (src/roads/road_system.js:116:13)

    console.log
      Γ£à ╨í╨╛╨╖╨┤╨░╨╜╨╛ 256 ╨▓╨░╨╗╨╕╨┤╨╜╤ï╤à ╨┤╨╛╤Ç╨╛╨│

      at createRoadNetwork (src/roads/road_system.js:174:13)

    console.log
      ≡ƒôè ╨ÿ╤é╨╛╨│╨╛╨▓╨░╤Å ╤ü╨╡╤é╤î: { nodes: 227, roads: 255, lanes: 510, avgConnections: '2.25' }

      at createRoadNetwork (src/roads/road_system.js:180:13)

    console.log
      Γ£à ╨ö╨╛╤Ç╨╛╨╢╨╜╨░╤Å ╤ü╨╡╤é╤î ╤ü╨╛╨╖╨┤╨░╨╜╨░ ╤â╤ü╨┐╨╡╤ê╨╜╨╛

      at createRoadNetwork (src/roads/road_system.js:286:13)

    console.log
      ≡ƒÜù TrafficManager ╤ü╨╛╨╖╨┤╨░╨╜

      at new TrafficManager (src/traffic/traffic_manager.js:22:13)

    console.log
      ≡ƒÜù ╨ÿ╨╜╨╕╤å╨╕╨░╨╗╨╕╨╖╨░╤å╨╕╤Å TrafficManager...

      at TrafficManager.init (src/traffic/traffic_manager.js:28:13)

    console.log
      ≡ƒôè ╨ö╨╛╤Ç╨╛╨╢╨╜╨░╤Å ╤ü╨╡╤é╤î: { nodes: 227, roads: 255, lanes: 510, avgConnections: '2.25' }

      at TrafficManager.init (src/traffic/traffic_manager.js:36:13)

    console.log
      ≡ƒôª ╨ù╨░╨│╤Ç╤â╨╖╨║╨░ ╨╝╨╛╨┤╨╡╨╗╨╡╨╣ ╨╝╨░╤ê╨╕╨╜...

      at CarModels.loadAll (src/cars/CarModels.js:28:13)

    console.log
      Γ£à ╨£╨╛╨┤╨╡╨╗╤î ╨╖╨░╨│╤Ç╤â╨╢╨╡╨╜╨░: Buggy.glb

      at src/cars/CarModels.js:50:19

    console.log
      Γ£à ╨£╨╛╨┤╨╡╨╗╤î ╨╖╨░╨│╤Ç╤â╨╢╨╡╨╜╨░: CesiumMilkTruck.glb

      at src/cars/CarModels.js:50:19

    console.log
      Γ£à ╨£╨╛╨┤╨╡╨╗╤î ╨╖╨░╨│╤Ç╤â╨╢╨╡╨╜╨░: Duck.glb

      at src/cars/CarModels.js:50:19

    console.log
      Γ£à ╨ù╨░╨│╤Ç╤â╨╢╨╡╨╜╨╛ 3 ╨╝╨╛╨┤╨╡╨╗╨╡╨╣ ╨╝╨░╤ê╨╕╨╜

      at CarModels.loadAll (src/cars/CarModels.js:38:15)

    console.log
      Γ£à TrafficManager ╨╕╨╜╨╕╤å╨╕╨░╨╗╨╕╨╖╨╕╤Ç╨╛╨▓╨░╨╜

      at TrafficManager.init (src/traffic/traffic_manager.js:42:13)

    console.log
      ≡ƒÜù ╨í╨┐╨░╨▓╨╜ 3 ╨╝╨░╤ê╨╕╨╜...

      at TrafficManager.spawnCars (src/traffic/traffic_manager.js:50:13)

    console.log
      ≡ƒöì ╨ƒ╨╛╨╕╤ü╨║ ╨╝╨╛╨┤╨╡╨╗╨╕: Buggy.glb

      at CarModels.getModelByName (src/cars/CarModels.js:88:13)

    console.log
      ≡ƒôª ╨ö╨╛╤ü╤é╤â╨┐╨╜╤ï╨╡ ╨╝╨╛╨┤╨╡╨╗╨╕: [ 'Buggy.glb', 'CesiumMilkTruck.glb', 'Duck.glb' ]

      at CarModels.getModelByName (src/cars/CarModels.js:89:13)

    console.log
      Γ£à ╨£╨╛╨┤╨╡╨╗╤î Buggy.glb ╨╜╨░╨╣╨┤╨╡╨╜╨░

      at CarModels.getModelByName (src/cars/CarModels.js:108:13)

    console.log
      ≡ƒöä ╨ƒ╨╛╨┐╤ï╤é╨║╨░ ╤ü╨┐╨░╨▓╨╜╨░: Buggy.glb

      at TrafficManager.spawnCarWithModel (src/traffic/traffic_manager.js:90:13)

    console.log
      ≡ƒåò ╨í╨╛╨╖╨┤╨░╨╜╨░ ╨╝╨░╤ê╨╕╨╜╨░: Buggy.glb

      at TrafficManager.spawnCarWithModel (src/traffic/traffic_manager.js:128:13)

    console.log
      Γ£à ╨£╨░╤ê╨╕╨╜╨░ Buggy.glb ╤â╤ü╨┐╨╡╤ê╨╜╨╛ ╨╖╨░╤ü╨┐╨░╨▓╨╜╨╡╨╜╨░ ╨╕ ╨░╨║╤é╨╕╨▓╨╜╨░

      at TrafficManager.spawnCarWithModel (src/traffic/traffic_manager.js:151:13)

    console.log
      Γ£à ╨ú╤ü╨┐╨╡╤ê╨╜╨╛ ╨╖╨░╤ü╨┐╨░╨▓╨╜╨╡╨╜╨░ ╨╝╨░╤ê╨╕╨╜╨░ 1/3: Buggy.glb

      at TrafficManager.spawnCars (src/traffic/traffic_manager.js:66:21)

    console.log
      ≡ƒöì ╨ƒ╨╛╨╕╤ü╨║ ╨╝╨╛╨┤╨╡╨╗╨╕: Buggy.glb

      at CarModels.getModelByName (src/cars/CarModels.js:88:13)

    console.log
      ≡ƒôª ╨ö╨╛╤ü╤é╤â╨┐╨╜╤ï╨╡ ╨╝╨╛╨┤╨╡╨╗╨╕: [ 'Buggy.glb', 'CesiumMilkTruck.glb', 'Duck.glb' ]

      at CarModels.getModelByName (src/cars/CarModels.js:89:13)

    console.log
      Γ£à ╨£╨╛╨┤╨╡╨╗╤î Buggy.glb ╨╜╨░╨╣╨┤╨╡╨╜╨░

      at CarModels.getModelByName (src/cars/CarModels.js:108:13)

    console.log
      ≡ƒöä ╨ƒ╨╛╨┐╤ï╤é╨║╨░ ╤ü╨┐╨░╨▓╨╜╨░: Buggy.glb

      at TrafficManager.spawnCarWithModel (src/traffic/traffic_manager.js:90:13)

    console.log
      ≡ƒåò ╨í╨╛╨╖╨┤╨░╨╜╨░ ╨╝╨░╤ê╨╕╨╜╨░: Buggy.glb

      at TrafficManager.spawnCarWithModel (src/traffic/traffic_manager.js:128:13)

    console.log
      Γ£à ╨£╨░╤ê╨╕╨╜╨░ Buggy.glb ╤â╤ü╨┐╨╡╤ê╨╜╨╛ ╨╖╨░╤ü╨┐╨░╨▓╨╜╨╡╨╜╨░ ╨╕ ╨░╨║╤é╨╕╨▓╨╜╨░

      at TrafficManager.spawnCarWithModel (src/traffic/traffic_manager.js:151:13)

    console.log
      Γ£à ╨ú╤ü╨┐╨╡╤ê╨╜╨╛ ╨╖╨░╤ü╨┐╨░╨▓╨╜╨╡╨╜╨░ ╨╝╨░╤ê╨╕╨╜╨░ 2/3: Buggy.glb

      at TrafficManager.spawnCars (src/traffic/traffic_manager.js:66:21)

    console.log
      ≡ƒöì ╨ƒ╨╛╨╕╤ü╨║ ╨╝╨╛╨┤╨╡╨╗╨╕: Buggy.glb

      at CarModels.getModelByName (src/cars/CarModels.js:88:13)

    console.log
      ≡ƒôª ╨ö╨╛╤ü╤é╤â╨┐╨╜╤ï╨╡ ╨╝╨╛╨┤╨╡╨╗╨╕: [ 'Buggy.glb', 'CesiumMilkTruck.glb', 'Duck.glb' ]

      at CarModels.getModelByName (src/cars/CarModels.js:89:13)

    console.log
      Γ£à ╨£╨╛╨┤╨╡╨╗╤î Buggy.glb ╨╜╨░╨╣╨┤╨╡╨╜╨░

      at CarModels.getModelByName (src/cars/CarModels.js:108:13)

    console.log
      ≡ƒöä ╨ƒ╨╛╨┐╤ï╤é╨║╨░ ╤ü╨┐╨░╨▓╨╜╨░: Buggy.glb

      at TrafficManager.spawnCarWithModel (src/traffic/traffic_manager.js:90:13)

    console.log
      ≡ƒåò ╨í╨╛╨╖╨┤╨░╨╜╨░ ╨╝╨░╤ê╨╕╨╜╨░: Buggy.glb

      at TrafficManager.spawnCarWithModel (src/traffic/traffic_manager.js:128:13)

    console.log
      Γ£à ╨£╨░╤ê╨╕╨╜╨░ Buggy.glb ╤â╤ü╨┐╨╡╤ê╨╜╨╛ ╨╖╨░╤ü╨┐╨░╨▓╨╜╨╡╨╜╨░ ╨╕ ╨░╨║╤é╨╕╨▓╨╜╨░

      at TrafficManager.spawnCarWithModel (src/traffic/traffic_manager.js:151:13)

    console.log
      Γ£à ╨ú╤ü╨┐╨╡╤ê╨╜╨╛ ╨╖╨░╤ü╨┐╨░╨▓╨╜╨╡╨╜╨░ ╨╝╨░╤ê╨╕╨╜╨░ 3/3: Buggy.glb

      at TrafficManager.spawnCars (src/traffic/traffic_manager.js:66:21)

    console.log
      Γ£à ╨ÿ╤é╨╛╨│╨╛ ╨╖╨░╤ü╨┐╨░╨▓╨╜╨╡╨╜╨╛ 3/3 ╨╝╨░╤ê╨╕╨╜

      at TrafficManager.spawnCars (src/traffic/traffic_manager.js:75:13)

    console.log
      ≡ƒôè ╨É╨║╤é╨╕╨▓╨╜╤ï╤à ╨╝╨░╤ê╨╕╨╜: 3

      at TrafficManager.spawnCars (src/traffic/traffic_manager.js:76:13)

    console.log
      ≡ƒ¢ú∩╕Å ╨¥╨░╤ç╨░╨╗╨╛ ╤ü╨╛╨╖╨┤╨░╨╜╨╕╤Å ╨┤╨╛╤Ç╨╛╨╢╨╜╨╛╨╣ ╤ü╨╡╤é╨╕...

      at createRoadNetwork (src/roads/road_system.js:13:11)

    console.log
      ≡ƒôì ╨ö╨╛╨▒╨░╨▓╨╗╨╡╨╜╨╕╨╡ 228 ╤â╨╖╨╗╨╛╨▓...

      at createRoadNetwork (src/roads/road_system.js:82:13)

    console.log
      Γ£à ╨ö╨╛╨▒╨░╨▓╨╗╨╡╨╜╨╛ 228 ╨▓╨░╨╗╨╕╨┤╨╜╤ï╤à ╤â╨╖╨╗╨╛╨▓

      at createRoadNetwork (src/roads/road_system.js:106:13)

    console.log
      ≡ƒ¢ú∩╕Å ╨í╨╛╨╖╨┤╨░╨╜╨╕╨╡ ╨┤╨╛╤Ç╨╛╨│...

      at createRoadNetwork (src/roads/road_system.js:116:13)

    console.log
      Γ£à ╨í╨╛╨╖╨┤╨░╨╜╨╛ 256 ╨▓╨░╨╗╨╕╨┤╨╜╤ï╤à ╨┤╨╛╤Ç╨╛╨│

      at createRoadNetwork (src/roads/road_system.js:174:13)

    console.log
      ≡ƒôè ╨ÿ╤é╨╛╨│╨╛╨▓╨░╤Å ╤ü╨╡╤é╤î: { nodes: 227, roads: 255, lanes: 510, avgConnections: '2.25' }

      at createRoadNetwork (src/roads/road_system.js:180:13)

    console.log
      Γ£à ╨ö╨╛╤Ç╨╛╨╢╨╜╨░╤Å ╤ü╨╡╤é╤î ╤ü╨╛╨╖╨┤╨░╨╜╨░ ╤â╤ü╨┐╨╡╤ê╨╜╨╛

      at createRoadNetwork (src/roads/road_system.js:286:13)

    console.log
      ≡ƒÜù TrafficManager ╤ü╨╛╨╖╨┤╨░╨╜

      at new TrafficManager (src/traffic/traffic_manager.js:22:13)

    console.log
      ≡ƒÜù ╨ÿ╨╜╨╕╤å╨╕╨░╨╗╨╕╨╖╨░╤å╨╕╤Å TrafficManager...

      at TrafficManager.init (src/traffic/traffic_manager.js:28:13)

    console.log
      ≡ƒôè ╨ö╨╛╤Ç╨╛╨╢╨╜╨░╤Å ╤ü╨╡╤é╤î: { nodes: 227, roads: 255, lanes: 510, avgConnections: '2.25' }

      at TrafficManager.init (src/traffic/traffic_manager.js:36:13)

    console.log
      ≡ƒôª ╨ù╨░╨│╤Ç╤â╨╖╨║╨░ ╨╝╨╛╨┤╨╡╨╗╨╡╨╣ ╨╝╨░╤ê╨╕╨╜...

      at CarModels.loadAll (src/cars/CarModels.js:28:13)

    console.log
      Γ£à ╨£╨╛╨┤╨╡╨╗╤î ╨╖╨░╨│╤Ç╤â╨╢╨╡╨╜╨░: Buggy.glb

      at src/cars/CarModels.js:50:19

    console.log
      Γ£à ╨£╨╛╨┤╨╡╨╗╤î ╨╖╨░╨│╤Ç╤â╨╢╨╡╨╜╨░: CesiumMilkTruck.glb

      at src/cars/CarModels.js:50:19

    console.log
      Γ£à ╨£╨╛╨┤╨╡╨╗╤î ╨╖╨░╨│╤Ç╤â╨╢╨╡╨╜╨░: Duck.glb

      at src/cars/CarModels.js:50:19

    console.log
      Γ£à ╨ù╨░╨│╤Ç╤â╨╢╨╡╨╜╨╛ 3 ╨╝╨╛╨┤╨╡╨╗╨╡╨╣ ╨╝╨░╤ê╨╕╨╜

      at CarModels.loadAll (src/cars/CarModels.js:38:15)

    console.log
      Γ£à TrafficManager ╨╕╨╜╨╕╤å╨╕╨░╨╗╨╕╨╖╨╕╤Ç╨╛╨▓╨░╨╜

      at TrafficManager.init (src/traffic/traffic_manager.js:42:13)

    console.log
      ≡ƒÜù ╨í╨┐╨░╨▓╨╜ 3 ╨╝╨░╤ê╨╕╨╜...

      at TrafficManager.spawnCars (src/traffic/traffic_manager.js:50:13)

    console.log
      ≡ƒöì ╨ƒ╨╛╨╕╤ü╨║ ╨╝╨╛╨┤╨╡╨╗╨╕: Buggy.glb

      at CarModels.getModelByName (src/cars/CarModels.js:88:13)

    console.log
      ≡ƒôª ╨ö╨╛╤ü╤é╤â╨┐╨╜╤ï╨╡ ╨╝╨╛╨┤╨╡╨╗╨╕: [ 'Buggy.glb', 'CesiumMilkTruck.glb', 'Duck.glb' ]

      at CarModels.getModelByName (src/cars/CarModels.js:89:13)

    console.log
      Γ£à ╨£╨╛╨┤╨╡╨╗╤î Buggy.glb ╨╜╨░╨╣╨┤╨╡╨╜╨░

      at CarModels.getModelByName (src/cars/CarModels.js:108:13)

    console.log
      ≡ƒöä ╨ƒ╨╛╨┐╤ï╤é╨║╨░ ╤ü╨┐╨░╨▓╨╜╨░: Buggy.glb

      at TrafficManager.spawnCarWithModel (src/traffic/traffic_manager.js:90:13)

    console.log
      ≡ƒåò ╨í╨╛╨╖╨┤╨░╨╜╨░ ╨╝╨░╤ê╨╕╨╜╨░: Buggy.glb

      at TrafficManager.spawnCarWithModel (src/traffic/traffic_manager.js:128:13)

    console.log
      Γ£à ╨£╨░╤ê╨╕╨╜╨░ Buggy.glb ╤â╤ü╨┐╨╡╤ê╨╜╨╛ ╨╖╨░╤ü╨┐╨░╨▓╨╜╨╡╨╜╨░ ╨╕ ╨░╨║╤é╨╕╨▓╨╜╨░

      at TrafficManager.spawnCarWithModel (src/traffic/traffic_manager.js:151:13)

    console.log
      Γ£à ╨ú╤ü╨┐╨╡╤ê╨╜╨╛ ╨╖╨░╤ü╨┐╨░╨▓╨╜╨╡╨╜╨░ ╨╝╨░╤ê╨╕╨╜╨░ 1/3: Buggy.glb

      at TrafficManager.spawnCars (src/traffic/traffic_manager.js:66:21)

    console.log
      ≡ƒöì ╨ƒ╨╛╨╕╤ü╨║ ╨╝╨╛╨┤╨╡╨╗╨╕: Buggy.glb

      at CarModels.getModelByName (src/cars/CarModels.js:88:13)

    console.log
      ≡ƒôª ╨ö╨╛╤ü╤é╤â╨┐╨╜╤ï╨╡ ╨╝╨╛╨┤╨╡╨╗╨╕: [ 'Buggy.glb', 'CesiumMilkTruck.glb', 'Duck.glb' ]

      at CarModels.getModelByName (src/cars/CarModels.js:89:13)

    console.log
      Γ£à ╨£╨╛╨┤╨╡╨╗╤î Buggy.glb ╨╜╨░╨╣╨┤╨╡╨╜╨░

      at CarModels.getModelByName (src/cars/CarModels.js:108:13)

    console.log
      ≡ƒöä ╨ƒ╨╛╨┐╤ï╤é╨║╨░ ╤ü╨┐╨░╨▓╨╜╨░: Buggy.glb

      at TrafficManager.spawnCarWithModel (src/traffic/traffic_manager.js:90:13)

    console.log
      ≡ƒåò ╨í╨╛╨╖╨┤╨░╨╜╨░ ╨╝╨░╤ê╨╕╨╜╨░: Buggy.glb

      at TrafficManager.spawnCarWithModel (src/traffic/traffic_manager.js:128:13)

    console.log
      Γ£à ╨£╨░╤ê╨╕╨╜╨░ Buggy.glb ╤â╤ü╨┐╨╡╤ê╨╜╨╛ ╨╖╨░╤ü╨┐╨░╨▓╨╜╨╡╨╜╨░ ╨╕ ╨░╨║╤é╨╕╨▓╨╜╨░

      at TrafficManager.spawnCarWithModel (src/traffic/traffic_manager.js:151:13)

    console.log
      Γ£à ╨ú╤ü╨┐╨╡╤ê╨╜╨╛ ╨╖╨░╤ü╨┐╨░╨▓╨╜╨╡╨╜╨░ ╨╝╨░╤ê╨╕╨╜╨░ 2/3: Buggy.glb

      at TrafficManager.spawnCars (src/traffic/traffic_manager.js:66:21)

    console.log
      ≡ƒöì ╨ƒ╨╛╨╕╤ü╨║ ╨╝╨╛╨┤╨╡╨╗╨╕: Buggy.glb

      at CarModels.getModelByName (src/cars/CarModels.js:88:13)

    console.log
      ≡ƒôª ╨ö╨╛╤ü╤é╤â╨┐╨╜╤ï╨╡ ╨╝╨╛╨┤╨╡╨╗╨╕: [ 'Buggy.glb', 'CesiumMilkTruck.glb', 'Duck.glb' ]

      at CarModels.getModelByName (src/cars/CarModels.js:89:13)

    console.log
      Γ£à ╨£╨╛╨┤╨╡╨╗╤î Buggy.glb ╨╜╨░╨╣╨┤╨╡╨╜╨░

      at CarModels.getModelByName (src/cars/CarModels.js:108:13)

    console.log
      ≡ƒöä ╨ƒ╨╛╨┐╤ï╤é╨║╨░ ╤ü╨┐╨░╨▓╨╜╨░: Buggy.glb

      at TrafficManager.spawnCarWithModel (src/traffic/traffic_manager.js:90:13)

    console.log
      ≡ƒåò ╨í╨╛╨╖╨┤╨░╨╜╨░ ╨╝╨░╤ê╨╕╨╜╨░: Buggy.glb

      at TrafficManager.spawnCarWithModel (src/traffic/traffic_manager.js:128:13)

    console.log
      Γ£à ╨£╨░╤ê╨╕╨╜╨░ Buggy.glb ╤â╤ü╨┐╨╡╤ê╨╜╨╛ ╨╖╨░╤ü╨┐╨░╨▓╨╜╨╡╨╜╨░ ╨╕ ╨░╨║╤é╨╕╨▓╨╜╨░

      at TrafficManager.spawnCarWithModel (src/traffic/traffic_manager.js:151:13)

    console.log
      Γ£à ╨ú╤ü╨┐╨╡╤ê╨╜╨╛ ╨╖╨░╤ü╨┐╨░╨▓╨╜╨╡╨╜╨░ ╨╝╨░╤ê╨╕╨╜╨░ 3/3: Buggy.glb

      at TrafficManager.spawnCars (src/traffic/traffic_manager.js:66:21)

    console.log
      Γ£à ╨ÿ╤é╨╛╨│╨╛ ╨╖╨░╤ü╨┐╨░╨▓╨╜╨╡╨╜╨╛ 3/3 ╨╝╨░╤ê╨╕╨╜

      at TrafficManager.spawnCars (src/traffic/traffic_manager.js:75:13)

    console.log
      ≡ƒôè ╨É╨║╤é╨╕╨▓╨╜╤ï╤à ╨╝╨░╤ê╨╕╨╜: 3

      at TrafficManager.spawnCars (src/traffic/traffic_manager.js:76:13)

    console.log
      ≡ƒ¢ú∩╕Å ╨¥╨░╤ç╨░╨╗╨╛ ╤ü╨╛╨╖╨┤╨░╨╜╨╕╤Å ╨┤╨╛╤Ç╨╛╨╢╨╜╨╛╨╣ ╤ü╨╡╤é╨╕...

      at createRoadNetwork (src/roads/road_system.js:13:11)

    console.log
      ≡ƒôì ╨ö╨╛╨▒╨░╨▓╨╗╨╡╨╜╨╕╨╡ 228 ╤â╨╖╨╗╨╛╨▓...

      at createRoadNetwork (src/roads/road_system.js:82:13)

    console.log
      Γ£à ╨ö╨╛╨▒╨░╨▓╨╗╨╡╨╜╨╛ 228 ╨▓╨░╨╗╨╕╨┤╨╜╤ï╤à ╤â╨╖╨╗╨╛╨▓

      at createRoadNetwork (src/roads/road_system.js:106:13)

    console.log
      ≡ƒ¢ú∩╕Å ╨í╨╛╨╖╨┤╨░╨╜╨╕╨╡ ╨┤╨╛╤Ç╨╛╨│...

      at createRoadNetwork (src/roads/road_system.js:116:13)

    console.log
      Γ£à ╨í╨╛╨╖╨┤╨░╨╜╨╛ 256 ╨▓╨░╨╗╨╕╨┤╨╜╤ï╤à ╨┤╨╛╤Ç╨╛╨│

      at createRoadNetwork (src/roads/road_system.js:174:13)

    console.log
      ≡ƒôè ╨ÿ╤é╨╛╨│╨╛╨▓╨░╤Å ╤ü╨╡╤é╤î: { nodes: 227, roads: 255, lanes: 510, avgConnections: '2.25' }

      at createRoadNetwork (src/roads/road_system.js:180:13)

    console.log
      Γ£à ╨ö╨╛╤Ç╨╛╨╢╨╜╨░╤Å ╤ü╨╡╤é╤î ╤ü╨╛╨╖╨┤╨░╨╜╨░ ╤â╤ü╨┐╨╡╤ê╨╜╨╛

      at createRoadNetwork (src/roads/road_system.js:286:13)

    console.log
      ≡ƒÜù TrafficManager ╤ü╨╛╨╖╨┤╨░╨╜

      at new TrafficManager (src/traffic/traffic_manager.js:22:13)

    console.log
      ≡ƒÜù ╨ÿ╨╜╨╕╤å╨╕╨░╨╗╨╕╨╖╨░╤å╨╕╤Å TrafficManager...

      at TrafficManager.init (src/traffic/traffic_manager.js:28:13)

    console.log
      ≡ƒôè ╨ö╨╛╤Ç╨╛╨╢╨╜╨░╤Å ╤ü╨╡╤é╤î: { nodes: 227, roads: 255, lanes: 510, avgConnections: '2.25' }

      at TrafficManager.init (src/traffic/traffic_manager.js:36:13)

    console.log
      ≡ƒôª ╨ù╨░╨│╤Ç╤â╨╖╨║╨░ ╨╝╨╛╨┤╨╡╨╗╨╡╨╣ ╨╝╨░╤ê╨╕╨╜...

      at CarModels.loadAll (src/cars/CarModels.js:28:13)

    console.log
      Γ£à ╨£╨╛╨┤╨╡╨╗╤î ╨╖╨░╨│╤Ç╤â╨╢╨╡╨╜╨░: Buggy.glb

      at src/cars/CarModels.js:50:19

    console.log
      Γ£à ╨£╨╛╨┤╨╡╨╗╤î ╨╖╨░╨│╤Ç╤â╨╢╨╡╨╜╨░: CesiumMilkTruck.glb

      at src/cars/CarModels.js:50:19

    console.log
      Γ£à ╨£╨╛╨┤╨╡╨╗╤î ╨╖╨░╨│╤Ç╤â╨╢╨╡╨╜╨░: Duck.glb

      at src/cars/CarModels.js:50:19

    console.log
      Γ£à ╨ù╨░╨│╤Ç╤â╨╢╨╡╨╜╨╛ 3 ╨╝╨╛╨┤╨╡╨╗╨╡╨╣ ╨╝╨░╤ê╨╕╨╜

      at CarModels.loadAll (src/cars/CarModels.js:38:15)

    console.log
      Γ£à TrafficManager ╨╕╨╜╨╕╤å╨╕╨░╨╗╨╕╨╖╨╕╤Ç╨╛╨▓╨░╨╜

      at TrafficManager.init (src/traffic/traffic_manager.js:42:13)

    console.log
      ≡ƒÜù ╨í╨┐╨░╨▓╨╜ 2 ╨╝╨░╤ê╨╕╨╜...

      at TrafficManager.spawnCars (src/traffic/traffic_manager.js:50:13)

    console.log
      ≡ƒöì ╨ƒ╨╛╨╕╤ü╨║ ╨╝╨╛╨┤╨╡╨╗╨╕: Buggy.glb

      at CarModels.getModelByName (src/cars/CarModels.js:88:13)

    console.log
      ≡ƒôª ╨ö╨╛╤ü╤é╤â╨┐╨╜╤ï╨╡ ╨╝╨╛╨┤╨╡╨╗╨╕: [ 'Buggy.glb', 'CesiumMilkTruck.glb', 'Duck.glb' ]

      at CarModels.getModelByName (src/cars/CarModels.js:89:13)

    console.log
      Γ£à ╨£╨╛╨┤╨╡╨╗╤î Buggy.glb ╨╜╨░╨╣╨┤╨╡╨╜╨░

      at CarModels.getModelByName (src/cars/CarModels.js:108:13)

    console.log
      ≡ƒöä ╨ƒ╨╛╨┐╤ï╤é╨║╨░ ╤ü╨┐╨░╨▓╨╜╨░: Buggy.glb

      at TrafficManager.spawnCarWithModel (src/traffic/traffic_manager.js:90:13)

    console.log
      ≡ƒåò ╨í╨╛╨╖╨┤╨░╨╜╨░ ╨╝╨░╤ê╨╕╨╜╨░: Buggy.glb

      at TrafficManager.spawnCarWithModel (src/traffic/traffic_manager.js:128:13)

    console.log
      Γ£à ╨£╨░╤ê╨╕╨╜╨░ Buggy.glb ╤â╤ü╨┐╨╡╤ê╨╜╨╛ ╨╖╨░╤ü╨┐╨░╨▓╨╜╨╡╨╜╨░ ╨╕ ╨░╨║╤é╨╕╨▓╨╜╨░

      at TrafficManager.spawnCarWithModel (src/traffic/traffic_manager.js:151:13)

    console.log
      Γ£à ╨ú╤ü╨┐╨╡╤ê╨╜╨╛ ╨╖╨░╤ü╨┐╨░╨▓╨╜╨╡╨╜╨░ ╨╝╨░╤ê╨╕╨╜╨░ 1/2: Buggy.glb

      at TrafficManager.spawnCars (src/traffic/traffic_manager.js:66:21)

    console.log
      ≡ƒöì ╨ƒ╨╛╨╕╤ü╨║ ╨╝╨╛╨┤╨╡╨╗╨╕: Buggy.glb

      at CarModels.getModelByName (src/cars/CarModels.js:88:13)

    console.log
      ≡ƒôª ╨ö╨╛╤ü╤é╤â╨┐╨╜╤ï╨╡ ╨╝╨╛╨┤╨╡╨╗╨╕: [ 'Buggy.glb', 'CesiumMilkTruck.glb', 'Duck.glb' ]

      at CarModels.getModelByName (src/cars/CarModels.js:89:13)

    console.log
      Γ£à ╨£╨╛╨┤╨╡╨╗╤î Buggy.glb ╨╜╨░╨╣╨┤╨╡╨╜╨░

      at CarModels.getModelByName (src/cars/CarModels.js:108:13)

    console.log
      ≡ƒöä ╨ƒ╨╛╨┐╤ï╤é╨║╨░ ╤ü╨┐╨░╨▓╨╜╨░: Buggy.glb

      at TrafficManager.spawnCarWithModel (src/traffic/traffic_manager.js:90:13)

    console.log
      ≡ƒåò ╨í╨╛╨╖╨┤╨░╨╜╨░ ╨╝╨░╤ê╨╕╨╜╨░: Buggy.glb

      at TrafficManager.spawnCarWithModel (src/traffic/traffic_manager.js:128:13)

    console.log
      Γ£à ╨£╨░╤ê╨╕╨╜╨░ Buggy.glb ╤â╤ü╨┐╨╡╤ê╨╜╨╛ ╨╖╨░╤ü╨┐╨░╨▓╨╜╨╡╨╜╨░ ╨╕ ╨░╨║╤é╨╕╨▓╨╜╨░

      at TrafficManager.spawnCarWithModel (src/traffic/traffic_manager.js:151:13)

    console.log
      Γ£à ╨ú╤ü╨┐╨╡╤ê╨╜╨╛ ╨╖╨░╤ü╨┐╨░╨▓╨╜╨╡╨╜╨░ ╨╝╨░╤ê╨╕╨╜╨░ 2/2: Buggy.glb

      at TrafficManager.spawnCars (src/traffic/traffic_manager.js:66:21)

    console.log
      Γ£à ╨ÿ╤é╨╛╨│╨╛ ╨╖╨░╤ü╨┐╨░╨▓╨╜╨╡╨╜╨╛ 2/2 ╨╝╨░╤ê╨╕╨╜

      at TrafficManager.spawnCars (src/traffic/traffic_manager.js:75:13)

    console.log
      ≡ƒôè ╨É╨║╤é╨╕╨▓╨╜╤ï╤à ╨╝╨░╤ê╨╕╨╜: 2

      at TrafficManager.spawnCars (src/traffic/traffic_manager.js:76:13)

    console.log
      ≡ƒ¢ú∩╕Å ╨¥╨░╤ç╨░╨╗╨╛ ╤ü╨╛╨╖╨┤╨░╨╜╨╕╤Å ╨┤╨╛╤Ç╨╛╨╢╨╜╨╛╨╣ ╤ü╨╡╤é╨╕...

      at createRoadNetwork (src/roads/road_system.js:13:11)

    console.log
      ≡ƒôì ╨ö╨╛╨▒╨░╨▓╨╗╨╡╨╜╨╕╨╡ 228 ╤â╨╖╨╗╨╛╨▓...

      at createRoadNetwork (src/roads/road_system.js:82:13)

    console.log
      Γ£à ╨ö╨╛╨▒╨░╨▓╨╗╨╡╨╜╨╛ 228 ╨▓╨░╨╗╨╕╨┤╨╜╤ï╤à ╤â╨╖╨╗╨╛╨▓

      at createRoadNetwork (src/roads/road_system.js:106:13)

    console.log
      ≡ƒ¢ú∩╕Å ╨í╨╛╨╖╨┤╨░╨╜╨╕╨╡ ╨┤╨╛╤Ç╨╛╨│...

      at createRoadNetwork (src/roads/road_system.js:116:13)

    console.log
      Γ£à ╨í╨╛╨╖╨┤╨░╨╜╨╛ 256 ╨▓╨░╨╗╨╕╨┤╨╜╤ï╤à ╨┤╨╛╤Ç╨╛╨│

      at createRoadNetwork (src/roads/road_system.js:174:13)

    console.log
      ≡ƒôè ╨ÿ╤é╨╛╨│╨╛╨▓╨░╤Å ╤ü╨╡╤é╤î: { nodes: 227, roads: 255, lanes: 510, avgConnections: '2.25' }

      at createRoadNetwork (src/roads/road_system.js:180:13)

    console.log
      Γ£à ╨ö╨╛╤Ç╨╛╨╢╨╜╨░╤Å ╤ü╨╡╤é╤î ╤ü╨╛╨╖╨┤╨░╨╜╨░ ╤â╤ü╨┐╨╡╤ê╨╜╨╛

      at createRoadNetwork (src/roads/road_system.js:286:13)

    console.log
      ≡ƒÜù TrafficManager ╤ü╨╛╨╖╨┤╨░╨╜

      at new TrafficManager (src/traffic/traffic_manager.js:22:13)

    console.log
      ≡ƒÜù ╨ÿ╨╜╨╕╤å╨╕╨░╨╗╨╕╨╖╨░╤å╨╕╤Å TrafficManager...

      at TrafficManager.init (src/traffic/traffic_manager.js:28:13)

    console.log
      ≡ƒôè ╨ö╨╛╤Ç╨╛╨╢╨╜╨░╤Å ╤ü╨╡╤é╤î: { nodes: 227, roads: 255, lanes: 510, avgConnections: '2.25' }

      at TrafficManager.init (src/traffic/traffic_manager.js:36:13)

    console.log
      ≡ƒôª ╨ù╨░╨│╤Ç╤â╨╖╨║╨░ ╨╝╨╛╨┤╨╡╨╗╨╡╨╣ ╨╝╨░╤ê╨╕╨╜...

      at CarModels.loadAll (src/cars/CarModels.js:28:13)

    console.log
      Γ£à ╨£╨╛╨┤╨╡╨╗╤î ╨╖╨░╨│╤Ç╤â╨╢╨╡╨╜╨░: Buggy.glb

      at src/cars/CarModels.js:50:19

    console.log
      Γ£à ╨£╨╛╨┤╨╡╨╗╤î ╨╖╨░╨│╤Ç╤â╨╢╨╡╨╜╨░: CesiumMilkTruck.glb

      at src/cars/CarModels.js:50:19

    console.log
      Γ£à ╨£╨╛╨┤╨╡╨╗╤î ╨╖╨░╨│╤Ç╤â╨╢╨╡╨╜╨░: Duck.glb

      at src/cars/CarModels.js:50:19

    console.log
      Γ£à ╨ù╨░╨│╤Ç╤â╨╢╨╡╨╜╨╛ 3 ╨╝╨╛╨┤╨╡╨╗╨╡╨╣ ╨╝╨░╤ê╨╕╨╜

      at CarModels.loadAll (src/cars/CarModels.js:38:15)

    console.log
      Γ£à TrafficManager ╨╕╨╜╨╕╤å╨╕╨░╨╗╨╕╨╖╨╕╤Ç╨╛╨▓╨░╨╜

      at TrafficManager.init (src/traffic/traffic_manager.js:42:13)

    console.log
      ≡ƒÜù ╨í╨┐╨░╨▓╨╜ 2 ╨╝╨░╤ê╨╕╨╜...

      at TrafficManager.spawnCars (src/traffic/traffic_manager.js:50:13)

    console.log
      ≡ƒöì ╨ƒ╨╛╨╕╤ü╨║ ╨╝╨╛╨┤╨╡╨╗╨╕: Buggy.glb

      at CarModels.getModelByName (src/cars/CarModels.js:88:13)

    console.log
      ≡ƒôª ╨ö╨╛╤ü╤é╤â╨┐╨╜╤ï╨╡ ╨╝╨╛╨┤╨╡╨╗╨╕: [ 'Buggy.glb', 'CesiumMilkTruck.glb', 'Duck.glb' ]

      at CarModels.getModelByName (src/cars/CarModels.js:89:13)

    console.log
      Γ£à ╨£╨╛╨┤╨╡╨╗╤î Buggy.glb ╨╜╨░╨╣╨┤╨╡╨╜╨░

      at CarModels.getModelByName (src/cars/CarModels.js:108:13)

    console.log
      ≡ƒöä ╨ƒ╨╛╨┐╤ï╤é╨║╨░ ╤ü╨┐╨░╨▓╨╜╨░: Buggy.glb

      at TrafficManager.spawnCarWithModel (src/traffic/traffic_manager.js:90:13)

    console.log
      ≡ƒåò ╨í╨╛╨╖╨┤╨░╨╜╨░ ╨╝╨░╤ê╨╕╨╜╨░: Buggy.glb

      at TrafficManager.spawnCarWithModel (src/traffic/traffic_manager.js:128:13)

    console.log
      Γ£à ╨£╨░╤ê╨╕╨╜╨░ Buggy.glb ╤â╤ü╨┐╨╡╤ê╨╜╨╛ ╨╖╨░╤ü╨┐╨░╨▓╨╜╨╡╨╜╨░ ╨╕ ╨░╨║╤é╨╕╨▓╨╜╨░

      at TrafficManager.spawnCarWithModel (src/traffic/traffic_manager.js:151:13)

    console.log
      Γ£à ╨ú╤ü╨┐╨╡╤ê╨╜╨╛ ╨╖╨░╤ü╨┐╨░╨▓╨╜╨╡╨╜╨░ ╨╝╨░╤ê╨╕╨╜╨░ 1/2: Buggy.glb

      at TrafficManager.spawnCars (src/traffic/traffic_manager.js:66:21)

    console.log
      ≡ƒöì ╨ƒ╨╛╨╕╤ü╨║ ╨╝╨╛╨┤╨╡╨╗╨╕: Buggy.glb

      at CarModels.getModelByName (src/cars/CarModels.js:88:13)

    console.log
      ≡ƒôª ╨ö╨╛╤ü╤é╤â╨┐╨╜╤ï╨╡ ╨╝╨╛╨┤╨╡╨╗╨╕: [ 'Buggy.glb', 'CesiumMilkTruck.glb', 'Duck.glb' ]

      at CarModels.getModelByName (src/cars/CarModels.js:89:13)

    console.log
      Γ£à ╨£╨╛╨┤╨╡╨╗╤î Buggy.glb ╨╜╨░╨╣╨┤╨╡╨╜╨░

      at CarModels.getModelByName (src/cars/CarModels.js:108:13)

    console.log
      ≡ƒöä ╨ƒ╨╛╨┐╤ï╤é╨║╨░ ╤ü╨┐╨░╨▓╨╜╨░: Buggy.glb

      at TrafficManager.spawnCarWithModel (src/traffic/traffic_manager.js:90:13)

    console.log
      ≡ƒåò ╨í╨╛╨╖╨┤╨░╨╜╨░ ╨╝╨░╤ê╨╕╨╜╨░: Buggy.glb

      at TrafficManager.spawnCarWithModel (src/traffic/traffic_manager.js:128:13)

    console.log
      Γ£à ╨£╨░╤ê╨╕╨╜╨░ Buggy.glb ╤â╤ü╨┐╨╡╤ê╨╜╨╛ ╨╖╨░╤ü╨┐╨░╨▓╨╜╨╡╨╜╨░ ╨╕ ╨░╨║╤é╨╕╨▓╨╜╨░

      at TrafficManager.spawnCarWithModel (src/traffic/traffic_manager.js:151:13)

    console.log
      Γ£à ╨ú╤ü╨┐╨╡╤ê╨╜╨╛ ╨╖╨░╤ü╨┐╨░╨▓╨╜╨╡╨╜╨░ ╨╝╨░╤ê╨╕╨╜╨░ 2/2: Buggy.glb

      at TrafficManager.spawnCars (src/traffic/traffic_manager.js:66:21)

    console.log
      Γ£à ╨ÿ╤é╨╛╨│╨╛ ╨╖╨░╤ü╨┐╨░╨▓╨╜╨╡╨╜╨╛ 2/2 ╨╝╨░╤ê╨╕╨╜

      at TrafficManager.spawnCars (src/traffic/traffic_manager.js:75:13)

    console.log
      ≡ƒôè ╨É╨║╤é╨╕╨▓╨╜╤ï╤à ╨╝╨░╤ê╨╕╨╜: 2

      at TrafficManager.spawnCars (src/traffic/traffic_manager.js:76:13)

    console.log
      ≡ƒ¢ú∩╕Å ╨¥╨░╤ç╨░╨╗╨╛ ╤ü╨╛╨╖╨┤╨░╨╜╨╕╤Å ╨┤╨╛╤Ç╨╛╨╢╨╜╨╛╨╣ ╤ü╨╡╤é╨╕...

      at createRoadNetwork (src/roads/road_system.js:13:11)

    console.log
      ≡ƒôì ╨ö╨╛╨▒╨░╨▓╨╗╨╡╨╜╨╕╨╡ 228 ╤â╨╖╨╗╨╛╨▓...

      at createRoadNetwork (src/roads/road_system.js:82:13)

    console.log
      Γ£à ╨ö╨╛╨▒╨░╨▓╨╗╨╡╨╜╨╛ 228 ╨▓╨░╨╗╨╕╨┤╨╜╤ï╤à ╤â╨╖╨╗╨╛╨▓

      at createRoadNetwork (src/roads/road_system.js:106:13)

    console.log
      ≡ƒ¢ú∩╕Å ╨í╨╛╨╖╨┤╨░╨╜╨╕╨╡ ╨┤╨╛╤Ç╨╛╨│...

      at createRoadNetwork (src/roads/road_system.js:116:13)

    console.log
      Γ£à ╨í╨╛╨╖╨┤╨░╨╜╨╛ 256 ╨▓╨░╨╗╨╕╨┤╨╜╤ï╤à ╨┤╨╛╤Ç╨╛╨│

      at createRoadNetwork (src/roads/road_system.js:174:13)

    console.log
      ≡ƒôè ╨ÿ╤é╨╛╨│╨╛╨▓╨░╤Å ╤ü╨╡╤é╤î: { nodes: 227, roads: 255, lanes: 510, avgConnections: '2.25' }

      at createRoadNetwork (src/roads/road_system.js:180:13)

    console.log
      Γ£à ╨ö╨╛╤Ç╨╛╨╢╨╜╨░╤Å ╤ü╨╡╤é╤î ╤ü╨╛╨╖╨┤╨░╨╜╨░ ╤â╤ü╨┐╨╡╤ê╨╜╨╛

      at createRoadNetwork (src/roads/road_system.js:286:13)

    console.log
      ≡ƒÜù TrafficManager ╤ü╨╛╨╖╨┤╨░╨╜

      at new TrafficManager (src/traffic/traffic_manager.js:22:13)

    console.log
      ≡ƒÜù ╨ÿ╨╜╨╕╤å╨╕╨░╨╗╨╕╨╖╨░╤å╨╕╤Å TrafficManager...

      at TrafficManager.init (src/traffic/traffic_manager.js:28:13)

    console.log
      ≡ƒôè ╨ö╨╛╤Ç╨╛╨╢╨╜╨░╤Å ╤ü╨╡╤é╤î: { nodes: 227, roads: 255, lanes: 510, avgConnections: '2.25' }

      at TrafficManager.init (src/traffic/traffic_manager.js:36:13)

    console.log
      ≡ƒôª ╨ù╨░╨│╤Ç╤â╨╖╨║╨░ ╨╝╨╛╨┤╨╡╨╗╨╡╨╣ ╨╝╨░╤ê╨╕╨╜...

      at CarModels.loadAll (src/cars/CarModels.js:28:13)

    console.log
      Γ£à ╨£╨╛╨┤╨╡╨╗╤î ╨╖╨░╨│╤Ç╤â╨╢╨╡╨╜╨░: Buggy.glb

      at src/cars/CarModels.js:50:19

    console.log
      Γ£à ╨£╨╛╨┤╨╡╨╗╤î ╨╖╨░╨│╤Ç╤â╨╢╨╡╨╜╨░: CesiumMilkTruck.glb

      at src/cars/CarModels.js:50:19

    console.log
      Γ£à ╨£╨╛╨┤╨╡╨╗╤î ╨╖╨░╨│╤Ç╤â╨╢╨╡╨╜╨░: Duck.glb

      at src/cars/CarModels.js:50:19

    console.log
      Γ£à ╨ù╨░╨│╤Ç╤â╨╢╨╡╨╜╨╛ 3 ╨╝╨╛╨┤╨╡╨╗╨╡╨╣ ╨╝╨░╤ê╨╕╨╜

      at CarModels.loadAll (src/cars/CarModels.js:38:15)

    console.log
      Γ£à TrafficManager ╨╕╨╜╨╕╤å╨╕╨░╨╗╨╕╨╖╨╕╤Ç╨╛╨▓╨░╨╜

      at TrafficManager.init (src/traffic/traffic_manager.js:42:13)

    console.log
      ≡ƒÜù ╨í╨┐╨░╨▓╨╜ 2 ╨╝╨░╤ê╨╕╨╜...

      at TrafficManager.spawnCars (src/traffic/traffic_manager.js:50:13)

    console.log
      ≡ƒöì ╨ƒ╨╛╨╕╤ü╨║ ╨╝╨╛╨┤╨╡╨╗╨╕: Buggy.glb

      at CarModels.getModelByName (src/cars/CarModels.js:88:13)

    console.log
      ≡ƒôª ╨ö╨╛╤ü╤é╤â╨┐╨╜╤ï╨╡ ╨╝╨╛╨┤╨╡╨╗╨╕: [ 'Buggy.glb', 'CesiumMilkTruck.glb', 'Duck.glb' ]

      at CarModels.getModelByName (src/cars/CarModels.js:89:13)

    console.log
      Γ£à ╨£╨╛╨┤╨╡╨╗╤î Buggy.glb ╨╜╨░╨╣╨┤╨╡╨╜╨░

      at CarModels.getModelByName (src/cars/CarModels.js:108:13)

    console.log
      ≡ƒöä ╨ƒ╨╛╨┐╤ï╤é╨║╨░ ╤ü╨┐╨░╨▓╨╜╨░: Buggy.glb

      at TrafficManager.spawnCarWithModel (src/traffic/traffic_manager.js:90:13)

    console.log
      ≡ƒåò ╨í╨╛╨╖╨┤╨░╨╜╨░ ╨╝╨░╤ê╨╕╨╜╨░: Buggy.glb

      at TrafficManager.spawnCarWithModel (src/traffic/traffic_manager.js:128:13)

    console.log
      Γ£à ╨£╨░╤ê╨╕╨╜╨░ Buggy.glb ╤â╤ü╨┐╨╡╤ê╨╜╨╛ ╨╖╨░╤ü╨┐╨░╨▓╨╜╨╡╨╜╨░ ╨╕ ╨░╨║╤é╨╕╨▓╨╜╨░

      at TrafficManager.spawnCarWithModel (src/traffic/traffic_manager.js:151:13)

    console.log
      Γ£à ╨ú╤ü╨┐╨╡╤ê╨╜╨╛ ╨╖╨░╤ü╨┐╨░╨▓╨╜╨╡╨╜╨░ ╨╝╨░╤ê╨╕╨╜╨░ 1/2: Buggy.glb

      at TrafficManager.spawnCars (src/traffic/traffic_manager.js:66:21)

    console.log
      ≡ƒöì ╨ƒ╨╛╨╕╤ü╨║ ╨╝╨╛╨┤╨╡╨╗╨╕: Buggy.glb

      at CarModels.getModelByName (src/cars/CarModels.js:88:13)

    console.log
      ≡ƒôª ╨ö╨╛╤ü╤é╤â╨┐╨╜╤ï╨╡ ╨╝╨╛╨┤╨╡╨╗╨╕: [ 'Buggy.glb', 'CesiumMilkTruck.glb', 'Duck.glb' ]

      at CarModels.getModelByName (src/cars/CarModels.js:89:13)

    console.log
      Γ£à ╨£╨╛╨┤╨╡╨╗╤î Buggy.glb ╨╜╨░╨╣╨┤╨╡╨╜╨░

      at CarModels.getModelByName (src/cars/CarModels.js:108:13)

    console.log
      ≡ƒöä ╨ƒ╨╛╨┐╤ï╤é╨║╨░ ╤ü╨┐╨░╨▓╨╜╨░: Buggy.glb

      at TrafficManager.spawnCarWithModel (src/traffic/traffic_manager.js:90:13)

    console.log
      ≡ƒåò ╨í╨╛╨╖╨┤╨░╨╜╨░ ╨╝╨░╤ê╨╕╨╜╨░: Buggy.glb

      at TrafficManager.spawnCarWithModel (src/traffic/traffic_manager.js:128:13)

    console.log
      Γ£à ╨£╨░╤ê╨╕╨╜╨░ Buggy.glb ╤â╤ü╨┐╨╡╤ê╨╜╨╛ ╨╖╨░╤ü╨┐╨░╨▓╨╜╨╡╨╜╨░ ╨╕ ╨░╨║╤é╨╕╨▓╨╜╨░

      at TrafficManager.spawnCarWithModel (src/traffic/traffic_manager.js:151:13)

    console.log
      Γ£à ╨ú╤ü╨┐╨╡╤ê╨╜╨╛ ╨╖╨░╤ü╨┐╨░╨▓╨╜╨╡╨╜╨░ ╨╝╨░╤ê╨╕╨╜╨░ 2/2: Buggy.glb

      at TrafficManager.spawnCars (src/traffic/traffic_manager.js:66:21)

    console.log
      Γ£à ╨ÿ╤é╨╛╨│╨╛ ╨╖╨░╤ü╨┐╨░╨▓╨╜╨╡╨╜╨╛ 2/2 ╨╝╨░╤ê╨╕╨╜

      at TrafficManager.spawnCars (src/traffic/traffic_manager.js:75:13)

    console.log
      ≡ƒôè ╨É╨║╤é╨╕╨▓╨╜╤ï╤à ╨╝╨░╤ê╨╕╨╜: 2

      at TrafficManager.spawnCars (src/traffic/traffic_manager.js:76:13)

    console.log
      ≡ƒ¢ú∩╕Å ╨¥╨░╤ç╨░╨╗╨╛ ╤ü╨╛╨╖╨┤╨░╨╜╨╕╤Å ╨┤╨╛╤Ç╨╛╨╢╨╜╨╛╨╣ ╤ü╨╡╤é╨╕...

      at createRoadNetwork (src/roads/road_system.js:13:11)

    console.log
      ≡ƒôì ╨ö╨╛╨▒╨░╨▓╨╗╨╡╨╜╨╕╨╡ 228 ╤â╨╖╨╗╨╛╨▓...

      at createRoadNetwork (src/roads/road_system.js:82:13)

    console.log
      Γ£à ╨ö╨╛╨▒╨░╨▓╨╗╨╡╨╜╨╛ 228 ╨▓╨░╨╗╨╕╨┤╨╜╤ï╤à ╤â╨╖╨╗╨╛╨▓

      at createRoadNetwork (src/roads/road_system.js:106:13)

    console.log
      ≡ƒ¢ú∩╕Å ╨í╨╛╨╖╨┤╨░╨╜╨╕╨╡ ╨┤╨╛╤Ç╨╛╨│...

      at createRoadNetwork (src/roads/road_system.js:116:13)

    console.log
      Γ£à ╨í╨╛╨╖╨┤╨░╨╜╨╛ 256 ╨▓╨░╨╗╨╕╨┤╨╜╤ï╤à ╨┤╨╛╤Ç╨╛╨│

      at createRoadNetwork (src/roads/road_system.js:174:13)

    console.log
      ≡ƒôè ╨ÿ╤é╨╛╨│╨╛╨▓╨░╤Å ╤ü╨╡╤é╤î: { nodes: 227, roads: 255, lanes: 510, avgConnections: '2.25' }

      at createRoadNetwork (src/roads/road_system.js:180:13)

    console.log
      Γ£à ╨ö╨╛╤Ç╨╛╨╢╨╜╨░╤Å ╤ü╨╡╤é╤î ╤ü╨╛╨╖╨┤╨░╨╜╨░ ╤â╤ü╨┐╨╡╤ê╨╜╨╛

      at createRoadNetwork (src/roads/road_system.js:286:13)

    console.log
      ≡ƒÜù TrafficManager ╤ü╨╛╨╖╨┤╨░╨╜

      at new TrafficManager (src/traffic/traffic_manager.js:22:13)

    console.log
      ≡ƒÜù ╨ÿ╨╜╨╕╤å╨╕╨░╨╗╨╕╨╖╨░╤å╨╕╤Å TrafficManager...

      at TrafficManager.init (src/traffic/traffic_manager.js:28:13)

    console.log
      ≡ƒôè ╨ö╨╛╤Ç╨╛╨╢╨╜╨░╤Å ╤ü╨╡╤é╤î: { nodes: 227, roads: 255, lanes: 510, avgConnections: '2.25' }

      at TrafficManager.init (src/traffic/traffic_manager.js:36:13)

    console.log
      ≡ƒôª ╨ù╨░╨│╤Ç╤â╨╖╨║╨░ ╨╝╨╛╨┤╨╡╨╗╨╡╨╣ ╨╝╨░╤ê╨╕╨╜...

      at CarModels.loadAll (src/cars/CarModels.js:28:13)

    console.log
      Γ£à ╨£╨╛╨┤╨╡╨╗╤î ╨╖╨░╨│╤Ç╤â╨╢╨╡╨╜╨░: Buggy.glb

      at src/cars/CarModels.js:50:19

    console.log
      Γ£à ╨£╨╛╨┤╨╡╨╗╤î ╨╖╨░╨│╤Ç╤â╨╢╨╡╨╜╨░: CesiumMilkTruck.glb

      at src/cars/CarModels.js:50:19

    console.log
      Γ£à ╨£╨╛╨┤╨╡╨╗╤î ╨╖╨░╨│╤Ç╤â╨╢╨╡╨╜╨░: Duck.glb

      at src/cars/CarModels.js:50:19

    console.log
      Γ£à ╨ù╨░╨│╤Ç╤â╨╢╨╡╨╜╨╛ 3 ╨╝╨╛╨┤╨╡╨╗╨╡╨╣ ╨╝╨░╤ê╨╕╨╜

      at CarModels.loadAll (src/cars/CarModels.js:38:15)

    console.log
      Γ£à TrafficManager ╨╕╨╜╨╕╤å╨╕╨░╨╗╨╕╨╖╨╕╤Ç╨╛╨▓╨░╨╜

      at TrafficManager.init (src/traffic/traffic_manager.js:42:13)

    console.log
      ≡ƒÜù ╨í╨┐╨░╨▓╨╜ 2 ╨╝╨░╤ê╨╕╨╜...

      at TrafficManager.spawnCars (src/traffic/traffic_manager.js:50:13)

    console.log
      ≡ƒöì ╨ƒ╨╛╨╕╤ü╨║ ╨╝╨╛╨┤╨╡╨╗╨╕: Buggy.glb

      at CarModels.getModelByName (src/cars/CarModels.js:88:13)

    console.log
      ≡ƒôª ╨ö╨╛╤ü╤é╤â╨┐╨╜╤ï╨╡ ╨╝╨╛╨┤╨╡╨╗╨╕: [ 'Buggy.glb', 'CesiumMilkTruck.glb', 'Duck.glb' ]

      at CarModels.getModelByName (src/cars/CarModels.js:89:13)

    console.log
      Γ£à ╨£╨╛╨┤╨╡╨╗╤î Buggy.glb ╨╜╨░╨╣╨┤╨╡╨╜╨░

      at CarModels.getModelByName (src/cars/CarModels.js:108:13)

    console.log
      ≡ƒöä ╨ƒ╨╛╨┐╤ï╤é╨║╨░ ╤ü╨┐╨░╨▓╨╜╨░: Buggy.glb

      at TrafficManager.spawnCarWithModel (src/traffic/traffic_manager.js:90:13)

    console.log
      ≡ƒåò ╨í╨╛╨╖╨┤╨░╨╜╨░ ╨╝╨░╤ê╨╕╨╜╨░: Buggy.glb

      at TrafficManager.spawnCarWithModel (src/traffic/traffic_manager.js:128:13)

    console.log
      Γ£à ╨£╨░╤ê╨╕╨╜╨░ Buggy.glb ╤â╤ü╨┐╨╡╤ê╨╜╨╛ ╨╖╨░╤ü╨┐╨░╨▓╨╜╨╡╨╜╨░ ╨╕ ╨░╨║╤é╨╕╨▓╨╜╨░

      at TrafficManager.spawnCarWithModel (src/traffic/traffic_manager.js:151:13)

    console.log
      Γ£à ╨ú╤ü╨┐╨╡╤ê╨╜╨╛ ╨╖╨░╤ü╨┐╨░╨▓╨╜╨╡╨╜╨░ ╨╝╨░╤ê╨╕╨╜╨░ 1/2: Buggy.glb

      at TrafficManager.spawnCars (src/traffic/traffic_manager.js:66:21)

    console.log
      ≡ƒöì ╨ƒ╨╛╨╕╤ü╨║ ╨╝╨╛╨┤╨╡╨╗╨╕: Buggy.glb

      at CarModels.getModelByName (src/cars/CarModels.js:88:13)

    console.log
      ≡ƒôª ╨ö╨╛╤ü╤é╤â╨┐╨╜╤ï╨╡ ╨╝╨╛╨┤╨╡╨╗╨╕: [ 'Buggy.glb', 'CesiumMilkTruck.glb', 'Duck.glb' ]

      at CarModels.getModelByName (src/cars/CarModels.js:89:13)

    console.log
      Γ£à ╨£╨╛╨┤╨╡╨╗╤î Buggy.glb ╨╜╨░╨╣╨┤╨╡╨╜╨░

      at CarModels.getModelByName (src/cars/CarModels.js:108:13)

    console.log
      ≡ƒöä ╨ƒ╨╛╨┐╤ï╤é╨║╨░ ╤ü╨┐╨░╨▓╨╜╨░: Buggy.glb

      at TrafficManager.spawnCarWithModel (src/traffic/traffic_manager.js:90:13)

    console.log
      ≡ƒåò ╨í╨╛╨╖╨┤╨░╨╜╨░ ╨╝╨░╤ê╨╕╨╜╨░: Buggy.glb

      at TrafficManager.spawnCarWithModel (src/traffic/traffic_manager.js:128:13)

    console.log
      Γ£à ╨£╨░╤ê╨╕╨╜╨░ Buggy.glb ╤â╤ü╨┐╨╡╤ê╨╜╨╛ ╨╖╨░╤ü╨┐╨░╨▓╨╜╨╡╨╜╨░ ╨╕ ╨░╨║╤é╨╕╨▓╨╜╨░

      at TrafficManager.spawnCarWithModel (src/traffic/traffic_manager.js:151:13)

    console.log
      Γ£à ╨ú╤ü╨┐╨╡╤ê╨╜╨╛ ╨╖╨░╤ü╨┐╨░╨▓╨╜╨╡╨╜╨░ ╨╝╨░╤ê╨╕╨╜╨░ 2/2: Buggy.glb

      at TrafficManager.spawnCars (src/traffic/traffic_manager.js:66:21)

    console.log
      Γ£à ╨ÿ╤é╨╛╨│╨╛ ╨╖╨░╤ü╨┐╨░╨▓╨╜╨╡╨╜╨╛ 2/2 ╨╝╨░╤ê╨╕╨╜

      at TrafficManager.spawnCars (src/traffic/traffic_manager.js:75:13)

    console.log
      ≡ƒôè ╨É╨║╤é╨╕╨▓╨╜╤ï╤à ╨╝╨░╤ê╨╕╨╜: 2

      at TrafficManager.spawnCars (src/traffic/traffic_manager.js:76:13)

    console.log
      ≡ƒ¢ú∩╕Å ╨¥╨░╤ç╨░╨╗╨╛ ╤ü╨╛╨╖╨┤╨░╨╜╨╕╤Å ╨┤╨╛╤Ç╨╛╨╢╨╜╨╛╨╣ ╤ü╨╡╤é╨╕...

      at createRoadNetwork (src/roads/road_system.js:13:11)

    console.log
      ≡ƒôì ╨ö╨╛╨▒╨░╨▓╨╗╨╡╨╜╨╕╨╡ 228 ╤â╨╖╨╗╨╛╨▓...

      at createRoadNetwork (src/roads/road_system.js:82:13)

    console.log
      Γ£à ╨ö╨╛╨▒╨░╨▓╨╗╨╡╨╜╨╛ 228 ╨▓╨░╨╗╨╕╨┤╨╜╤ï╤à ╤â╨╖╨╗╨╛╨▓

      at createRoadNetwork (src/roads/road_system.js:106:13)

    console.log
      ≡ƒ¢ú∩╕Å ╨í╨╛╨╖╨┤╨░╨╜╨╕╨╡ ╨┤╨╛╤Ç╨╛╨│...

      at createRoadNetwork (src/roads/road_system.js:116:13)

    console.log
      Γ£à ╨í╨╛╨╖╨┤╨░╨╜╨╛ 256 ╨▓╨░╨╗╨╕╨┤╨╜╤ï╤à ╨┤╨╛╤Ç╨╛╨│

      at createRoadNetwork (src/roads/road_system.js:174:13)

    console.log
      ≡ƒôè ╨ÿ╤é╨╛╨│╨╛╨▓╨░╤Å ╤ü╨╡╤é╤î: { nodes: 227, roads: 255, lanes: 510, avgConnections: '2.25' }

      at createRoadNetwork (src/roads/road_system.js:180:13)

    console.log
      Γ£à ╨ö╨╛╤Ç╨╛╨╢╨╜╨░╤Å ╤ü╨╡╤é╤î ╤ü╨╛╨╖╨┤╨░╨╜╨░ ╤â╤ü╨┐╨╡╤ê╨╜╨╛

      at createRoadNetwork (src/roads/road_system.js:286:13)

    console.log
      ≡ƒÜù TrafficManager ╤ü╨╛╨╖╨┤╨░╨╜

      at new TrafficManager (src/traffic/traffic_manager.js:22:13)

    console.log
      ≡ƒÜù ╨ÿ╨╜╨╕╤å╨╕╨░╨╗╨╕╨╖╨░╤å╨╕╤Å TrafficManager...

      at TrafficManager.init (src/traffic/traffic_manager.js:28:13)

    console.log
      ≡ƒôè ╨ö╨╛╤Ç╨╛╨╢╨╜╨░╤Å ╤ü╨╡╤é╤î: { nodes: 227, roads: 255, lanes: 510, avgConnections: '2.25' }

      at TrafficManager.init (src/traffic/traffic_manager.js:36:13)

    console.log
      ≡ƒôª ╨ù╨░╨│╤Ç╤â╨╖╨║╨░ ╨╝╨╛╨┤╨╡╨╗╨╡╨╣ ╨╝╨░╤ê╨╕╨╜...

      at CarModels.loadAll (src/cars/CarModels.js:28:13)

    console.log
      Γ£à ╨£╨╛╨┤╨╡╨╗╤î ╨╖╨░╨│╤Ç╤â╨╢╨╡╨╜╨░: Buggy.glb

      at src/cars/CarModels.js:50:19

    console.log
      Γ£à ╨£╨╛╨┤╨╡╨╗╤î ╨╖╨░╨│╤Ç╤â╨╢╨╡╨╜╨░: CesiumMilkTruck.glb

      at src/cars/CarModels.js:50:19

    console.log
      Γ£à ╨£╨╛╨┤╨╡╨╗╤î ╨╖╨░╨│╤Ç╤â╨╢╨╡╨╜╨░: Duck.glb

      at src/cars/CarModels.js:50:19

    console.log
      Γ£à ╨ù╨░╨│╤Ç╤â╨╢╨╡╨╜╨╛ 3 ╨╝╨╛╨┤╨╡╨╗╨╡╨╣ ╨╝╨░╤ê╨╕╨╜

      at CarModels.loadAll (src/cars/CarModels.js:38:15)

    console.log
      Γ£à TrafficManager ╨╕╨╜╨╕╤å╨╕╨░╨╗╨╕╨╖╨╕╤Ç╨╛╨▓╨░╨╜

      at TrafficManager.init (src/traffic/traffic_manager.js:42:13)

    console.log
      ≡ƒÜù ╨í╨┐╨░╨▓╨╜ 3 ╨╝╨░╤ê╨╕╨╜...

      at TrafficManager.spawnCars (src/traffic/traffic_manager.js:50:13)

    console.log
      ≡ƒöì ╨ƒ╨╛╨╕╤ü╨║ ╨╝╨╛╨┤╨╡╨╗╨╕: Buggy.glb

      at CarModels.getModelByName (src/cars/CarModels.js:88:13)

    console.log
      ≡ƒôª ╨ö╨╛╤ü╤é╤â╨┐╨╜╤ï╨╡ ╨╝╨╛╨┤╨╡╨╗╨╕: [ 'Buggy.glb', 'CesiumMilkTruck.glb', 'Duck.glb' ]

      at CarModels.getModelByName (src/cars/CarModels.js:89:13)

    console.log
      Γ£à ╨£╨╛╨┤╨╡╨╗╤î Buggy.glb ╨╜╨░╨╣╨┤╨╡╨╜╨░

      at CarModels.getModelByName (src/cars/CarModels.js:108:13)

    console.log
      ≡ƒöä ╨ƒ╨╛╨┐╤ï╤é╨║╨░ ╤ü╨┐╨░╨▓╨╜╨░: Buggy.glb

      at TrafficManager.spawnCarWithModel (src/traffic/traffic_manager.js:90:13)

    console.log
      ≡ƒåò ╨í╨╛╨╖╨┤╨░╨╜╨░ ╨╝╨░╤ê╨╕╨╜╨░: Buggy.glb

      at TrafficManager.spawnCarWithModel (src/traffic/traffic_manager.js:128:13)

    console.log
      Γ£à ╨£╨░╤ê╨╕╨╜╨░ Buggy.glb ╤â╤ü╨┐╨╡╤ê╨╜╨╛ ╨╖╨░╤ü╨┐╨░╨▓╨╜╨╡╨╜╨░ ╨╕ ╨░╨║╤é╨╕╨▓╨╜╨░

      at TrafficManager.spawnCarWithModel (src/traffic/traffic_manager.js:151:13)

    console.log
      Γ£à ╨ú╤ü╨┐╨╡╤ê╨╜╨╛ ╨╖╨░╤ü╨┐╨░╨▓╨╜╨╡╨╜╨░ ╨╝╨░╤ê╨╕╨╜╨░ 1/3: Buggy.glb

      at TrafficManager.spawnCars (src/traffic/traffic_manager.js:66:21)

    console.log
      ≡ƒöì ╨ƒ╨╛╨╕╤ü╨║ ╨╝╨╛╨┤╨╡╨╗╨╕: Buggy.glb

      at CarModels.getModelByName (src/cars/CarModels.js:88:13)

    console.log
      ≡ƒôª ╨ö╨╛╤ü╤é╤â╨┐╨╜╤ï╨╡ ╨╝╨╛╨┤╨╡╨╗╨╕: [ 'Buggy.glb', 'CesiumMilkTruck.glb', 'Duck.glb' ]

      at CarModels.getModelByName (src/cars/CarModels.js:89:13)

    console.log
      Γ£à ╨£╨╛╨┤╨╡╨╗╤î Buggy.glb ╨╜╨░╨╣╨┤╨╡╨╜╨░

      at CarModels.getModelByName (src/cars/CarModels.js:108:13)

    console.log
      ≡ƒöä ╨ƒ╨╛╨┐╤ï╤é╨║╨░ ╤ü╨┐╨░╨▓╨╜╨░: Buggy.glb

      at TrafficManager.spawnCarWithModel (src/traffic/traffic_manager.js:90:13)

    console.log
      ≡ƒåò ╨í╨╛╨╖╨┤╨░╨╜╨░ ╨╝╨░╤ê╨╕╨╜╨░: Buggy.glb

      at TrafficManager.spawnCarWithModel (src/traffic/traffic_manager.js:128:13)

    console.log
      Γ£à ╨£╨░╤ê╨╕╨╜╨░ Buggy.glb ╤â╤ü╨┐╨╡╤ê╨╜╨╛ ╨╖╨░╤ü╨┐╨░╨▓╨╜╨╡╨╜╨░ ╨╕ ╨░╨║╤é╨╕╨▓╨╜╨░

      at TrafficManager.spawnCarWithModel (src/traffic/traffic_manager.js:151:13)

    console.log
      Γ£à ╨ú╤ü╨┐╨╡╤ê╨╜╨╛ ╨╖╨░╤ü╨┐╨░╨▓╨╜╨╡╨╜╨░ ╨╝╨░╤ê╨╕╨╜╨░ 2/3: Buggy.glb

      at TrafficManager.spawnCars (src/traffic/traffic_manager.js:66:21)

    console.log
      ≡ƒöì ╨ƒ╨╛╨╕╤ü╨║ ╨╝╨╛╨┤╨╡╨╗╨╕: Buggy.glb

      at CarModels.getModelByName (src/cars/CarModels.js:88:13)

    console.log
      ≡ƒôª ╨ö╨╛╤ü╤é╤â╨┐╨╜╤ï╨╡ ╨╝╨╛╨┤╨╡╨╗╨╕: [ 'Buggy.glb', 'CesiumMilkTruck.glb', 'Duck.glb' ]

      at CarModels.getModelByName (src/cars/CarModels.js:89:13)

    console.log
      Γ£à ╨£╨╛╨┤╨╡╨╗╤î Buggy.glb ╨╜╨░╨╣╨┤╨╡╨╜╨░

      at CarModels.getModelByName (src/cars/CarModels.js:108:13)

    console.log
      ≡ƒöä ╨ƒ╨╛╨┐╤ï╤é╨║╨░ ╤ü╨┐╨░╨▓╨╜╨░: Buggy.glb

      at TrafficManager.spawnCarWithModel (src/traffic/traffic_manager.js:90:13)

    console.log
      ≡ƒåò ╨í╨╛╨╖╨┤╨░╨╜╨░ ╨╝╨░╤ê╨╕╨╜╨░: Buggy.glb

      at TrafficManager.spawnCarWithModel (src/traffic/traffic_manager.js:128:13)

    console.log
      Γ£à ╨£╨░╤ê╨╕╨╜╨░ Buggy.glb ╤â╤ü╨┐╨╡╤ê╨╜╨╛ ╨╖╨░╤ü╨┐╨░╨▓╨╜╨╡╨╜╨░ ╨╕ ╨░╨║╤é╨╕╨▓╨╜╨░

      at TrafficManager.spawnCarWithModel (src/traffic/traffic_manager.js:151:13)

    console.log
      Γ£à ╨ú╤ü╨┐╨╡╤ê╨╜╨╛ ╨╖╨░╤ü╨┐╨░╨▓╨╜╨╡╨╜╨░ ╨╝╨░╤ê╨╕╨╜╨░ 3/3: Buggy.glb

      at TrafficManager.spawnCars (src/traffic/traffic_manager.js:66:21)

    console.log
      Γ£à ╨ÿ╤é╨╛╨│╨╛ ╨╖╨░╤ü╨┐╨░╨▓╨╜╨╡╨╜╨╛ 3/3 ╨╝╨░╤ê╨╕╨╜

      at TrafficManager.spawnCars (src/traffic/traffic_manager.js:75:13)

    console.log
      ≡ƒôè ╨É╨║╤é╨╕╨▓╨╜╤ï╤à ╨╝╨░╤ê╨╕╨╜: 3

      at TrafficManager.spawnCars (src/traffic/traffic_manager.js:76:13)

    console.log
      ≡ƒöì ╨ô╨╗╨╛╨▒╨░╨╗╤î╨╜╤ï╨╣ ╨╝╨░╤ü╤ê╤é╨░╨▒: 2.00x

      at TrafficManager.setGlobalScale (src/traffic/traffic_manager.js:223:13)

    console.log
      ≡ƒ¢ú∩╕Å ╨¥╨░╤ç╨░╨╗╨╛ ╤ü╨╛╨╖╨┤╨░╨╜╨╕╤Å ╨┤╨╛╤Ç╨╛╨╢╨╜╨╛╨╣ ╤ü╨╡╤é╨╕...

      at createRoadNetwork (src/roads/road_system.js:13:11)

    console.log
      ≡ƒôì ╨ö╨╛╨▒╨░╨▓╨╗╨╡╨╜╨╕╨╡ 228 ╤â╨╖╨╗╨╛╨▓...

      at createRoadNetwork (src/roads/road_system.js:82:13)

    console.log
      Γ£à ╨ö╨╛╨▒╨░╨▓╨╗╨╡╨╜╨╛ 228 ╨▓╨░╨╗╨╕╨┤╨╜╤ï╤à ╤â╨╖╨╗╨╛╨▓

      at createRoadNetwork (src/roads/road_system.js:106:13)

    console.log
      ≡ƒ¢ú∩╕Å ╨í╨╛╨╖╨┤╨░╨╜╨╕╨╡ ╨┤╨╛╤Ç╨╛╨│...

      at createRoadNetwork (src/roads/road_system.js:116:13)

    console.log
      Γ£à ╨í╨╛╨╖╨┤╨░╨╜╨╛ 256 ╨▓╨░╨╗╨╕╨┤╨╜╤ï╤à ╨┤╨╛╤Ç╨╛╨│

      at createRoadNetwork (src/roads/road_system.js:174:13)

    console.log
      ≡ƒôè ╨ÿ╤é╨╛╨│╨╛╨▓╨░╤Å ╤ü╨╡╤é╤î: { nodes: 227, roads: 255, lanes: 510, avgConnections: '2.25' }

      at createRoadNetwork (src/roads/road_system.js:180:13)

    console.log
      Γ£à ╨ö╨╛╤Ç╨╛╨╢╨╜╨░╤Å ╤ü╨╡╤é╤î ╤ü╨╛╨╖╨┤╨░╨╜╨░ ╤â╤ü╨┐╨╡╤ê╨╜╨╛

      at createRoadNetwork (src/roads/road_system.js:286:13)

    console.log
      ≡ƒÜù TrafficManager ╤ü╨╛╨╖╨┤╨░╨╜

      at new TrafficManager (src/traffic/traffic_manager.js:22:13)

    console.log
      ≡ƒÜù ╨ÿ╨╜╨╕╤å╨╕╨░╨╗╨╕╨╖╨░╤å╨╕╤Å TrafficManager...

      at TrafficManager.init (src/traffic/traffic_manager.js:28:13)

    console.log
      ≡ƒôè ╨ö╨╛╤Ç╨╛╨╢╨╜╨░╤Å ╤ü╨╡╤é╤î: { nodes: 227, roads: 255, lanes: 510, avgConnections: '2.25' }

      at TrafficManager.init (src/traffic/traffic_manager.js:36:13)

    console.log
      ≡ƒôª ╨ù╨░╨│╤Ç╤â╨╖╨║╨░ ╨╝╨╛╨┤╨╡╨╗╨╡╨╣ ╨╝╨░╤ê╨╕╨╜...

      at CarModels.loadAll (src/cars/CarModels.js:28:13)

    console.log
      Γ£à ╨£╨╛╨┤╨╡╨╗╤î ╨╖╨░╨│╤Ç╤â╨╢╨╡╨╜╨░: Buggy.glb

      at src/cars/CarModels.js:50:19

    console.log
      Γ£à ╨£╨╛╨┤╨╡╨╗╤î ╨╖╨░╨│╤Ç╤â╨╢╨╡╨╜╨░: CesiumMilkTruck.glb

      at src/cars/CarModels.js:50:19

    console.log
      Γ£à ╨£╨╛╨┤╨╡╨╗╤î ╨╖╨░╨│╤Ç╤â╨╢╨╡╨╜╨░: Duck.glb

      at src/cars/CarModels.js:50:19

    console.log
      Γ£à ╨ù╨░╨│╤Ç╤â╨╢╨╡╨╜╨╛ 3 ╨╝╨╛╨┤╨╡╨╗╨╡╨╣ ╨╝╨░╤ê╨╕╨╜

      at CarModels.loadAll (src/cars/CarModels.js:38:15)

    console.log
      Γ£à TrafficManager ╨╕╨╜╨╕╤å╨╕╨░╨╗╨╕╨╖╨╕╤Ç╨╛╨▓╨░╨╜

      at TrafficManager.init (src/traffic/traffic_manager.js:42:13)

    console.log
      ≡ƒöì ╨ô╨╗╨╛╨▒╨░╨╗╤î╨╜╤ï╨╣ ╨╝╨░╤ü╤ê╤é╨░╨▒: 1.50x

      at TrafficManager.setGlobalScale (src/traffic/traffic_manager.js:223:13)

    console.log
      ≡ƒÜù ╨í╨┐╨░╨▓╨╜ 1 ╨╝╨░╤ê╨╕╨╜...

      at TrafficManager.spawnCars (src/traffic/traffic_manager.js:50:13)

    console.log
      ≡ƒöì ╨ƒ╨╛╨╕╤ü╨║ ╨╝╨╛╨┤╨╡╨╗╨╕: Buggy.glb

      at CarModels.getModelByName (src/cars/CarModels.js:88:13)

    console.log
      ≡ƒôª ╨ö╨╛╤ü╤é╤â╨┐╨╜╤ï╨╡ ╨╝╨╛╨┤╨╡╨╗╨╕: [ 'Buggy.glb', 'CesiumMilkTruck.glb', 'Duck.glb' ]

      at CarModels.getModelByName (src/cars/CarModels.js:89:13)

    console.log
      Γ£à ╨£╨╛╨┤╨╡╨╗╤î Buggy.glb ╨╜╨░╨╣╨┤╨╡╨╜╨░

      at CarModels.getModelByName (src/cars/CarModels.js:108:13)

    console.log
      ≡ƒöä ╨ƒ╨╛╨┐╤ï╤é╨║╨░ ╤ü╨┐╨░╨▓╨╜╨░: Buggy.glb

      at TrafficManager.spawnCarWithModel (src/traffic/traffic_manager.js:90:13)

    console.log
      ≡ƒåò ╨í╨╛╨╖╨┤╨░╨╜╨░ ╨╝╨░╤ê╨╕╨╜╨░: Buggy.glb

      at TrafficManager.spawnCarWithModel (src/traffic/traffic_manager.js:128:13)

    console.log
      Γ£à ╨£╨░╤ê╨╕╨╜╨░ Buggy.glb ╤â╤ü╨┐╨╡╤ê╨╜╨╛ ╨╖╨░╤ü╨┐╨░╨▓╨╜╨╡╨╜╨░ ╨╕ ╨░╨║╤é╨╕╨▓╨╜╨░

      at TrafficManager.spawnCarWithModel (src/traffic/traffic_manager.js:151:13)

    console.log
      Γ£à ╨ú╤ü╨┐╨╡╤ê╨╜╨╛ ╨╖╨░╤ü╨┐╨░╨▓╨╜╨╡╨╜╨░ ╨╝╨░╤ê╨╕╨╜╨░ 1/1: Buggy.glb

      at TrafficManager.spawnCars (src/traffic/traffic_manager.js:66:21)

    console.log
      Γ£à ╨ÿ╤é╨╛╨│╨╛ ╨╖╨░╤ü╨┐╨░╨▓╨╜╨╡╨╜╨╛ 1/1 ╨╝╨░╤ê╨╕╨╜

      at TrafficManager.spawnCars (src/traffic/traffic_manager.js:75:13)

    console.log
      ≡ƒôè ╨É╨║╤é╨╕╨▓╨╜╤ï╤à ╨╝╨░╤ê╨╕╨╜: 1

      at TrafficManager.spawnCars (src/traffic/traffic_manager.js:76:13)

    console.log
      ≡ƒ¢ú∩╕Å ╨¥╨░╤ç╨░╨╗╨╛ ╤ü╨╛╨╖╨┤╨░╨╜╨╕╤Å ╨┤╨╛╤Ç╨╛╨╢╨╜╨╛╨╣ ╤ü╨╡╤é╨╕...

      at createRoadNetwork (src/roads/road_system.js:13:11)

    console.log
      ≡ƒôì ╨ö╨╛╨▒╨░╨▓╨╗╨╡╨╜╨╕╨╡ 228 ╤â╨╖╨╗╨╛╨▓...

      at createRoadNetwork (src/roads/road_system.js:82:13)

    console.log
      Γ£à ╨ö╨╛╨▒╨░╨▓╨╗╨╡╨╜╨╛ 228 ╨▓╨░╨╗╨╕╨┤╨╜╤ï╤à ╤â╨╖╨╗╨╛╨▓

      at createRoadNetwork (src/roads/road_system.js:106:13)

    console.log
      ≡ƒ¢ú∩╕Å ╨í╨╛╨╖╨┤╨░╨╜╨╕╨╡ ╨┤╨╛╤Ç╨╛╨│...

      at createRoadNetwork (src/roads/road_system.js:116:13)

    console.log
      Γ£à ╨í╨╛╨╖╨┤╨░╨╜╨╛ 256 ╨▓╨░╨╗╨╕╨┤╨╜╤ï╤à ╨┤╨╛╤Ç╨╛╨│

      at createRoadNetwork (src/roads/road_system.js:174:13)

    console.log
      ≡ƒôè ╨ÿ╤é╨╛╨│╨╛╨▓╨░╤Å ╤ü╨╡╤é╤î: { nodes: 227, roads: 255, lanes: 510, avgConnections: '2.25' }

      at createRoadNetwork (src/roads/road_system.js:180:13)

    console.log
      Γ£à ╨ö╨╛╤Ç╨╛╨╢╨╜╨░╤Å ╤ü╨╡╤é╤î ╤ü╨╛╨╖╨┤╨░╨╜╨░ ╤â╤ü╨┐╨╡╤ê╨╜╨╛

      at createRoadNetwork (src/roads/road_system.js:286:13)

    console.log
      ≡ƒÜù TrafficManager ╤ü╨╛╨╖╨┤╨░╨╜

      at new TrafficManager (src/traffic/traffic_manager.js:22:13)

    console.log
      ≡ƒÜù ╨ÿ╨╜╨╕╤å╨╕╨░╨╗╨╕╨╖╨░╤å╨╕╤Å TrafficManager...

      at TrafficManager.init (src/traffic/traffic_manager.js:28:13)

    console.log
      ≡ƒôè ╨ö╨╛╤Ç╨╛╨╢╨╜╨░╤Å ╤ü╨╡╤é╤î: { nodes: 227, roads: 255, lanes: 510, avgConnections: '2.25' }

      at TrafficManager.init (src/traffic/traffic_manager.js:36:13)

    console.log
      ≡ƒôª ╨ù╨░╨│╤Ç╤â╨╖╨║╨░ ╨╝╨╛╨┤╨╡╨╗╨╡╨╣ ╨╝╨░╤ê╨╕╨╜...

      at CarModels.loadAll (src/cars/CarModels.js:28:13)

    console.log
      Γ£à ╨£╨╛╨┤╨╡╨╗╤î ╨╖╨░╨│╤Ç╤â╨╢╨╡╨╜╨░: Buggy.glb

      at src/cars/CarModels.js:50:19

    console.log
      Γ£à ╨£╨╛╨┤╨╡╨╗╤î ╨╖╨░╨│╤Ç╤â╨╢╨╡╨╜╨░: CesiumMilkTruck.glb

      at src/cars/CarModels.js:50:19

    console.log
      Γ£à ╨£╨╛╨┤╨╡╨╗╤î ╨╖╨░╨│╤Ç╤â╨╢╨╡╨╜╨░: Duck.glb

      at src/cars/CarModels.js:50:19

    console.log
      Γ£à ╨ù╨░╨│╤Ç╤â╨╢╨╡╨╜╨╛ 3 ╨╝╨╛╨┤╨╡╨╗╨╡╨╣ ╨╝╨░╤ê╨╕╨╜

      at CarModels.loadAll (src/cars/CarModels.js:38:15)

    console.log
      Γ£à TrafficManager ╨╕╨╜╨╕╤å╨╕╨░╨╗╨╕╨╖╨╕╤Ç╨╛╨▓╨░╨╜

      at TrafficManager.init (src/traffic/traffic_manager.js:42:13)

    console.log
      ≡ƒöì ╨ô╨╗╨╛╨▒╨░╨╗╤î╨╜╤ï╨╣ ╨╝╨░╤ü╤ê╤é╨░╨▒: 0.50x

      at TrafficManager.setGlobalScale (src/traffic/traffic_manager.js:223:13)

    console.log
      ≡ƒöì ╨ô╨╗╨╛╨▒╨░╨╗╤î╨╜╤ï╨╣ ╨╝╨░╤ü╤ê╤é╨░╨▒: 3.00x

      at TrafficManager.setGlobalScale (src/traffic/traffic_manager.js:223:13)

    console.log
      ≡ƒ¢ú∩╕Å ╨¥╨░╤ç╨░╨╗╨╛ ╤ü╨╛╨╖╨┤╨░╨╜╨╕╤Å ╨┤╨╛╤Ç╨╛╨╢╨╜╨╛╨╣ ╤ü╨╡╤é╨╕...

      at createRoadNetwork (src/roads/road_system.js:13:11)

    console.log
      ≡ƒôì ╨ö╨╛╨▒╨░╨▓╨╗╨╡╨╜╨╕╨╡ 228 ╤â╨╖╨╗╨╛╨▓...

      at createRoadNetwork (src/roads/road_system.js:82:13)

    console.log
      Γ£à ╨ö╨╛╨▒╨░╨▓╨╗╨╡╨╜╨╛ 228 ╨▓╨░╨╗╨╕╨┤╨╜╤ï╤à ╤â╨╖╨╗╨╛╨▓

      at createRoadNetwork (src/roads/road_system.js:106:13)

    console.log
      ≡ƒ¢ú∩╕Å ╨í╨╛╨╖╨┤╨░╨╜╨╕╨╡ ╨┤╨╛╤Ç╨╛╨│...

      at createRoadNetwork (src/roads/road_system.js:116:13)

    console.log
      Γ£à ╨í╨╛╨╖╨┤╨░╨╜╨╛ 256 ╨▓╨░╨╗╨╕╨┤╨╜╤ï╤à ╨┤╨╛╤Ç╨╛╨│

      at createRoadNetwork (src/roads/road_system.js:174:13)

    console.log
      ≡ƒôè ╨ÿ╤é╨╛╨│╨╛╨▓╨░╤Å ╤ü╨╡╤é╤î: { nodes: 227, roads: 255, lanes: 510, avgConnections: '2.25' }

      at createRoadNetwork (src/roads/road_system.js:180:13)

    console.log
      Γ£à ╨ö╨╛╤Ç╨╛╨╢╨╜╨░╤Å ╤ü╨╡╤é╤î ╤ü╨╛╨╖╨┤╨░╨╜╨░ ╤â╤ü╨┐╨╡╤ê╨╜╨╛

      at createRoadNetwork (src/roads/road_system.js:286:13)

    console.log
      ≡ƒÜù TrafficManager ╤ü╨╛╨╖╨┤╨░╨╜

      at new TrafficManager (src/traffic/traffic_manager.js:22:13)

    console.log
      ≡ƒÜù ╨ÿ╨╜╨╕╤å╨╕╨░╨╗╨╕╨╖╨░╤å╨╕╤Å TrafficManager...

      at TrafficManager.init (src/traffic/traffic_manager.js:28:13)

    console.log
      ≡ƒôè ╨ö╨╛╤Ç╨╛╨╢╨╜╨░╤Å ╤ü╨╡╤é╤î: { nodes: 227, roads: 255, lanes: 510, avgConnections: '2.25' }

      at TrafficManager.init (src/traffic/traffic_manager.js:36:13)

    console.log
      ≡ƒôª ╨ù╨░╨│╤Ç╤â╨╖╨║╨░ ╨╝╨╛╨┤╨╡╨╗╨╡╨╣ ╨╝╨░╤ê╨╕╨╜...

      at CarModels.loadAll (src/cars/CarModels.js:28:13)

    console.log
      Γ£à ╨£╨╛╨┤╨╡╨╗╤î ╨╖╨░╨│╤Ç╤â╨╢╨╡╨╜╨░: Buggy.glb

      at src/cars/CarModels.js:50:19

    console.log
      Γ£à ╨£╨╛╨┤╨╡╨╗╤î ╨╖╨░╨│╤Ç╤â╨╢╨╡╨╜╨░: CesiumMilkTruck.glb

      at src/cars/CarModels.js:50:19

    console.log
      Γ£à ╨£╨╛╨┤╨╡╨╗╤î ╨╖╨░╨│╤Ç╤â╨╢╨╡╨╜╨░: Duck.glb

      at src/cars/CarModels.js:50:19

    console.log
      Γ£à ╨ù╨░╨│╤Ç╤â╨╢╨╡╨╜╨╛ 3 ╨╝╨╛╨┤╨╡╨╗╨╡╨╣ ╨╝╨░╤ê╨╕╨╜

      at CarModels.loadAll (src/cars/CarModels.js:38:15)

    console.log
      Γ£à TrafficManager ╨╕╨╜╨╕╤å╨╕╨░╨╗╨╕╨╖╨╕╤Ç╨╛╨▓╨░╨╜

      at TrafficManager.init (src/traffic/traffic_manager.js:42:13)

    console.log
      ≡ƒÜù ╨í╨┐╨░╨▓╨╜ 5 ╨╝╨░╤ê╨╕╨╜...

      at TrafficManager.spawnCars (src/traffic/traffic_manager.js:50:13)

    console.log
      ≡ƒöì ╨ƒ╨╛╨╕╤ü╨║ ╨╝╨╛╨┤╨╡╨╗╨╕: Buggy.glb

      at CarModels.getModelByName (src/cars/CarModels.js:88:13)

    console.log
      ≡ƒôª ╨ö╨╛╤ü╤é╤â╨┐╨╜╤ï╨╡ ╨╝╨╛╨┤╨╡╨╗╨╕: [ 'Buggy.glb', 'CesiumMilkTruck.glb', 'Duck.glb' ]

      at CarModels.getModelByName (src/cars/CarModels.js:89:13)

    console.log
      Γ£à ╨£╨╛╨┤╨╡╨╗╤î Buggy.glb ╨╜╨░╨╣╨┤╨╡╨╜╨░

      at CarModels.getModelByName (src/cars/CarModels.js:108:13)

    console.log
      ≡ƒöä ╨ƒ╨╛╨┐╤ï╤é╨║╨░ ╤ü╨┐╨░╨▓╨╜╨░: Buggy.glb

      at TrafficManager.spawnCarWithModel (src/traffic/traffic_manager.js:90:13)

    console.log
      ≡ƒåò ╨í╨╛╨╖╨┤╨░╨╜╨░ ╨╝╨░╤ê╨╕╨╜╨░: Buggy.glb

      at TrafficManager.spawnCarWithModel (src/traffic/traffic_manager.js:128:13)

    console.log
      Γ£à ╨£╨░╤ê╨╕╨╜╨░ Buggy.glb ╤â╤ü╨┐╨╡╤ê╨╜╨╛ ╨╖╨░╤ü╨┐╨░╨▓╨╜╨╡╨╜╨░ ╨╕ ╨░╨║╤é╨╕╨▓╨╜╨░

      at TrafficManager.spawnCarWithModel (src/traffic/traffic_manager.js:151:13)

    console.log
      Γ£à ╨ú╤ü╨┐╨╡╤ê╨╜╨╛ ╨╖╨░╤ü╨┐╨░╨▓╨╜╨╡╨╜╨░ ╨╝╨░╤ê╨╕╨╜╨░ 1/5: Buggy.glb

      at TrafficManager.spawnCars (src/traffic/traffic_manager.js:66:21)

    console.log
      ≡ƒöì ╨ƒ╨╛╨╕╤ü╨║ ╨╝╨╛╨┤╨╡╨╗╨╕: Buggy.glb

      at CarModels.getModelByName (src/cars/CarModels.js:88:13)

    console.log
      ≡ƒôª ╨ö╨╛╤ü╤é╤â╨┐╨╜╤ï╨╡ ╨╝╨╛╨┤╨╡╨╗╨╕: [ 'Buggy.glb', 'CesiumMilkTruck.glb', 'Duck.glb' ]

      at CarModels.getModelByName (src/cars/CarModels.js:89:13)

    console.log
      Γ£à ╨£╨╛╨┤╨╡╨╗╤î Buggy.glb ╨╜╨░╨╣╨┤╨╡╨╜╨░

      at CarModels.getModelByName (src/cars/CarModels.js:108:13)

    console.log
      ≡ƒöä ╨ƒ╨╛╨┐╤ï╤é╨║╨░ ╤ü╨┐╨░╨▓╨╜╨░: Buggy.glb

      at TrafficManager.spawnCarWithModel (src/traffic/traffic_manager.js:90:13)

    console.log
      ≡ƒåò ╨í╨╛╨╖╨┤╨░╨╜╨░ ╨╝╨░╤ê╨╕╨╜╨░: Buggy.glb

      at TrafficManager.spawnCarWithModel (src/traffic/traffic_manager.js:128:13)

    console.log
      Γ£à ╨£╨░╤ê╨╕╨╜╨░ Buggy.glb ╤â╤ü╨┐╨╡╤ê╨╜╨╛ ╨╖╨░╤ü╨┐╨░╨▓╨╜╨╡╨╜╨░ ╨╕ ╨░╨║╤é╨╕╨▓╨╜╨░

      at TrafficManager.spawnCarWithModel (src/traffic/traffic_manager.js:151:13)

    console.log
      Γ£à ╨ú╤ü╨┐╨╡╤ê╨╜╨╛ ╨╖╨░╤ü╨┐╨░╨▓╨╜╨╡╨╜╨░ ╨╝╨░╤ê╨╕╨╜╨░ 2/5: Buggy.glb

      at TrafficManager.spawnCars (src/traffic/traffic_manager.js:66:21)

    console.log
      ≡ƒöì ╨ƒ╨╛╨╕╤ü╨║ ╨╝╨╛╨┤╨╡╨╗╨╕: Buggy.glb

      at CarModels.getModelByName (src/cars/CarModels.js:88:13)

    console.log
      ≡ƒôª ╨ö╨╛╤ü╤é╤â╨┐╨╜╤ï╨╡ ╨╝╨╛╨┤╨╡╨╗╨╕: [ 'Buggy.glb', 'CesiumMilkTruck.glb', 'Duck.glb' ]

      at CarModels.getModelByName (src/cars/CarModels.js:89:13)

    console.log
      Γ£à ╨£╨╛╨┤╨╡╨╗╤î Buggy.glb ╨╜╨░╨╣╨┤╨╡╨╜╨░

      at CarModels.getModelByName (src/cars/CarModels.js:108:13)

    console.log
      ≡ƒöä ╨ƒ╨╛╨┐╤ï╤é╨║╨░ ╤ü╨┐╨░╨▓╨╜╨░: Buggy.glb

      at TrafficManager.spawnCarWithModel (src/traffic/traffic_manager.js:90:13)

    console.log
      ≡ƒåò ╨í╨╛╨╖╨┤╨░╨╜╨░ ╨╝╨░╤ê╨╕╨╜╨░: Buggy.glb

      at TrafficManager.spawnCarWithModel (src/traffic/traffic_manager.js:128:13)

    console.log
      Γ£à ╨£╨░╤ê╨╕╨╜╨░ Buggy.glb ╤â╤ü╨┐╨╡╤ê╨╜╨╛ ╨╖╨░╤ü╨┐╨░╨▓╨╜╨╡╨╜╨░ ╨╕ ╨░╨║╤é╨╕╨▓╨╜╨░

      at TrafficManager.spawnCarWithModel (src/traffic/traffic_manager.js:151:13)

    console.log
      Γ£à ╨ú╤ü╨┐╨╡╤ê╨╜╨╛ ╨╖╨░╤ü╨┐╨░╨▓╨╜╨╡╨╜╨░ ╨╝╨░╤ê╨╕╨╜╨░ 3/5: Buggy.glb

      at TrafficManager.spawnCars (src/traffic/traffic_manager.js:66:21)

    console.log
      ≡ƒöì ╨ƒ╨╛╨╕╤ü╨║ ╨╝╨╛╨┤╨╡╨╗╨╕: CesiumMilkTruck.glb

      at CarModels.getModelByName (src/cars/CarModels.js:88:13)

    console.log
      ≡ƒôª ╨ö╨╛╤ü╤é╤â╨┐╨╜╤ï╨╡ ╨╝╨╛╨┤╨╡╨╗╨╕: [ 'Buggy.glb', 'CesiumMilkTruck.glb', 'Duck.glb' ]

      at CarModels.getModelByName (src/cars/CarModels.js:89:13)

    console.log
      Γ£à ╨£╨╛╨┤╨╡╨╗╤î CesiumMilkTruck.glb ╨╜╨░╨╣╨┤╨╡╨╜╨░

      at CarModels.getModelByName (src/cars/CarModels.js:108:13)

    console.log
      ≡ƒöä ╨ƒ╨╛╨┐╤ï╤é╨║╨░ ╤ü╨┐╨░╨▓╨╜╨░: CesiumMilkTruck.glb

      at TrafficManager.spawnCarWithModel (src/traffic/traffic_manager.js:90:13)

    console.log
      ≡ƒåò ╨í╨╛╨╖╨┤╨░╨╜╨░ ╨╝╨░╤ê╨╕╨╜╨░: CesiumMilkTruck.glb

      at TrafficManager.spawnCarWithModel (src/traffic/traffic_manager.js:128:13)

    console.log
      Γ£à ╨£╨░╤ê╨╕╨╜╨░ CesiumMilkTruck.glb ╤â╤ü╨┐╨╡╤ê╨╜╨╛ ╨╖╨░╤ü╨┐╨░╨▓╨╜╨╡╨╜╨░ ╨╕ ╨░╨║╤é╨╕╨▓╨╜╨░

      at TrafficManager.spawnCarWithModel (src/traffic/traffic_manager.js:151:13)

    console.log
      Γ£à ╨ú╤ü╨┐╨╡╤ê╨╜╨╛ ╨╖╨░╤ü╨┐╨░╨▓╨╜╨╡╨╜╨░ ╨╝╨░╤ê╨╕╨╜╨░ 4/5: CesiumMilkTruck.glb

      at TrafficManager.spawnCars (src/traffic/traffic_manager.js:66:21)

    console.log
      ≡ƒöì ╨ƒ╨╛╨╕╤ü╨║ ╨╝╨╛╨┤╨╡╨╗╨╕: CesiumMilkTruck.glb

      at CarModels.getModelByName (src/cars/CarModels.js:88:13)

    console.log
      ≡ƒôª ╨ö╨╛╤ü╤é╤â╨┐╨╜╤ï╨╡ ╨╝╨╛╨┤╨╡╨╗╨╕: [ 'Buggy.glb', 'CesiumMilkTruck.glb', 'Duck.glb' ]

      at CarModels.getModelByName (src/cars/CarModels.js:89:13)

    console.log
      Γ£à ╨£╨╛╨┤╨╡╨╗╤î CesiumMilkTruck.glb ╨╜╨░╨╣╨┤╨╡╨╜╨░

      at CarModels.getModelByName (src/cars/CarModels.js:108:13)

    console.log
      ≡ƒöä ╨ƒ╨╛╨┐╤ï╤é╨║╨░ ╤ü╨┐╨░╨▓╨╜╨░: CesiumMilkTruck.glb

      at TrafficManager.spawnCarWithModel (src/traffic/traffic_manager.js:90:13)

    console.log
      ≡ƒåò ╨í╨╛╨╖╨┤╨░╨╜╨░ ╨╝╨░╤ê╨╕╨╜╨░: CesiumMilkTruck.glb

      at TrafficManager.spawnCarWithModel (src/traffic/traffic_manager.js:128:13)

    console.log
      Γ£à ╨£╨░╤ê╨╕╨╜╨░ CesiumMilkTruck.glb ╤â╤ü╨┐╨╡╤ê╨╜╨╛ ╨╖╨░╤ü╨┐╨░╨▓╨╜╨╡╨╜╨░ ╨╕ ╨░╨║╤é╨╕╨▓╨╜╨░

      at TrafficManager.spawnCarWithModel (src/traffic/traffic_manager.js:151:13)

    console.log
      Γ£à ╨ú╤ü╨┐╨╡╤ê╨╜╨╛ ╨╖╨░╤ü╨┐╨░╨▓╨╜╨╡╨╜╨░ ╨╝╨░╤ê╨╕╨╜╨░ 5/5: CesiumMilkTruck.glb

      at TrafficManager.spawnCars (src/traffic/traffic_manager.js:66:21)

    console.log
      Γ£à ╨ÿ╤é╨╛╨│╨╛ ╨╖╨░╤ü╨┐╨░╨▓╨╜╨╡╨╜╨╛ 5/5 ╨╝╨░╤ê╨╕╨╜

      at TrafficManager.spawnCars (src/traffic/traffic_manager.js:75:13)

    console.log
      ≡ƒôè ╨É╨║╤é╨╕╨▓╨╜╤ï╤à ╨╝╨░╤ê╨╕╨╜: 5

      at TrafficManager.spawnCars (src/traffic/traffic_manager.js:76:13)

    console.log
      ≡ƒ¢ú∩╕Å ╨¥╨░╤ç╨░╨╗╨╛ ╤ü╨╛╨╖╨┤╨░╨╜╨╕╤Å ╨┤╨╛╤Ç╨╛╨╢╨╜╨╛╨╣ ╤ü╨╡╤é╨╕...

      at createRoadNetwork (src/roads/road_system.js:13:11)

    console.log
      ≡ƒôì ╨ö╨╛╨▒╨░╨▓╨╗╨╡╨╜╨╕╨╡ 228 ╤â╨╖╨╗╨╛╨▓...

      at createRoadNetwork (src/roads/road_system.js:82:13)

    console.log
      Γ£à ╨ö╨╛╨▒╨░╨▓╨╗╨╡╨╜╨╛ 228 ╨▓╨░╨╗╨╕╨┤╨╜╤ï╤à ╤â╨╖╨╗╨╛╨▓

      at createRoadNetwork (src/roads/road_system.js:106:13)

    console.log
      ≡ƒ¢ú∩╕Å ╨í╨╛╨╖╨┤╨░╨╜╨╕╨╡ ╨┤╨╛╤Ç╨╛╨│...

      at createRoadNetwork (src/roads/road_system.js:116:13)

    console.log
      Γ£à ╨í╨╛╨╖╨┤╨░╨╜╨╛ 256 ╨▓╨░╨╗╨╕╨┤╨╜╤ï╤à ╨┤╨╛╤Ç╨╛╨│

      at createRoadNetwork (src/roads/road_system.js:174:13)

    console.log
      ≡ƒôè ╨ÿ╤é╨╛╨│╨╛╨▓╨░╤Å ╤ü╨╡╤é╤î: { nodes: 227, roads: 255, lanes: 510, avgConnections: '2.25' }

      at createRoadNetwork (src/roads/road_system.js:180:13)

    console.log
      Γ£à ╨ö╨╛╤Ç╨╛╨╢╨╜╨░╤Å ╤ü╨╡╤é╤î ╤ü╨╛╨╖╨┤╨░╨╜╨░ ╤â╤ü╨┐╨╡╤ê╨╜╨╛

      at createRoadNetwork (src/roads/road_system.js:286:13)

    console.log
      ≡ƒÜù TrafficManager ╤ü╨╛╨╖╨┤╨░╨╜

      at new TrafficManager (src/traffic/traffic_manager.js:22:13)

    console.log
      ≡ƒÜù ╨ÿ╨╜╨╕╤å╨╕╨░╨╗╨╕╨╖╨░╤å╨╕╤Å TrafficManager...

      at TrafficManager.init (src/traffic/traffic_manager.js:28:13)

    console.log
      ≡ƒôè ╨ö╨╛╤Ç╨╛╨╢╨╜╨░╤Å ╤ü╨╡╤é╤î: { nodes: 227, roads: 255, lanes: 510, avgConnections: '2.25' }

      at TrafficManager.init (src/traffic/traffic_manager.js:36:13)

    console.log
      ≡ƒôª ╨ù╨░╨│╤Ç╤â╨╖╨║╨░ ╨╝╨╛╨┤╨╡╨╗╨╡╨╣ ╨╝╨░╤ê╨╕╨╜...

      at CarModels.loadAll (src/cars/CarModels.js:28:13)

    console.log
      Γ£à ╨£╨╛╨┤╨╡╨╗╤î ╨╖╨░╨│╤Ç╤â╨╢╨╡╨╜╨░: Buggy.glb

      at src/cars/CarModels.js:50:19

    console.log
      Γ£à ╨£╨╛╨┤╨╡╨╗╤î ╨╖╨░╨│╤Ç╤â╨╢╨╡╨╜╨░: CesiumMilkTruck.glb

      at src/cars/CarModels.js:50:19

    console.log
      Γ£à ╨£╨╛╨┤╨╡╨╗╤î ╨╖╨░╨│╤Ç╤â╨╢╨╡╨╜╨░: Duck.glb

      at src/cars/CarModels.js:50:19

    console.log
      Γ£à ╨ù╨░╨│╤Ç╤â╨╢╨╡╨╜╨╛ 3 ╨╝╨╛╨┤╨╡╨╗╨╡╨╣ ╨╝╨░╤ê╨╕╨╜

      at CarModels.loadAll (src/cars/CarModels.js:38:15)

    console.log
      Γ£à TrafficManager ╨╕╨╜╨╕╤å╨╕╨░╨╗╨╕╨╖╨╕╤Ç╨╛╨▓╨░╨╜

      at TrafficManager.init (src/traffic/traffic_manager.js:42:13)

    console.log
      ≡ƒÜù ╨í╨┐╨░╨▓╨╜ 3 ╨╝╨░╤ê╨╕╨╜...

      at TrafficManager.spawnCars (src/traffic/traffic_manager.js:50:13)

    console.log
      ≡ƒöì ╨ƒ╨╛╨╕╤ü╨║ ╨╝╨╛╨┤╨╡╨╗╨╕: Buggy.glb

      at CarModels.getModelByName (src/cars/CarModels.js:88:13)

    console.log
      ≡ƒôª ╨ö╨╛╤ü╤é╤â╨┐╨╜╤ï╨╡ ╨╝╨╛╨┤╨╡╨╗╨╕: [ 'Buggy.glb', 'CesiumMilkTruck.glb', 'Duck.glb' ]

      at CarModels.getModelByName (src/cars/CarModels.js:89:13)

    console.log
      Γ£à ╨£╨╛╨┤╨╡╨╗╤î Buggy.glb ╨╜╨░╨╣╨┤╨╡╨╜╨░

      at CarModels.getModelByName (src/cars/CarModels.js:108:13)

    console.log
      ≡ƒöä ╨ƒ╨╛╨┐╤ï╤é╨║╨░ ╤ü╨┐╨░╨▓╨╜╨░: Buggy.glb

      at TrafficManager.spawnCarWithModel (src/traffic/traffic_manager.js:90:13)

    console.log
      ≡ƒåò ╨í╨╛╨╖╨┤╨░╨╜╨░ ╨╝╨░╤ê╨╕╨╜╨░: Buggy.glb

      at TrafficManager.spawnCarWithModel (src/traffic/traffic_manager.js:128:13)

    console.log
      Γ£à ╨£╨░╤ê╨╕╨╜╨░ Buggy.glb ╤â╤ü╨┐╨╡╤ê╨╜╨╛ ╨╖╨░╤ü╨┐╨░╨▓╨╜╨╡╨╜╨░ ╨╕ ╨░╨║╤é╨╕╨▓╨╜╨░

      at TrafficManager.spawnCarWithModel (src/traffic/traffic_manager.js:151:13)

    console.log
      Γ£à ╨ú╤ü╨┐╨╡╤ê╨╜╨╛ ╨╖╨░╤ü╨┐╨░╨▓╨╜╨╡╨╜╨░ ╨╝╨░╤ê╨╕╨╜╨░ 1/3: Buggy.glb

      at TrafficManager.spawnCars (src/traffic/traffic_manager.js:66:21)

    console.log
      ≡ƒöì ╨ƒ╨╛╨╕╤ü╨║ ╨╝╨╛╨┤╨╡╨╗╨╕: Buggy.glb

      at CarModels.getModelByName (src/cars/CarModels.js:88:13)

    console.log
      ≡ƒôª ╨ö╨╛╤ü╤é╤â╨┐╨╜╤ï╨╡ ╨╝╨╛╨┤╨╡╨╗╨╕: [ 'Buggy.glb', 'CesiumMilkTruck.glb', 'Duck.glb' ]

      at CarModels.getModelByName (src/cars/CarModels.js:89:13)

    console.log
      Γ£à ╨£╨╛╨┤╨╡╨╗╤î Buggy.glb ╨╜╨░╨╣╨┤╨╡╨╜╨░

      at CarModels.getModelByName (src/cars/CarModels.js:108:13)

    console.log
      ≡ƒöä ╨ƒ╨╛╨┐╤ï╤é╨║╨░ ╤ü╨┐╨░╨▓╨╜╨░: Buggy.glb

      at TrafficManager.spawnCarWithModel (src/traffic/traffic_manager.js:90:13)

    console.log
      ≡ƒåò ╨í╨╛╨╖╨┤╨░╨╜╨░ ╨╝╨░╤ê╨╕╨╜╨░: Buggy.glb

      at TrafficManager.spawnCarWithModel (src/traffic/traffic_manager.js:128:13)

    console.log
      Γ£à ╨£╨░╤ê╨╕╨╜╨░ Buggy.glb ╤â╤ü╨┐╨╡╤ê╨╜╨╛ ╨╖╨░╤ü╨┐╨░╨▓╨╜╨╡╨╜╨░ ╨╕ ╨░╨║╤é╨╕╨▓╨╜╨░

      at TrafficManager.spawnCarWithModel (src/traffic/traffic_manager.js:151:13)

    console.log
      Γ£à ╨ú╤ü╨┐╨╡╤ê╨╜╨╛ ╨╖╨░╤ü╨┐╨░╨▓╨╜╨╡╨╜╨░ ╨╝╨░╤ê╨╕╨╜╨░ 2/3: Buggy.glb

      at TrafficManager.spawnCars (src/traffic/traffic_manager.js:66:21)

    console.log
      ≡ƒöì ╨ƒ╨╛╨╕╤ü╨║ ╨╝╨╛╨┤╨╡╨╗╨╕: Buggy.glb

      at CarModels.getModelByName (src/cars/CarModels.js:88:13)

    console.log
      ≡ƒôª ╨ö╨╛╤ü╤é╤â╨┐╨╜╤ï╨╡ ╨╝╨╛╨┤╨╡╨╗╨╕: [ 'Buggy.glb', 'CesiumMilkTruck.glb', 'Duck.glb' ]

      at CarModels.getModelByName (src/cars/CarModels.js:89:13)

    console.log
      Γ£à ╨£╨╛╨┤╨╡╨╗╤î Buggy.glb ╨╜╨░╨╣╨┤╨╡╨╜╨░

      at CarModels.getModelByName (src/cars/CarModels.js:108:13)

    console.log
      ≡ƒöä ╨ƒ╨╛╨┐╤ï╤é╨║╨░ ╤ü╨┐╨░╨▓╨╜╨░: Buggy.glb

      at TrafficManager.spawnCarWithModel (src/traffic/traffic_manager.js:90:13)

    console.log
      ≡ƒåò ╨í╨╛╨╖╨┤╨░╨╜╨░ ╨╝╨░╤ê╨╕╨╜╨░: Buggy.glb

      at TrafficManager.spawnCarWithModel (src/traffic/traffic_manager.js:128:13)

    console.log
      Γ£à ╨£╨░╤ê╨╕╨╜╨░ Buggy.glb ╤â╤ü╨┐╨╡╤ê╨╜╨╛ ╨╖╨░╤ü╨┐╨░╨▓╨╜╨╡╨╜╨░ ╨╕ ╨░╨║╤é╨╕╨▓╨╜╨░

      at TrafficManager.spawnCarWithModel (src/traffic/traffic_manager.js:151:13)

    console.log
      Γ£à ╨ú╤ü╨┐╨╡╤ê╨╜╨╛ ╨╖╨░╤ü╨┐╨░╨▓╨╜╨╡╨╜╨░ ╨╝╨░╤ê╨╕╨╜╨░ 3/3: Buggy.glb

      at TrafficManager.spawnCars (src/traffic/traffic_manager.js:66:21)

    console.log
      Γ£à ╨ÿ╤é╨╛╨│╨╛ ╨╖╨░╤ü╨┐╨░╨▓╨╜╨╡╨╜╨╛ 3/3 ╨╝╨░╤ê╨╕╨╜

      at TrafficManager.spawnCars (src/traffic/traffic_manager.js:75:13)

    console.log
      ≡ƒôè ╨É╨║╤é╨╕╨▓╨╜╤ï╤à ╨╝╨░╤ê╨╕╨╜: 3

      at TrafficManager.spawnCars (src/traffic/traffic_manager.js:76:13)

    console.log
      ≡ƒ¢ú∩╕Å ╨¥╨░╤ç╨░╨╗╨╛ ╤ü╨╛╨╖╨┤╨░╨╜╨╕╤Å ╨┤╨╛╤Ç╨╛╨╢╨╜╨╛╨╣ ╤ü╨╡╤é╨╕...

      at createRoadNetwork (src/roads/road_system.js:13:11)

    console.log
      ≡ƒôì ╨ö╨╛╨▒╨░╨▓╨╗╨╡╨╜╨╕╨╡ 228 ╤â╨╖╨╗╨╛╨▓...

      at createRoadNetwork (src/roads/road_system.js:82:13)

    console.log
      Γ£à ╨ö╨╛╨▒╨░╨▓╨╗╨╡╨╜╨╛ 228 ╨▓╨░╨╗╨╕╨┤╨╜╤ï╤à ╤â╨╖╨╗╨╛╨▓

      at createRoadNetwork (src/roads/road_system.js:106:13)

    console.log
      ≡ƒ¢ú∩╕Å ╨í╨╛╨╖╨┤╨░╨╜╨╕╨╡ ╨┤╨╛╤Ç╨╛╨│...

      at createRoadNetwork (src/roads/road_system.js:116:13)

    console.log
      Γ£à ╨í╨╛╨╖╨┤╨░╨╜╨╛ 256 ╨▓╨░╨╗╨╕╨┤╨╜╤ï╤à ╨┤╨╛╤Ç╨╛╨│

      at createRoadNetwork (src/roads/road_system.js:174:13)

    console.log
      ≡ƒôè ╨ÿ╤é╨╛╨│╨╛╨▓╨░╤Å ╤ü╨╡╤é╤î: { nodes: 227, roads: 255, lanes: 510, avgConnections: '2.25' }

      at createRoadNetwork (src/roads/road_system.js:180:13)

    console.log
      Γ£à ╨ö╨╛╤Ç╨╛╨╢╨╜╨░╤Å ╤ü╨╡╤é╤î ╤ü╨╛╨╖╨┤╨░╨╜╨░ ╤â╤ü╨┐╨╡╤ê╨╜╨╛

      at createRoadNetwork (src/roads/road_system.js:286:13)

    console.log
      ≡ƒÜù TrafficManager ╤ü╨╛╨╖╨┤╨░╨╜

      at new TrafficManager (src/traffic/traffic_manager.js:22:13)

    console.log
      ≡ƒÜù ╨ÿ╨╜╨╕╤å╨╕╨░╨╗╨╕╨╖╨░╤å╨╕╤Å TrafficManager...

      at TrafficManager.init (src/traffic/traffic_manager.js:28:13)

    console.log
      ≡ƒôè ╨ö╨╛╤Ç╨╛╨╢╨╜╨░╤Å ╤ü╨╡╤é╤î: { nodes: 227, roads: 255, lanes: 510, avgConnections: '2.25' }

      at TrafficManager.init (src/traffic/traffic_manager.js:36:13)

    console.log
      ≡ƒôª ╨ù╨░╨│╤Ç╤â╨╖╨║╨░ ╨╝╨╛╨┤╨╡╨╗╨╡╨╣ ╨╝╨░╤ê╨╕╨╜...

      at CarModels.loadAll (src/cars/CarModels.js:28:13)

    console.log
      Γ£à ╨£╨╛╨┤╨╡╨╗╤î ╨╖╨░╨│╤Ç╤â╨╢╨╡╨╜╨░: Buggy.glb

      at src/cars/CarModels.js:50:19

    console.log
      Γ£à ╨£╨╛╨┤╨╡╨╗╤î ╨╖╨░╨│╤Ç╤â╨╢╨╡╨╜╨░: CesiumMilkTruck.glb

      at src/cars/CarModels.js:50:19

    console.log
      Γ£à ╨£╨╛╨┤╨╡╨╗╤î ╨╖╨░╨│╤Ç╤â╨╢╨╡╨╜╨░: Duck.glb

      at src/cars/CarModels.js:50:19

    console.log
      Γ£à ╨ù╨░╨│╤Ç╤â╨╢╨╡╨╜╨╛ 3 ╨╝╨╛╨┤╨╡╨╗╨╡╨╣ ╨╝╨░╤ê╨╕╨╜

      at CarModels.loadAll (src/cars/CarModels.js:38:15)

    console.log
      Γ£à TrafficManager ╨╕╨╜╨╕╤å╨╕╨░╨╗╨╕╨╖╨╕╤Ç╨╛╨▓╨░╨╜

      at TrafficManager.init (src/traffic/traffic_manager.js:42:13)

    console.log
      ≡ƒÜù ╨í╨┐╨░╨▓╨╜ 5 ╨╝╨░╤ê╨╕╨╜...

      at TrafficManager.spawnCars (src/traffic/traffic_manager.js:50:13)

    console.log
      ≡ƒöì ╨ƒ╨╛╨╕╤ü╨║ ╨╝╨╛╨┤╨╡╨╗╨╕: Buggy.glb

      at CarModels.getModelByName (src/cars/CarModels.js:88:13)

    console.log
      ≡ƒôª ╨ö╨╛╤ü╤é╤â╨┐╨╜╤ï╨╡ ╨╝╨╛╨┤╨╡╨╗╨╕: [ 'Buggy.glb', 'CesiumMilkTruck.glb', 'Duck.glb' ]

      at CarModels.getModelByName (src/cars/CarModels.js:89:13)

    console.log
      Γ£à ╨£╨╛╨┤╨╡╨╗╤î Buggy.glb ╨╜╨░╨╣╨┤╨╡╨╜╨░

      at CarModels.getModelByName (src/cars/CarModels.js:108:13)

    console.log
      ≡ƒöä ╨ƒ╨╛╨┐╤ï╤é╨║╨░ ╤ü╨┐╨░╨▓╨╜╨░: Buggy.glb

      at TrafficManager.spawnCarWithModel (src/traffic/traffic_manager.js:90:13)

    console.log
      ≡ƒåò ╨í╨╛╨╖╨┤╨░╨╜╨░ ╨╝╨░╤ê╨╕╨╜╨░: Buggy.glb

      at TrafficManager.spawnCarWithModel (src/traffic/traffic_manager.js:128:13)

    console.log
      Γ£à ╨£╨░╤ê╨╕╨╜╨░ Buggy.glb ╤â╤ü╨┐╨╡╤ê╨╜╨╛ ╨╖╨░╤ü╨┐╨░╨▓╨╜╨╡╨╜╨░ ╨╕ ╨░╨║╤é╨╕╨▓╨╜╨░

      at TrafficManager.spawnCarWithModel (src/traffic/traffic_manager.js:151:13)

    console.log
      Γ£à ╨ú╤ü╨┐╨╡╤ê╨╜╨╛ ╨╖╨░╤ü╨┐╨░╨▓╨╜╨╡╨╜╨░ ╨╝╨░╤ê╨╕╨╜╨░ 1/5: Buggy.glb

      at TrafficManager.spawnCars (src/traffic/traffic_manager.js:66:21)

    console.log
      ≡ƒöì ╨ƒ╨╛╨╕╤ü╨║ ╨╝╨╛╨┤╨╡╨╗╨╕: Buggy.glb

      at CarModels.getModelByName (src/cars/CarModels.js:88:13)

    console.log
      ≡ƒôª ╨ö╨╛╤ü╤é╤â╨┐╨╜╤ï╨╡ ╨╝╨╛╨┤╨╡╨╗╨╕: [ 'Buggy.glb', 'CesiumMilkTruck.glb', 'Duck.glb' ]

      at CarModels.getModelByName (src/cars/CarModels.js:89:13)

    console.log
      Γ£à ╨£╨╛╨┤╨╡╨╗╤î Buggy.glb ╨╜╨░╨╣╨┤╨╡╨╜╨░

      at CarModels.getModelByName (src/cars/CarModels.js:108:13)

    console.log
      ≡ƒöä ╨ƒ╨╛╨┐╤ï╤é╨║╨░ ╤ü╨┐╨░╨▓╨╜╨░: Buggy.glb

      at TrafficManager.spawnCarWithModel (src/traffic/traffic_manager.js:90:13)

    console.log
      ≡ƒåò ╨í╨╛╨╖╨┤╨░╨╜╨░ ╨╝╨░╤ê╨╕╨╜╨░: Buggy.glb

      at TrafficManager.spawnCarWithModel (src/traffic/traffic_manager.js:128:13)

    console.log
      Γ£à ╨£╨░╤ê╨╕╨╜╨░ Buggy.glb ╤â╤ü╨┐╨╡╤ê╨╜╨╛ ╨╖╨░╤ü╨┐╨░╨▓╨╜╨╡╨╜╨░ ╨╕ ╨░╨║╤é╨╕╨▓╨╜╨░

      at TrafficManager.spawnCarWithModel (src/traffic/traffic_manager.js:151:13)

    console.log
      Γ£à ╨ú╤ü╨┐╨╡╤ê╨╜╨╛ ╨╖╨░╤ü╨┐╨░╨▓╨╜╨╡╨╜╨░ ╨╝╨░╤ê╨╕╨╜╨░ 2/5: Buggy.glb

      at TrafficManager.spawnCars (src/traffic/traffic_manager.js:66:21)

    console.log
      ≡ƒöì ╨ƒ╨╛╨╕╤ü╨║ ╨╝╨╛╨┤╨╡╨╗╨╕: Buggy.glb

      at CarModels.getModelByName (src/cars/CarModels.js:88:13)

    console.log
      ≡ƒôª ╨ö╨╛╤ü╤é╤â╨┐╨╜╤ï╨╡ ╨╝╨╛╨┤╨╡╨╗╨╕: [ 'Buggy.glb', 'CesiumMilkTruck.glb', 'Duck.glb' ]

      at CarModels.getModelByName (src/cars/CarModels.js:89:13)

    console.log
      Γ£à ╨£╨╛╨┤╨╡╨╗╤î Buggy.glb ╨╜╨░╨╣╨┤╨╡╨╜╨░

      at CarModels.getModelByName (src/cars/CarModels.js:108:13)

    console.log
      ≡ƒöä ╨ƒ╨╛╨┐╤ï╤é╨║╨░ ╤ü╨┐╨░╨▓╨╜╨░: Buggy.glb

      at TrafficManager.spawnCarWithModel (src/traffic/traffic_manager.js:90:13)

    console.log
      ≡ƒåò ╨í╨╛╨╖╨┤╨░╨╜╨░ ╨╝╨░╤ê╨╕╨╜╨░: Buggy.glb

      at TrafficManager.spawnCarWithModel (src/traffic/traffic_manager.js:128:13)

    console.log
      Γ£à ╨£╨░╤ê╨╕╨╜╨░ Buggy.glb ╤â╤ü╨┐╨╡╤ê╨╜╨╛ ╨╖╨░╤ü╨┐╨░╨▓╨╜╨╡╨╜╨░ ╨╕ ╨░╨║╤é╨╕╨▓╨╜╨░

      at TrafficManager.spawnCarWithModel (src/traffic/traffic_manager.js:151:13)

    console.log
      Γ£à ╨ú╤ü╨┐╨╡╤ê╨╜╨╛ ╨╖╨░╤ü╨┐╨░╨▓╨╜╨╡╨╜╨░ ╨╝╨░╤ê╨╕╨╜╨░ 3/5: Buggy.glb

      at TrafficManager.spawnCars (src/traffic/traffic_manager.js:66:21)

    console.log
      ≡ƒöì ╨ƒ╨╛╨╕╤ü╨║ ╨╝╨╛╨┤╨╡╨╗╨╕: CesiumMilkTruck.glb

      at CarModels.getModelByName (src/cars/CarModels.js:88:13)

    console.log
      ≡ƒôª ╨ö╨╛╤ü╤é╤â╨┐╨╜╤ï╨╡ ╨╝╨╛╨┤╨╡╨╗╨╕: [ 'Buggy.glb', 'CesiumMilkTruck.glb', 'Duck.glb' ]

      at CarModels.getModelByName (src/cars/CarModels.js:89:13)

    console.log
      Γ£à ╨£╨╛╨┤╨╡╨╗╤î CesiumMilkTruck.glb ╨╜╨░╨╣╨┤╨╡╨╜╨░

      at CarModels.getModelByName (src/cars/CarModels.js:108:13)

    console.log
      ≡ƒöä ╨ƒ╨╛╨┐╤ï╤é╨║╨░ ╤ü╨┐╨░╨▓╨╜╨░: CesiumMilkTruck.glb

      at TrafficManager.spawnCarWithModel (src/traffic/traffic_manager.js:90:13)

    console.log
      ≡ƒåò ╨í╨╛╨╖╨┤╨░╨╜╨░ ╨╝╨░╤ê╨╕╨╜╨░: CesiumMilkTruck.glb

      at TrafficManager.spawnCarWithModel (src/traffic/traffic_manager.js:128:13)

    console.log
      Γ£à ╨£╨░╤ê╨╕╨╜╨░ CesiumMilkTruck.glb ╤â╤ü╨┐╨╡╤ê╨╜╨╛ ╨╖╨░╤ü╨┐╨░╨▓╨╜╨╡╨╜╨░ ╨╕ ╨░╨║╤é╨╕╨▓╨╜╨░

      at TrafficManager.spawnCarWithModel (src/traffic/traffic_manager.js:151:13)

    console.log
      Γ£à ╨ú╤ü╨┐╨╡╤ê╨╜╨╛ ╨╖╨░╤ü╨┐╨░╨▓╨╜╨╡╨╜╨░ ╨╝╨░╤ê╨╕╨╜╨░ 4/5: CesiumMilkTruck.glb

      at TrafficManager.spawnCars (src/traffic/traffic_manager.js:66:21)

    console.log
      ≡ƒöì ╨ƒ╨╛╨╕╤ü╨║ ╨╝╨╛╨┤╨╡╨╗╨╕: CesiumMilkTruck.glb

      at CarModels.getModelByName (src/cars/CarModels.js:88:13)

    console.log
      ≡ƒôª ╨ö╨╛╤ü╤é╤â╨┐╨╜╤ï╨╡ ╨╝╨╛╨┤╨╡╨╗╨╕: [ 'Buggy.glb', 'CesiumMilkTruck.glb', 'Duck.glb' ]

      at CarModels.getModelByName (src/cars/CarModels.js:89:13)

    console.log
      Γ£à ╨£╨╛╨┤╨╡╨╗╤î CesiumMilkTruck.glb ╨╜╨░╨╣╨┤╨╡╨╜╨░

      at CarModels.getModelByName (src/cars/CarModels.js:108:13)

    console.log
      ≡ƒöä ╨ƒ╨╛╨┐╤ï╤é╨║╨░ ╤ü╨┐╨░╨▓╨╜╨░: CesiumMilkTruck.glb

      at TrafficManager.spawnCarWithModel (src/traffic/traffic_manager.js:90:13)

    console.log
      ≡ƒåò ╨í╨╛╨╖╨┤╨░╨╜╨░ ╨╝╨░╤ê╨╕╨╜╨░: CesiumMilkTruck.glb

      at TrafficManager.spawnCarWithModel (src/traffic/traffic_manager.js:128:13)

    console.log
      Γ£à ╨£╨░╤ê╨╕╨╜╨░ CesiumMilkTruck.glb ╤â╤ü╨┐╨╡╤ê╨╜╨╛ ╨╖╨░╤ü╨┐╨░╨▓╨╜╨╡╨╜╨░ ╨╕ ╨░╨║╤é╨╕╨▓╨╜╨░

      at TrafficManager.spawnCarWithModel (src/traffic/traffic_manager.js:151:13)

    console.log
      Γ£à ╨ú╤ü╨┐╨╡╤ê╨╜╨╛ ╨╖╨░╤ü╨┐╨░╨▓╨╜╨╡╨╜╨░ ╨╝╨░╤ê╨╕╨╜╨░ 5/5: CesiumMilkTruck.glb

      at TrafficManager.spawnCars (src/traffic/traffic_manager.js:66:21)

    console.log
      Γ£à ╨ÿ╤é╨╛╨│╨╛ ╨╖╨░╤ü╨┐╨░╨▓╨╜╨╡╨╜╨╛ 5/5 ╨╝╨░╤ê╨╕╨╜

      at TrafficManager.spawnCars (src/traffic/traffic_manager.js:75:13)

    console.log
      ≡ƒôè ╨É╨║╤é╨╕╨▓╨╜╤ï╤à ╨╝╨░╤ê╨╕╨╜: 5

      at TrafficManager.spawnCars (src/traffic/traffic_manager.js:76:13)

    console.log
      ≡ƒ¢ú∩╕Å ╨¥╨░╤ç╨░╨╗╨╛ ╤ü╨╛╨╖╨┤╨░╨╜╨╕╤Å ╨┤╨╛╤Ç╨╛╨╢╨╜╨╛╨╣ ╤ü╨╡╤é╨╕...

      at createRoadNetwork (src/roads/road_system.js:13:11)

    console.log
      ≡ƒôì ╨ö╨╛╨▒╨░╨▓╨╗╨╡╨╜╨╕╨╡ 228 ╤â╨╖╨╗╨╛╨▓...

      at createRoadNetwork (src/roads/road_system.js:82:13)

    console.log
      Γ£à ╨ö╨╛╨▒╨░╨▓╨╗╨╡╨╜╨╛ 228 ╨▓╨░╨╗╨╕╨┤╨╜╤ï╤à ╤â╨╖╨╗╨╛╨▓

      at createRoadNetwork (src/roads/road_system.js:106:13)

    console.log
      ≡ƒ¢ú∩╕Å ╨í╨╛╨╖╨┤╨░╨╜╨╕╨╡ ╨┤╨╛╤Ç╨╛╨│...

      at createRoadNetwork (src/roads/road_system.js:116:13)

    console.log
      Γ£à ╨í╨╛╨╖╨┤╨░╨╜╨╛ 256 ╨▓╨░╨╗╨╕╨┤╨╜╤ï╤à ╨┤╨╛╤Ç╨╛╨│

      at createRoadNetwork (src/roads/road_system.js:174:13)

    console.log
      ≡ƒôè ╨ÿ╤é╨╛╨│╨╛╨▓╨░╤Å ╤ü╨╡╤é╤î: { nodes: 227, roads: 255, lanes: 510, avgConnections: '2.25' }

      at createRoadNetwork (src/roads/road_system.js:180:13)

    console.log
      Γ£à ╨ö╨╛╤Ç╨╛╨╢╨╜╨░╤Å ╤ü╨╡╤é╤î ╤ü╨╛╨╖╨┤╨░╨╜╨░ ╤â╤ü╨┐╨╡╤ê╨╜╨╛

      at createRoadNetwork (src/roads/road_system.js:286:13)

    console.log
      ≡ƒÜù TrafficManager ╤ü╨╛╨╖╨┤╨░╨╜

      at new TrafficManager (src/traffic/traffic_manager.js:22:13)

    console.log
      ≡ƒÜù ╨ÿ╨╜╨╕╤å╨╕╨░╨╗╨╕╨╖╨░╤å╨╕╤Å TrafficManager...

      at TrafficManager.init (src/traffic/traffic_manager.js:28:13)

    console.log
      ≡ƒôè ╨ö╨╛╤Ç╨╛╨╢╨╜╨░╤Å ╤ü╨╡╤é╤î: { nodes: 227, roads: 255, lanes: 510, avgConnections: '2.25' }

      at TrafficManager.init (src/traffic/traffic_manager.js:36:13)

    console.log
      ≡ƒôª ╨ù╨░╨│╤Ç╤â╨╖╨║╨░ ╨╝╨╛╨┤╨╡╨╗╨╡╨╣ ╨╝╨░╤ê╨╕╨╜...

      at CarModels.loadAll (src/cars/CarModels.js:28:13)

    console.log
      Γ£à ╨£╨╛╨┤╨╡╨╗╤î ╨╖╨░╨│╤Ç╤â╨╢╨╡╨╜╨░: Buggy.glb

      at src/cars/CarModels.js:50:19

    console.log
      Γ£à ╨£╨╛╨┤╨╡╨╗╤î ╨╖╨░╨│╤Ç╤â╨╢╨╡╨╜╨░: CesiumMilkTruck.glb

      at src/cars/CarModels.js:50:19

    console.log
      Γ£à ╨£╨╛╨┤╨╡╨╗╤î ╨╖╨░╨│╤Ç╤â╨╢╨╡╨╜╨░: Duck.glb

      at src/cars/CarModels.js:50:19

    console.log
      Γ£à ╨ù╨░╨│╤Ç╤â╨╢╨╡╨╜╨╛ 3 ╨╝╨╛╨┤╨╡╨╗╨╡╨╣ ╨╝╨░╤ê╨╕╨╜

      at CarModels.loadAll (src/cars/CarModels.js:38:15)

    console.log
      Γ£à TrafficManager ╨╕╨╜╨╕╤å╨╕╨░╨╗╨╕╨╖╨╕╤Ç╨╛╨▓╨░╨╜

      at TrafficManager.init (src/traffic/traffic_manager.js:42:13)

    console.log
      ≡ƒ¢ú∩╕Å ╨¥╨░╤ç╨░╨╗╨╛ ╤ü╨╛╨╖╨┤╨░╨╜╨╕╤Å ╨┤╨╛╤Ç╨╛╨╢╨╜╨╛╨╣ ╤ü╨╡╤é╨╕...

      at createRoadNetwork (src/roads/road_system.js:13:11)

    console.log
      ≡ƒôì ╨ö╨╛╨▒╨░╨▓╨╗╨╡╨╜╨╕╨╡ 228 ╤â╨╖╨╗╨╛╨▓...

      at createRoadNetwork (src/roads/road_system.js:82:13)

    console.log
      Γ£à ╨ö╨╛╨▒╨░╨▓╨╗╨╡╨╜╨╛ 228 ╨▓╨░╨╗╨╕╨┤╨╜╤ï╤à ╤â╨╖╨╗╨╛╨▓

      at createRoadNetwork (src/roads/road_system.js:106:13)

    console.log
      ≡ƒ¢ú∩╕Å ╨í╨╛╨╖╨┤╨░╨╜╨╕╨╡ ╨┤╨╛╤Ç╨╛╨│...

      at createRoadNetwork (src/roads/road_system.js:116:13)

    console.log
      Γ£à ╨í╨╛╨╖╨┤╨░╨╜╨╛ 256 ╨▓╨░╨╗╨╕╨┤╨╜╤ï╤à ╨┤╨╛╤Ç╨╛╨│

      at createRoadNetwork (src/roads/road_system.js:174:13)

    console.log
      ≡ƒôè ╨ÿ╤é╨╛╨│╨╛╨▓╨░╤Å ╤ü╨╡╤é╤î: { nodes: 227, roads: 255, lanes: 510, avgConnections: '2.25' }

      at createRoadNetwork (src/roads/road_system.js:180:13)

    console.log
      Γ£à ╨ö╨╛╤Ç╨╛╨╢╨╜╨░╤Å ╤ü╨╡╤é╤î ╤ü╨╛╨╖╨┤╨░╨╜╨░ ╤â╤ü╨┐╨╡╤ê╨╜╨╛

      at createRoadNetwork (src/roads/road_system.js:286:13)

    console.log
      ≡ƒÜù TrafficManager ╤ü╨╛╨╖╨┤╨░╨╜

      at new TrafficManager (src/traffic/traffic_manager.js:22:13)

    console.log
      ≡ƒÜù ╨ÿ╨╜╨╕╤å╨╕╨░╨╗╨╕╨╖╨░╤å╨╕╤Å TrafficManager...

      at TrafficManager.init (src/traffic/traffic_manager.js:28:13)

    console.log
      ≡ƒôè ╨ö╨╛╤Ç╨╛╨╢╨╜╨░╤Å ╤ü╨╡╤é╤î: { nodes: 227, roads: 255, lanes: 510, avgConnections: '2.25' }

      at TrafficManager.init (src/traffic/traffic_manager.js:36:13)

    console.log
      ≡ƒôª ╨ù╨░╨│╤Ç╤â╨╖╨║╨░ ╨╝╨╛╨┤╨╡╨╗╨╡╨╣ ╨╝╨░╤ê╨╕╨╜...

      at CarModels.loadAll (src/cars/CarModels.js:28:13)

    console.log
      Γ£à ╨£╨╛╨┤╨╡╨╗╤î ╨╖╨░╨│╤Ç╤â╨╢╨╡╨╜╨░: Buggy.glb

      at src/cars/CarModels.js:50:19

    console.log
      Γ£à ╨£╨╛╨┤╨╡╨╗╤î ╨╖╨░╨│╤Ç╤â╨╢╨╡╨╜╨░: CesiumMilkTruck.glb

      at src/cars/CarModels.js:50:19

    console.log
      Γ£à ╨£╨╛╨┤╨╡╨╗╤î ╨╖╨░╨│╤Ç╤â╨╢╨╡╨╜╨░: Duck.glb

      at src/cars/CarModels.js:50:19

    console.log
      Γ£à ╨ù╨░╨│╤Ç╤â╨╢╨╡╨╜╨╛ 3 ╨╝╨╛╨┤╨╡╨╗╨╡╨╣ ╨╝╨░╤ê╨╕╨╜

      at CarModels.loadAll (src/cars/CarModels.js:38:15)

    console.log
      Γ£à TrafficManager ╨╕╨╜╨╕╤å╨╕╨░╨╗╨╕╨╖╨╕╤Ç╨╛╨▓╨░╨╜

      at TrafficManager.init (src/traffic/traffic_manager.js:42:13)

    console.log
      ≡ƒ¢ú∩╕Å ╨¥╨░╤ç╨░╨╗╨╛ ╤ü╨╛╨╖╨┤╨░╨╜╨╕╤Å ╨┤╨╛╤Ç╨╛╨╢╨╜╨╛╨╣ ╤ü╨╡╤é╨╕...

      at createRoadNetwork (src/roads/road_system.js:13:11)

    console.log
      ≡ƒôì ╨ö╨╛╨▒╨░╨▓╨╗╨╡╨╜╨╕╨╡ 228 ╤â╨╖╨╗╨╛╨▓...

      at createRoadNetwork (src/roads/road_system.js:82:13)

    console.log
      Γ£à ╨ö╨╛╨▒╨░╨▓╨╗╨╡╨╜╨╛ 228 ╨▓╨░╨╗╨╕╨┤╨╜╤ï╤à ╤â╨╖╨╗╨╛╨▓

      at createRoadNetwork (src/roads/road_system.js:106:13)

    console.log
      ≡ƒ¢ú∩╕Å ╨í╨╛╨╖╨┤╨░╨╜╨╕╨╡ ╨┤╨╛╤Ç╨╛╨│...

      at createRoadNetwork (src/roads/road_system.js:116:13)

    console.log
      Γ£à ╨í╨╛╨╖╨┤╨░╨╜╨╛ 256 ╨▓╨░╨╗╨╕╨┤╨╜╤ï╤à ╨┤╨╛╤Ç╨╛╨│

      at createRoadNetwork (src/roads/road_system.js:174:13)

    console.log
      ≡ƒôè ╨ÿ╤é╨╛╨│╨╛╨▓╨░╤Å ╤ü╨╡╤é╤î: { nodes: 227, roads: 255, lanes: 510, avgConnections: '2.25' }

      at createRoadNetwork (src/roads/road_system.js:180:13)

    console.log
      Γ£à ╨ö╨╛╤Ç╨╛╨╢╨╜╨░╤Å ╤ü╨╡╤é╤î ╤ü╨╛╨╖╨┤╨░╨╜╨░ ╤â╤ü╨┐╨╡╤ê╨╜╨╛

      at createRoadNetwork (src/roads/road_system.js:286:13)

    console.log
      ≡ƒÜù TrafficManager ╤ü╨╛╨╖╨┤╨░╨╜

      at new TrafficManager (src/traffic/traffic_manager.js:22:13)

    console.log
      ≡ƒÜù ╨ÿ╨╜╨╕╤å╨╕╨░╨╗╨╕╨╖╨░╤å╨╕╤Å TrafficManager...

      at TrafficManager.init (src/traffic/traffic_manager.js:28:13)

    console.log
      ≡ƒôè ╨ö╨╛╤Ç╨╛╨╢╨╜╨░╤Å ╤ü╨╡╤é╤î: { nodes: 227, roads: 255, lanes: 510, avgConnections: '2.25' }

      at TrafficManager.init (src/traffic/traffic_manager.js:36:13)

    console.log
      ≡ƒôª ╨ù╨░╨│╤Ç╤â╨╖╨║╨░ ╨╝╨╛╨┤╨╡╨╗╨╡╨╣ ╨╝╨░╤ê╨╕╨╜...

      at CarModels.loadAll (src/cars/CarModels.js:28:13)

    console.log
      Γ£à ╨£╨╛╨┤╨╡╨╗╤î ╨╖╨░╨│╤Ç╤â╨╢╨╡╨╜╨░: Buggy.glb

      at src/cars/CarModels.js:50:19

    console.log
      Γ£à ╨£╨╛╨┤╨╡╨╗╤î ╨╖╨░╨│╤Ç╤â╨╢╨╡╨╜╨░: CesiumMilkTruck.glb

      at src/cars/CarModels.js:50:19

    console.log
      Γ£à ╨£╨╛╨┤╨╡╨╗╤î ╨╖╨░╨│╤Ç╤â╨╢╨╡╨╜╨░: Duck.glb

      at src/cars/CarModels.js:50:19

    console.log
      Γ£à ╨ù╨░╨│╤Ç╤â╨╢╨╡╨╜╨╛ 3 ╨╝╨╛╨┤╨╡╨╗╨╡╨╣ ╨╝╨░╤ê╨╕╨╜

      at CarModels.loadAll (src/cars/CarModels.js:38:15)

    console.log
      Γ£à TrafficManager ╨╕╨╜╨╕╤å╨╕╨░╨╗╨╕╨╖╨╕╤Ç╨╛╨▓╨░╨╜

      at TrafficManager.init (src/traffic/traffic_manager.js:42:13)

  ΓùÅ Traffic Flow Integration ΓÇ║ ╨ƒ╨╛╨╗╨╜╤ï╨╣ ╨╢╨╕╨╖╨╜╨╡╨╜╨╜╤ï╨╣ ╤å╨╕╨║╨╗ ╨╝╨░╤ê╨╕╨╜╤ï ΓÇ║ ╨£╨░╤ê╨╕╨╜╤ï ╨┤╨▓╨╕╨╢╤â╤é╤
ü╤Å ╨┐╨╛ ╨┤╨╛╤Ç╨╛╨│╨░╨╝

    TypeError: this.model.position.distanceTo is not a function

    [0m [90m 255 |[39m     [36mif[39m ([33m![39m[36mthis[39m[33m.[39misActive [33m||[39m [33m![39motherC
ar[33m.[39misActive) [36mreturn[39m [36mfalse[39m[33m;[39m
     [90m 256 |[39m     
    [31m[1m>[22m[39m[90m 257 |[39m     [36mconst[39m distance [33m=[39m [36mthis[39m[33m.[39mmodel[33m.
[39mposition[33m.[39mdistanceTo(otherCar[33m.[39mmodel[33m.[39mposition)[33m;[39m
     [90m     |[39m                                          [31m[1m^[22m[39m
     [90m 258 |[39m     [36mconst[39m minDistance [33m=[39m [35m0.15[39m[33m;[39m
     [90m 259 |[39m     
     [90m 260 |[39m     [36mreturn[39m distance [33m<[39m minDistance[33m;[39m[0m

      at Car.checkCollision (src/cars/Car.js:257:42)
      at TrafficManager.update (src/traffic/traffic_manager.js:185:41)
      at Object.<anonymous> (tests/integration/traffic_flow.test.js:53:19)

  ΓùÅ Traffic Flow Integration ΓÇ║ ╨ƒ╨╛╨╗╨╜╤ï╨╣ ╨╢╨╕╨╖╨╜╨╡╨╜╨╜╤ï╨╣ ╤å╨╕╨║╨╗ ╨╝╨░╤ê╨╕╨╜╤ï ΓÇ║ ╨£╨░╤ê╨╕╨╜╤ï ╨┐╨╡╤Ç╨╡╤à╨╛╨
┤╤Å╤é ╨╜╨░ ╤ü╨╗╨╡╨┤╤â╤Ä╤ë╨╕╨╣ ╤ü╨╡╨│╨╝╨╡╨╜╤é ╨┐╤â╤é╨╕

    TypeError: this.model.position.distanceTo is not a function

    [0m [90m 255 |[39m     [36mif[39m ([33m![39m[36mthis[39m[33m.[39misActive [33m||[39m [33m![39motherC
ar[33m.[39misActive) [36mreturn[39m [36mfalse[39m[33m;[39m
     [90m 256 |[39m     
    [31m[1m>[22m[39m[90m 257 |[39m     [36mconst[39m distance [33m=[39m [36mthis[39m[33m.[39mmodel[33m.
[39mposition[33m.[39mdistanceTo(otherCar[33m.[39mmodel[33m.[39mposition)[33m;[39m
     [90m     |[39m                                          [31m[1m^[22m[39m
     [90m 258 |[39m     [36mconst[39m minDistance [33m=[39m [35m0.15[39m[33m;[39m
     [90m 259 |[39m     
     [90m 260 |[39m     [36mreturn[39m distance [33m<[39m minDistance[33m;[39m[0m

      at Car.checkCollision (src/cars/Car.js:257:42)
      at TrafficManager.update (src/traffic/traffic_manager.js:185:41)
      at Object.<anonymous> (tests/integration/traffic_flow.test.js:90:19)

Test Suites: 1 failed, 4 passed, 5 total
Tests:       2 failed, 155 passed, 157 total
Snapshots:   0 total
Time:        10.551 s
Ran all test suites.
